../Core/Src/main.c:57:6:spi_active_slave	16	static
../Core/Src/main.c:64:6:spi_inactive_slave	16	static
../Core/Src/main.c:93:6:spi_init	40	static
../Core/Src/main.c:119:6:spi_read_data	32	static
../Core/Src/main.c:149:6:spi_write_data	32	static
../Core/Src/main.c:180:9:read_axis	24	static
../Core/Src/main.c:186:6:read_gyro_xyz	24	static
../Core/Src/main.c:259:5:main	8	static
../Core/Src/main.c:314:6:SystemClock_Config	88	static
../Core/Src/main.c:356:13:MX_GPIO_Init	40	static
../Core/Src/main.c:388:6:Error_Handler	4	static,ignoring_inline_asm
