16:52:52 **** Incremental Build of configuration Debug for project I2C ****
make -j12 all 
arm-none-eabi-gcc "../Core/Src/main.c" -mcpu=cortex-m4 -std=gnu11 -g3 -DDEBUG -DUSE_HAL_DRIVER -DSTM32F411xE -c -I../Core/Inc -I../Drivers/STM32F4xx_HAL_Driver/Inc -I../Drivers/STM32F4xx_HAL_Driver/Inc/Legacy -I../Drivers/CMSIS/Device/ST/STM32F4xx/Include -I../Drivers/CMSIS/Include -O0 -ffunction-sections -fdata-sections -Wall -fstack-usage -fcyclomatic-complexity -MMD -MP -MF"Core/Src/main.d" -MT"Core/Src/main.o" --specs=nano.specs -mfpu=fpv4-sp-d16 -mfloat-abi=hard -mthumb -o "Core/Src/main.o"
../Core/Src/main.c: In function 'SPI_Write':
../Core/Src/main.c:85:17: warning: variable 'temp' set but not used [-Wunused-but-set-variable]
   85 |         uint8_t temp = 0;
      |                 ^~~~
../Core/Src/main.c: In function 'I2C1_LSM303_ReadID':
../Core/Src/main.c:271:17: warning: unused variable 'data' [-Wunused-variable]
  271 |         uint8_t data = *DR;
      |                 ^~~~
../Core/Src/main.c:253:18: warning: variable 'temp' set but not used [-Wunused-but-set-variable]
  253 |         uint32_t temp = *SR2;
      |                  ^~~~
../Core/Src/main.c: In function 'main':
../Core/Src/main.c:310:11: warning: unused variable 'id' [-Wunused-variable]
  310 |   uint8_t id = LSM303_Read_ID();
      |           ^~
arm-none-eabi-gcc -o "I2C.elf" @"objects.list"   -mcpu=cortex-m4 -T"E:\Tech\Embedded\STM32_REGISTOR\STM32F411_Workspace1\I2C\STM32F411VETX_FLASH.ld" --specs=nosys.specs -Wl,-Map="I2C.map" -Wl,--gc-sections -static --specs=nano.specs -mfpu=fpv4-sp-d16 -mfloat-abi=hard -mthumb -Wl,--start-group -lc -lm -Wl,--end-group
Finished building target: I2C.elf
 
arm-none-eabi-size  I2C.elf 
arm-none-eabi-objdump -h -S I2C.elf  > "I2C.list"
   text	   data	    bss	    dec	    hex	filename
   6308	     12	   1580	   7900	   1edc	I2C.elf
Finished building: default.size.stdout
 
Finished building: I2C.list
 
16:52:55 **** Incremental Build of configuration Debug for project I2C ****
make -j12 all 
arm-none-eabi-size  I2C.elf 
   text	   data	    bss	    dec	    hex	filename
   6308	     12	   1580	   7900	   1edc	I2C.elf
Finished building: default.size.stdout
 
