../Core/Src/main.c:73:6:leds_init	24	static
../Core/Src/main.c:87:6:led_controls	24	static
../Core/Src/main.c:96:6:tim1_init	32	static
../Core/Src/main.c:120:6:TIM1_UP_TIM10_IRQHandler	16	static
../Core/Src/main.c:127:6:tim1_delay_1sec	16	static
../Core/Src/main.c:134:6:tim1_delay	24	static
../Core/Src/main.c:145:5:main	8	static
../Core/Src/main.c:194:6:SystemClock_Config	88	static
../Core/Src/main.c:236:13:MX_GPIO_Init	16	static
../Core/Src/main.c:257:6:Error_Handler	4	static,ignoring_inline_asm
