Archive member included to satisfy reference by file (symbol)

c:/program files (x86)/arm gnu toolchain arm-none-eabi/12.3 rel1/bin/../lib/gcc/arm-none-eabi/12.3.1\libgcc.a(_arm_addsubdf3.o)
                              build\ADC.o (__aeabi_dadd)
c:/program files (x86)/arm gnu toolchain arm-none-eabi/12.3 rel1/bin/../lib/gcc/arm-none-eabi/12.3.1\libgcc.a(_arm_muldivdf3.o)
                              build\ADC.o (__aeabi_ddiv)
c:/program files (x86)/arm gnu toolchain arm-none-eabi/12.3 rel1/bin/../lib/gcc/arm-none-eabi/12.3.1\libgcc.a(_arm_truncdfsf2.o)
                              build\ADC.o (__aeabi_d2f)
c:/program files (x86)/arm gnu toolchain arm-none-eabi/12.3 rel1/bin/../lib/gcc/arm-none-eabi/12.3.1\libgcc.a(_arm_addsubsf3.o)
                              build\ADC.o (__aeabi_fsub)
c:/program files (x86)/arm gnu toolchain arm-none-eabi/12.3 rel1/bin/../lib/gcc/arm-none-eabi/12.3.1\libc.a(libc_a-exit.o)
                              c:/program files (x86)/arm gnu toolchain arm-none-eabi/12.3 rel1/bin/../lib/gcc/arm-none-eabi/12.3.1/crt0.o (exit)
c:/program files (x86)/arm gnu toolchain arm-none-eabi/12.3 rel1/bin/../lib/gcc/arm-none-eabi/12.3.1\libc.a(libc_a-findfp.o)
                              c:/program files (x86)/arm gnu toolchain arm-none-eabi/12.3 rel1/bin/../lib/gcc/arm-none-eabi/12.3.1\libc.a(libc_a-exit.o) (__stdio_exit_handler)
c:/program files (x86)/arm gnu toolchain arm-none-eabi/12.3 rel1/bin/../lib/gcc/arm-none-eabi/12.3.1\libc.a(libc_a-fwalk.o)
                              c:/program files (x86)/arm gnu toolchain arm-none-eabi/12.3 rel1/bin/../lib/gcc/arm-none-eabi/12.3.1\libc.a(libc_a-findfp.o) (_fwalk_sglue)
c:/program files (x86)/arm gnu toolchain arm-none-eabi/12.3 rel1/bin/../lib/gcc/arm-none-eabi/12.3.1\libc.a(libc_a-stdio.o)
                              c:/program files (x86)/arm gnu toolchain arm-none-eabi/12.3 rel1/bin/../lib/gcc/arm-none-eabi/12.3.1\libc.a(libc_a-findfp.o) (__sread)
c:/program files (x86)/arm gnu toolchain arm-none-eabi/12.3 rel1/bin/../lib/gcc/arm-none-eabi/12.3.1\libc.a(libc_a-memset.o)
                              c:/program files (x86)/arm gnu toolchain arm-none-eabi/12.3 rel1/bin/../lib/gcc/arm-none-eabi/12.3.1/crt0.o (memset)
c:/program files (x86)/arm gnu toolchain arm-none-eabi/12.3 rel1/bin/../lib/gcc/arm-none-eabi/12.3.1\libc.a(libc_a-closer.o)
                              c:/program files (x86)/arm gnu toolchain arm-none-eabi/12.3 rel1/bin/../lib/gcc/arm-none-eabi/12.3.1\libc.a(libc_a-stdio.o) (_close_r)
c:/program files (x86)/arm gnu toolchain arm-none-eabi/12.3 rel1/bin/../lib/gcc/arm-none-eabi/12.3.1\libc.a(libc_a-reent.o)
                              c:/program files (x86)/arm gnu toolchain arm-none-eabi/12.3 rel1/bin/../lib/gcc/arm-none-eabi/12.3.1\libc.a(libc_a-closer.o) (errno)
c:/program files (x86)/arm gnu toolchain arm-none-eabi/12.3 rel1/bin/../lib/gcc/arm-none-eabi/12.3.1\libc.a(libc_a-impure.o)
                              c:/program files (x86)/arm gnu toolchain arm-none-eabi/12.3 rel1/bin/../lib/gcc/arm-none-eabi/12.3.1\libc.a(libc_a-reent.o) (_impure_ptr)
c:/program files (x86)/arm gnu toolchain arm-none-eabi/12.3 rel1/bin/../lib/gcc/arm-none-eabi/12.3.1\libc.a(libc_a-lseekr.o)
                              c:/program files (x86)/arm gnu toolchain arm-none-eabi/12.3 rel1/bin/../lib/gcc/arm-none-eabi/12.3.1\libc.a(libc_a-stdio.o) (_lseek_r)
c:/program files (x86)/arm gnu toolchain arm-none-eabi/12.3 rel1/bin/../lib/gcc/arm-none-eabi/12.3.1\libc.a(libc_a-readr.o)
                              c:/program files (x86)/arm gnu toolchain arm-none-eabi/12.3 rel1/bin/../lib/gcc/arm-none-eabi/12.3.1\libc.a(libc_a-stdio.o) (_read_r)
c:/program files (x86)/arm gnu toolchain arm-none-eabi/12.3 rel1/bin/../lib/gcc/arm-none-eabi/12.3.1\libc.a(libc_a-writer.o)
                              c:/program files (x86)/arm gnu toolchain arm-none-eabi/12.3 rel1/bin/../lib/gcc/arm-none-eabi/12.3.1\libc.a(libc_a-stdio.o) (_write_r)
c:/program files (x86)/arm gnu toolchain arm-none-eabi/12.3 rel1/bin/../lib/gcc/arm-none-eabi/12.3.1\libc.a(libc_a-init.o)
                              c:/program files (x86)/arm gnu toolchain arm-none-eabi/12.3 rel1/bin/../lib/gcc/arm-none-eabi/12.3.1/crt0.o (__libc_init_array)
c:/program files (x86)/arm gnu toolchain arm-none-eabi/12.3 rel1/bin/../lib/gcc/arm-none-eabi/12.3.1\libc.a(libc_a-lock.o)
                              c:/program files (x86)/arm gnu toolchain arm-none-eabi/12.3 rel1/bin/../lib/gcc/arm-none-eabi/12.3.1\libc.a(libc_a-findfp.o) (__retarget_lock_init_recursive)
c:/program files (x86)/arm gnu toolchain arm-none-eabi/12.3 rel1/bin/../lib/gcc/arm-none-eabi/12.3.1\libc.a(libc_a-__call_atexit.o)
                              c:/program files (x86)/arm gnu toolchain arm-none-eabi/12.3 rel1/bin/../lib/gcc/arm-none-eabi/12.3.1\libc.a(libc_a-exit.o) (__call_exitprocs)
c:/program files (x86)/arm gnu toolchain arm-none-eabi/12.3 rel1/bin/../lib/gcc/arm-none-eabi/12.3.1\libc.a(libc_a-atexit.o)
                              c:/program files (x86)/arm gnu toolchain arm-none-eabi/12.3 rel1/bin/../lib/gcc/arm-none-eabi/12.3.1\libc.a(libc_a-__call_atexit.o) (atexit)
c:/program files (x86)/arm gnu toolchain arm-none-eabi/12.3 rel1/bin/../lib/gcc/arm-none-eabi/12.3.1\libc.a(libc_a-freer.o)
                              c:/program files (x86)/arm gnu toolchain arm-none-eabi/12.3 rel1/bin/../lib/gcc/arm-none-eabi/12.3.1\libc.a(libc_a-reent.o) (_free_r)
c:/program files (x86)/arm gnu toolchain arm-none-eabi/12.3 rel1/bin/../lib/gcc/arm-none-eabi/12.3.1\libc.a(libc_a-mallocr.o)
                              c:/program files (x86)/arm gnu toolchain arm-none-eabi/12.3 rel1/bin/../lib/gcc/arm-none-eabi/12.3.1\libc.a(libc_a-findfp.o) (_malloc_r)
c:/program files (x86)/arm gnu toolchain arm-none-eabi/12.3 rel1/bin/../lib/gcc/arm-none-eabi/12.3.1\libc.a(libc_a-mlock.o)
                              c:/program files (x86)/arm gnu toolchain arm-none-eabi/12.3 rel1/bin/../lib/gcc/arm-none-eabi/12.3.1\libc.a(libc_a-freer.o) (__malloc_lock)
c:/program files (x86)/arm gnu toolchain arm-none-eabi/12.3 rel1/bin/../lib/gcc/arm-none-eabi/12.3.1\libc.a(libc_a-fclose.o)
                              c:/program files (x86)/arm gnu toolchain arm-none-eabi/12.3 rel1/bin/../lib/gcc/arm-none-eabi/12.3.1\libc.a(libc_a-findfp.o) (_fclose_r)
c:/program files (x86)/arm gnu toolchain arm-none-eabi/12.3 rel1/bin/../lib/gcc/arm-none-eabi/12.3.1\libc.a(libc_a-fflush.o)
                              c:/program files (x86)/arm gnu toolchain arm-none-eabi/12.3 rel1/bin/../lib/gcc/arm-none-eabi/12.3.1\libc.a(libc_a-fclose.o) (__sflush_r)
c:/program files (x86)/arm gnu toolchain arm-none-eabi/12.3 rel1/bin/../lib/gcc/arm-none-eabi/12.3.1\libc.a(libc_a-sbrkr.o)
                              c:/program files (x86)/arm gnu toolchain arm-none-eabi/12.3 rel1/bin/../lib/gcc/arm-none-eabi/12.3.1\libc.a(libc_a-freer.o) (_sbrk_r)
c:/program files (x86)/arm gnu toolchain arm-none-eabi/12.3 rel1/bin/../lib/gcc/arm-none-eabi/12.3.1\libc.a(libc_a-fini.o)
                              c:/program files (x86)/arm gnu toolchain arm-none-eabi/12.3 rel1/bin/../lib/gcc/arm-none-eabi/12.3.1\libc.a(libc_a-__call_atexit.o) (__libc_fini_array)
c:/program files (x86)/arm gnu toolchain arm-none-eabi/12.3 rel1/bin/../lib/gcc/arm-none-eabi/12.3.1\libc.a(libc_a-sysconf.o)
                              c:/program files (x86)/arm gnu toolchain arm-none-eabi/12.3 rel1/bin/../lib/gcc/arm-none-eabi/12.3.1\libc.a(libc_a-freer.o) (sysconf)
c:/program files (x86)/arm gnu toolchain arm-none-eabi/12.3 rel1/bin/../lib/gcc/arm-none-eabi/12.3.1\libc.a(libc_a-__atexit.o)
                              c:/program files (x86)/arm gnu toolchain arm-none-eabi/12.3 rel1/bin/../lib/gcc/arm-none-eabi/12.3.1\libc.a(libc_a-atexit.o) (__register_exitproc)
c:/program files (x86)/arm gnu toolchain arm-none-eabi/12.3 rel1/bin/../lib/gcc/arm-none-eabi/12.3.1\libc.a(libc_a-errno.o)
                              c:/program files (x86)/arm gnu toolchain arm-none-eabi/12.3 rel1/bin/../lib/gcc/arm-none-eabi/12.3.1\libc.a(libc_a-sysconf.o) (__errno)
c:/program files (x86)/arm gnu toolchain arm-none-eabi/12.3 rel1/bin/../lib/gcc/arm-none-eabi/12.3.1\libgcc.a(_udivsi3.o)
                              c:/program files (x86)/arm gnu toolchain arm-none-eabi/12.3 rel1/bin/../lib/gcc/arm-none-eabi/12.3.1\libc.a(libc_a-freer.o) (__aeabi_uidiv)
c:/program files (x86)/arm gnu toolchain arm-none-eabi/12.3 rel1/bin/../lib/gcc/arm-none-eabi/12.3.1\libgcc.a(_dvmd_tls.o)
                              c:/program files (x86)/arm gnu toolchain arm-none-eabi/12.3 rel1/bin/../lib/gcc/arm-none-eabi/12.3.1\libgcc.a(_udivsi3.o) (__aeabi_idiv0)

Discarded input sections

 .text          0x00000000        0x0 c:/program files (x86)/arm gnu toolchain arm-none-eabi/12.3 rel1/bin/../lib/gcc/arm-none-eabi/12.3.1/crti.o
 .data          0x00000000        0x0 c:/program files (x86)/arm gnu toolchain arm-none-eabi/12.3 rel1/bin/../lib/gcc/arm-none-eabi/12.3.1/crti.o
 .bss           0x00000000        0x0 c:/program files (x86)/arm gnu toolchain arm-none-eabi/12.3 rel1/bin/../lib/gcc/arm-none-eabi/12.3.1/crti.o
 .text          0x00000000        0x0 c:/program files (x86)/arm gnu toolchain arm-none-eabi/12.3 rel1/bin/../lib/gcc/arm-none-eabi/12.3.1/crtbegin.o
 .data          0x00000000        0x0 c:/program files (x86)/arm gnu toolchain arm-none-eabi/12.3 rel1/bin/../lib/gcc/arm-none-eabi/12.3.1/crtbegin.o
 .bss           0x00000000        0x0 c:/program files (x86)/arm gnu toolchain arm-none-eabi/12.3 rel1/bin/../lib/gcc/arm-none-eabi/12.3.1/crtbegin.o
 .rodata.all_implied_fbits
                0x00000000       0x24 c:/program files (x86)/arm gnu toolchain arm-none-eabi/12.3 rel1/bin/../lib/gcc/arm-none-eabi/12.3.1/crtbegin.o
 .data.__dso_handle
                0x00000000        0x4 c:/program files (x86)/arm gnu toolchain arm-none-eabi/12.3 rel1/bin/../lib/gcc/arm-none-eabi/12.3.1/crtbegin.o
 .text          0x00000000      0x140 c:/program files (x86)/arm gnu toolchain arm-none-eabi/12.3 rel1/bin/../lib/gcc/arm-none-eabi/12.3.1/crt0.o
 .data          0x00000000        0x0 c:/program files (x86)/arm gnu toolchain arm-none-eabi/12.3 rel1/bin/../lib/gcc/arm-none-eabi/12.3.1/crt0.o
 .bss           0x00000000        0x0 c:/program files (x86)/arm gnu toolchain arm-none-eabi/12.3 rel1/bin/../lib/gcc/arm-none-eabi/12.3.1/crt0.o
 .ARM.extab     0x00000000        0x0 c:/program files (x86)/arm gnu toolchain arm-none-eabi/12.3 rel1/bin/../lib/gcc/arm-none-eabi/12.3.1/crt0.o
 .ARM.exidx     0x00000000       0x10 c:/program files (x86)/arm gnu toolchain arm-none-eabi/12.3 rel1/bin/../lib/gcc/arm-none-eabi/12.3.1/crt0.o
 .debug_line_str
                0x00000000       0xc2 c:/program files (x86)/arm gnu toolchain arm-none-eabi/12.3 rel1/bin/../lib/gcc/arm-none-eabi/12.3.1/crt0.o
 .ARM.attributes
                0x00000000       0x1a c:/program files (x86)/arm gnu toolchain arm-none-eabi/12.3 rel1/bin/../lib/gcc/arm-none-eabi/12.3.1/crt0.o
 .text          0x00000000      0x20c build\ADC.o
 .data          0x00000000        0x0 build\ADC.o
 .bss           0x00000000        0x0 build\ADC.o
 .comment       0x00000000       0x46 build\ADC.o
 .ARM.attributes
                0x00000000       0x2e build\ADC.o
 .text          0x00000000      0x144 build\capture.o
 .data          0x00000000        0x0 build\capture.o
 .bss           0x00000000        0x0 build\capture.o
 .comment       0x00000000       0x46 build\capture.o
 .ARM.attributes
                0x00000000       0x2e build\capture.o
 .data          0x00000000        0x0 build\clock.o
 .bss           0x00000000        0x0 build\clock.o
 .data          0x00000000        0x0 build\Delay.o
 .data          0x00000000        0x0 build\Led.o
 .bss           0x00000000        0x0 build\Led.o
 .text          0x00000000      0x108 build\pwm.o
 .data          0x00000000        0x0 build\pwm.o
 .bss           0x00000000        0x0 build\pwm.o
 .comment       0x00000000       0x46 build\pwm.o
 .ARM.attributes
                0x00000000       0x2e build\pwm.o
 .data          0x00000000        0x0 build\main.o
 .bss           0x00000000        0x0 build\main.o
 .text          0x00000000       0x14 build\startup.o
 .data          0x00000000        0x0 build\startup.o
 .bss           0x00000000        0x0 build\startup.o
 .data          0x00000000        0x0 build\low_power.o
 .bss           0x00000000        0x0 build\low_power.o
 .text          0x00000000      0x424 c:/program files (x86)/arm gnu toolchain arm-none-eabi/12.3 rel1/bin/../lib/gcc/arm-none-eabi/12.3.1\libgcc.a(_arm_addsubdf3.o)
 .data          0x00000000        0x0 c:/program files (x86)/arm gnu toolchain arm-none-eabi/12.3 rel1/bin/../lib/gcc/arm-none-eabi/12.3.1\libgcc.a(_arm_addsubdf3.o)
 .bss           0x00000000        0x0 c:/program files (x86)/arm gnu toolchain arm-none-eabi/12.3 rel1/bin/../lib/gcc/arm-none-eabi/12.3.1\libgcc.a(_arm_addsubdf3.o)
 .debug_line_str
                0x00000000       0xba c:/program files (x86)/arm gnu toolchain arm-none-eabi/12.3 rel1/bin/../lib/gcc/arm-none-eabi/12.3.1\libgcc.a(_arm_addsubdf3.o)
 .debug_frame   0x00000000       0xac c:/program files (x86)/arm gnu toolchain arm-none-eabi/12.3 rel1/bin/../lib/gcc/arm-none-eabi/12.3.1\libgcc.a(_arm_addsubdf3.o)
 .ARM.attributes
                0x00000000       0x1c c:/program files (x86)/arm gnu toolchain arm-none-eabi/12.3 rel1/bin/../lib/gcc/arm-none-eabi/12.3.1\libgcc.a(_arm_addsubdf3.o)
 .text          0x00000000      0x49c c:/program files (x86)/arm gnu toolchain arm-none-eabi/12.3 rel1/bin/../lib/gcc/arm-none-eabi/12.3.1\libgcc.a(_arm_muldivdf3.o)
 .data          0x00000000        0x0 c:/program files (x86)/arm gnu toolchain arm-none-eabi/12.3 rel1/bin/../lib/gcc/arm-none-eabi/12.3.1\libgcc.a(_arm_muldivdf3.o)
 .bss           0x00000000        0x0 c:/program files (x86)/arm gnu toolchain arm-none-eabi/12.3 rel1/bin/../lib/gcc/arm-none-eabi/12.3.1\libgcc.a(_arm_muldivdf3.o)
 .debug_line_str
                0x00000000       0xba c:/program files (x86)/arm gnu toolchain arm-none-eabi/12.3 rel1/bin/../lib/gcc/arm-none-eabi/12.3.1\libgcc.a(_arm_muldivdf3.o)
 .debug_frame   0x00000000       0x50 c:/program files (x86)/arm gnu toolchain arm-none-eabi/12.3 rel1/bin/../lib/gcc/arm-none-eabi/12.3.1\libgcc.a(_arm_muldivdf3.o)
 .ARM.attributes
                0x00000000       0x1c c:/program files (x86)/arm gnu toolchain arm-none-eabi/12.3 rel1/bin/../lib/gcc/arm-none-eabi/12.3.1\libgcc.a(_arm_muldivdf3.o)
 .text          0x00000000       0xa0 c:/program files (x86)/arm gnu toolchain arm-none-eabi/12.3 rel1/bin/../lib/gcc/arm-none-eabi/12.3.1\libgcc.a(_arm_truncdfsf2.o)
 .data          0x00000000        0x0 c:/program files (x86)/arm gnu toolchain arm-none-eabi/12.3 rel1/bin/../lib/gcc/arm-none-eabi/12.3.1\libgcc.a(_arm_truncdfsf2.o)
 .bss           0x00000000        0x0 c:/program files (x86)/arm gnu toolchain arm-none-eabi/12.3 rel1/bin/../lib/gcc/arm-none-eabi/12.3.1\libgcc.a(_arm_truncdfsf2.o)
 .debug_line_str
                0x00000000       0xba c:/program files (x86)/arm gnu toolchain arm-none-eabi/12.3 rel1/bin/../lib/gcc/arm-none-eabi/12.3.1\libgcc.a(_arm_truncdfsf2.o)
 .debug_frame   0x00000000       0x24 c:/program files (x86)/arm gnu toolchain arm-none-eabi/12.3 rel1/bin/../lib/gcc/arm-none-eabi/12.3.1\libgcc.a(_arm_truncdfsf2.o)
 .ARM.attributes
                0x00000000       0x1c c:/program files (x86)/arm gnu toolchain arm-none-eabi/12.3 rel1/bin/../lib/gcc/arm-none-eabi/12.3.1\libgcc.a(_arm_truncdfsf2.o)
 .text          0x00000000      0x2ac c:/program files (x86)/arm gnu toolchain arm-none-eabi/12.3 rel1/bin/../lib/gcc/arm-none-eabi/12.3.1\libgcc.a(_arm_addsubsf3.o)
 .data          0x00000000        0x0 c:/program files (x86)/arm gnu toolchain arm-none-eabi/12.3 rel1/bin/../lib/gcc/arm-none-eabi/12.3.1\libgcc.a(_arm_addsubsf3.o)
 .bss           0x00000000        0x0 c:/program files (x86)/arm gnu toolchain arm-none-eabi/12.3 rel1/bin/../lib/gcc/arm-none-eabi/12.3.1\libgcc.a(_arm_addsubsf3.o)
 .debug_line_str
                0x00000000       0xba c:/program files (x86)/arm gnu toolchain arm-none-eabi/12.3 rel1/bin/../lib/gcc/arm-none-eabi/12.3.1\libgcc.a(_arm_addsubsf3.o)
 .debug_frame   0x00000000       0x4c c:/program files (x86)/arm gnu toolchain arm-none-eabi/12.3 rel1/bin/../lib/gcc/arm-none-eabi/12.3.1\libgcc.a(_arm_addsubsf3.o)
 .ARM.attributes
                0x00000000       0x1c c:/program files (x86)/arm gnu toolchain arm-none-eabi/12.3 rel1/bin/../lib/gcc/arm-none-eabi/12.3.1\libgcc.a(_arm_addsubsf3.o)
 .text          0x00000000        0x0 c:/program files (x86)/arm gnu toolchain arm-none-eabi/12.3 rel1/bin/../lib/gcc/arm-none-eabi/12.3.1\libc.a(libc_a-exit.o)
 .data          0x00000000        0x0 c:/program files (x86)/arm gnu toolchain arm-none-eabi/12.3 rel1/bin/../lib/gcc/arm-none-eabi/12.3.1\libc.a(libc_a-exit.o)
 .bss           0x00000000        0x0 c:/program files (x86)/arm gnu toolchain arm-none-eabi/12.3 rel1/bin/../lib/gcc/arm-none-eabi/12.3.1\libc.a(libc_a-exit.o)
 .text.exit     0x00000000       0x30 c:/program files (x86)/arm gnu toolchain arm-none-eabi/12.3 rel1/bin/../lib/gcc/arm-none-eabi/12.3.1\libc.a(libc_a-exit.o)
 .debug_frame   0x00000000       0x28 c:/program files (x86)/arm gnu toolchain arm-none-eabi/12.3 rel1/bin/../lib/gcc/arm-none-eabi/12.3.1\libc.a(libc_a-exit.o)
 .ARM.attributes
                0x00000000       0x2a c:/program files (x86)/arm gnu toolchain arm-none-eabi/12.3 rel1/bin/../lib/gcc/arm-none-eabi/12.3.1\libc.a(libc_a-exit.o)
 .text          0x00000000        0x0 c:/program files (x86)/arm gnu toolchain arm-none-eabi/12.3 rel1/bin/../lib/gcc/arm-none-eabi/12.3.1\libc.a(libc_a-findfp.o)
 .data          0x00000000        0x0 c:/program files (x86)/arm gnu toolchain arm-none-eabi/12.3 rel1/bin/../lib/gcc/arm-none-eabi/12.3.1\libc.a(libc_a-findfp.o)
 .bss           0x00000000        0x0 c:/program files (x86)/arm gnu toolchain arm-none-eabi/12.3 rel1/bin/../lib/gcc/arm-none-eabi/12.3.1\libc.a(libc_a-findfp.o)
 .text.stdio_exit_handler
                0x00000000       0x28 c:/program files (x86)/arm gnu toolchain arm-none-eabi/12.3 rel1/bin/../lib/gcc/arm-none-eabi/12.3.1\libc.a(libc_a-findfp.o)
 .text.cleanup_stdio
                0x00000000       0x54 c:/program files (x86)/arm gnu toolchain arm-none-eabi/12.3 rel1/bin/../lib/gcc/arm-none-eabi/12.3.1\libc.a(libc_a-findfp.o)
 .text.__fp_lock
                0x00000000       0x38 c:/program files (x86)/arm gnu toolchain arm-none-eabi/12.3 rel1/bin/../lib/gcc/arm-none-eabi/12.3.1\libc.a(libc_a-findfp.o)
 .text.__fp_unlock
                0x00000000       0x38 c:/program files (x86)/arm gnu toolchain arm-none-eabi/12.3 rel1/bin/../lib/gcc/arm-none-eabi/12.3.1\libc.a(libc_a-findfp.o)
 .text.global_stdio_init.part.0
                0x00000000      0x14c c:/program files (x86)/arm gnu toolchain arm-none-eabi/12.3 rel1/bin/../lib/gcc/arm-none-eabi/12.3.1\libc.a(libc_a-findfp.o)
 .text.__sfp    0x00000000      0x134 c:/program files (x86)/arm gnu toolchain arm-none-eabi/12.3 rel1/bin/../lib/gcc/arm-none-eabi/12.3.1\libc.a(libc_a-findfp.o)
 .text.__sinit  0x00000000       0x64 c:/program files (x86)/arm gnu toolchain arm-none-eabi/12.3 rel1/bin/../lib/gcc/arm-none-eabi/12.3.1\libc.a(libc_a-findfp.o)
 .text.__sfp_lock_acquire
                0x00000000       0x18 c:/program files (x86)/arm gnu toolchain arm-none-eabi/12.3 rel1/bin/../lib/gcc/arm-none-eabi/12.3.1\libc.a(libc_a-findfp.o)
 .text.__sfp_lock_release
                0x00000000       0x18 c:/program files (x86)/arm gnu toolchain arm-none-eabi/12.3 rel1/bin/../lib/gcc/arm-none-eabi/12.3.1\libc.a(libc_a-findfp.o)
 .text.__fp_lock_all
                0x00000000       0x30 c:/program files (x86)/arm gnu toolchain arm-none-eabi/12.3 rel1/bin/../lib/gcc/arm-none-eabi/12.3.1\libc.a(libc_a-findfp.o)
 .text.__fp_unlock_all
                0x00000000       0x30 c:/program files (x86)/arm gnu toolchain arm-none-eabi/12.3 rel1/bin/../lib/gcc/arm-none-eabi/12.3.1\libc.a(libc_a-findfp.o)
 .data.__sglue  0x00000000        0xc c:/program files (x86)/arm gnu toolchain arm-none-eabi/12.3 rel1/bin/../lib/gcc/arm-none-eabi/12.3.1\libc.a(libc_a-findfp.o)
 .bss.__sf      0x00000000      0x138 c:/program files (x86)/arm gnu toolchain arm-none-eabi/12.3 rel1/bin/../lib/gcc/arm-none-eabi/12.3.1\libc.a(libc_a-findfp.o)
 .bss.__stdio_exit_handler
                0x00000000        0x4 c:/program files (x86)/arm gnu toolchain arm-none-eabi/12.3 rel1/bin/../lib/gcc/arm-none-eabi/12.3.1\libc.a(libc_a-findfp.o)
 .debug_frame   0x00000000      0x170 c:/program files (x86)/arm gnu toolchain arm-none-eabi/12.3 rel1/bin/../lib/gcc/arm-none-eabi/12.3.1\libc.a(libc_a-findfp.o)
 .ARM.attributes
                0x00000000       0x2a c:/program files (x86)/arm gnu toolchain arm-none-eabi/12.3 rel1/bin/../lib/gcc/arm-none-eabi/12.3.1\libc.a(libc_a-findfp.o)
 .text          0x00000000        0x0 c:/program files (x86)/arm gnu toolchain arm-none-eabi/12.3 rel1/bin/../lib/gcc/arm-none-eabi/12.3.1\libc.a(libc_a-fwalk.o)
 .data          0x00000000        0x0 c:/program files (x86)/arm gnu toolchain arm-none-eabi/12.3 rel1/bin/../lib/gcc/arm-none-eabi/12.3.1\libc.a(libc_a-fwalk.o)
 .bss           0x00000000        0x0 c:/program files (x86)/arm gnu toolchain arm-none-eabi/12.3 rel1/bin/../lib/gcc/arm-none-eabi/12.3.1\libc.a(libc_a-fwalk.o)
 .text._fwalk_sglue
                0x00000000       0x78 c:/program files (x86)/arm gnu toolchain arm-none-eabi/12.3 rel1/bin/../lib/gcc/arm-none-eabi/12.3.1\libc.a(libc_a-fwalk.o)
 .debug_frame   0x00000000       0x40 c:/program files (x86)/arm gnu toolchain arm-none-eabi/12.3 rel1/bin/../lib/gcc/arm-none-eabi/12.3.1\libc.a(libc_a-fwalk.o)
 .ARM.attributes
                0x00000000       0x2a c:/program files (x86)/arm gnu toolchain arm-none-eabi/12.3 rel1/bin/../lib/gcc/arm-none-eabi/12.3.1\libc.a(libc_a-fwalk.o)
 .text          0x00000000        0x0 c:/program files (x86)/arm gnu toolchain arm-none-eabi/12.3 rel1/bin/../lib/gcc/arm-none-eabi/12.3.1\libc.a(libc_a-stdio.o)
 .data          0x00000000        0x0 c:/program files (x86)/arm gnu toolchain arm-none-eabi/12.3 rel1/bin/../lib/gcc/arm-none-eabi/12.3.1\libc.a(libc_a-stdio.o)
 .bss           0x00000000        0x0 c:/program files (x86)/arm gnu toolchain arm-none-eabi/12.3 rel1/bin/../lib/gcc/arm-none-eabi/12.3.1\libc.a(libc_a-stdio.o)
 .text.__sread  0x00000000       0x34 c:/program files (x86)/arm gnu toolchain arm-none-eabi/12.3 rel1/bin/../lib/gcc/arm-none-eabi/12.3.1\libc.a(libc_a-stdio.o)
 .text.__seofread
                0x00000000        0x8 c:/program files (x86)/arm gnu toolchain arm-none-eabi/12.3 rel1/bin/../lib/gcc/arm-none-eabi/12.3.1\libc.a(libc_a-stdio.o)
 .text.__swrite
                0x00000000       0x5c c:/program files (x86)/arm gnu toolchain arm-none-eabi/12.3 rel1/bin/../lib/gcc/arm-none-eabi/12.3.1\libc.a(libc_a-stdio.o)
 .text.__sseek  0x00000000       0x30 c:/program files (x86)/arm gnu toolchain arm-none-eabi/12.3 rel1/bin/../lib/gcc/arm-none-eabi/12.3.1\libc.a(libc_a-stdio.o)
 .text.__sclose
                0x00000000       0x14 c:/program files (x86)/arm gnu toolchain arm-none-eabi/12.3 rel1/bin/../lib/gcc/arm-none-eabi/12.3.1\libc.a(libc_a-stdio.o)
 .debug_frame   0x00000000       0xa0 c:/program files (x86)/arm gnu toolchain arm-none-eabi/12.3 rel1/bin/../lib/gcc/arm-none-eabi/12.3.1\libc.a(libc_a-stdio.o)
 .ARM.attributes
                0x00000000       0x2a c:/program files (x86)/arm gnu toolchain arm-none-eabi/12.3 rel1/bin/../lib/gcc/arm-none-eabi/12.3.1\libc.a(libc_a-stdio.o)
 .text          0x00000000        0x0 c:/program files (x86)/arm gnu toolchain arm-none-eabi/12.3 rel1/bin/../lib/gcc/arm-none-eabi/12.3.1\libc.a(libc_a-memset.o)
 .data          0x00000000        0x0 c:/program files (x86)/arm gnu toolchain arm-none-eabi/12.3 rel1/bin/../lib/gcc/arm-none-eabi/12.3.1\libc.a(libc_a-memset.o)
 .bss           0x00000000        0x0 c:/program files (x86)/arm gnu toolchain arm-none-eabi/12.3 rel1/bin/../lib/gcc/arm-none-eabi/12.3.1\libc.a(libc_a-memset.o)
 .text.memset   0x00000000       0xfc c:/program files (x86)/arm gnu toolchain arm-none-eabi/12.3 rel1/bin/../lib/gcc/arm-none-eabi/12.3.1\libc.a(libc_a-memset.o)
 .debug_frame   0x00000000       0x34 c:/program files (x86)/arm gnu toolchain arm-none-eabi/12.3 rel1/bin/../lib/gcc/arm-none-eabi/12.3.1\libc.a(libc_a-memset.o)
 .ARM.attributes
                0x00000000       0x2a c:/program files (x86)/arm gnu toolchain arm-none-eabi/12.3 rel1/bin/../lib/gcc/arm-none-eabi/12.3.1\libc.a(libc_a-memset.o)
 .text          0x00000000        0x0 c:/program files (x86)/arm gnu toolchain arm-none-eabi/12.3 rel1/bin/../lib/gcc/arm-none-eabi/12.3.1\libc.a(libc_a-closer.o)
 .data          0x00000000        0x0 c:/program files (x86)/arm gnu toolchain arm-none-eabi/12.3 rel1/bin/../lib/gcc/arm-none-eabi/12.3.1\libc.a(libc_a-closer.o)
 .bss           0x00000000        0x0 c:/program files (x86)/arm gnu toolchain arm-none-eabi/12.3 rel1/bin/../lib/gcc/arm-none-eabi/12.3.1\libc.a(libc_a-closer.o)
 .text._close_r
                0x00000000       0x3c c:/program files (x86)/arm gnu toolchain arm-none-eabi/12.3 rel1/bin/../lib/gcc/arm-none-eabi/12.3.1\libc.a(libc_a-closer.o)
 .debug_frame   0x00000000       0x34 c:/program files (x86)/arm gnu toolchain arm-none-eabi/12.3 rel1/bin/../lib/gcc/arm-none-eabi/12.3.1\libc.a(libc_a-closer.o)
 .ARM.attributes
                0x00000000       0x2a c:/program files (x86)/arm gnu toolchain arm-none-eabi/12.3 rel1/bin/../lib/gcc/arm-none-eabi/12.3.1\libc.a(libc_a-closer.o)
 .text          0x00000000        0x0 c:/program files (x86)/arm gnu toolchain arm-none-eabi/12.3 rel1/bin/../lib/gcc/arm-none-eabi/12.3.1\libc.a(libc_a-reent.o)
 .data          0x00000000        0x0 c:/program files (x86)/arm gnu toolchain arm-none-eabi/12.3 rel1/bin/../lib/gcc/arm-none-eabi/12.3.1\libc.a(libc_a-reent.o)
 .bss           0x00000000        0x0 c:/program files (x86)/arm gnu toolchain arm-none-eabi/12.3 rel1/bin/../lib/gcc/arm-none-eabi/12.3.1\libc.a(libc_a-reent.o)
 .text._reclaim_reent
                0x00000000       0xa4 c:/program files (x86)/arm gnu toolchain arm-none-eabi/12.3 rel1/bin/../lib/gcc/arm-none-eabi/12.3.1\libc.a(libc_a-reent.o)
 .bss.errno     0x00000000        0x4 c:/program files (x86)/arm gnu toolchain arm-none-eabi/12.3 rel1/bin/../lib/gcc/arm-none-eabi/12.3.1\libc.a(libc_a-reent.o)
 .debug_frame   0x00000000       0x3c c:/program files (x86)/arm gnu toolchain arm-none-eabi/12.3 rel1/bin/../lib/gcc/arm-none-eabi/12.3.1\libc.a(libc_a-reent.o)
 .ARM.attributes
                0x00000000       0x2a c:/program files (x86)/arm gnu toolchain arm-none-eabi/12.3 rel1/bin/../lib/gcc/arm-none-eabi/12.3.1\libc.a(libc_a-reent.o)
 .text          0x00000000        0x0 c:/program files (x86)/arm gnu toolchain arm-none-eabi/12.3 rel1/bin/../lib/gcc/arm-none-eabi/12.3.1\libc.a(libc_a-impure.o)
 .data          0x00000000        0x0 c:/program files (x86)/arm gnu toolchain arm-none-eabi/12.3 rel1/bin/../lib/gcc/arm-none-eabi/12.3.1\libc.a(libc_a-impure.o)
 .bss           0x00000000        0x0 c:/program files (x86)/arm gnu toolchain arm-none-eabi/12.3 rel1/bin/../lib/gcc/arm-none-eabi/12.3.1\libc.a(libc_a-impure.o)
 .data._impure_ptr
                0x00000000        0x4 c:/program files (x86)/arm gnu toolchain arm-none-eabi/12.3 rel1/bin/../lib/gcc/arm-none-eabi/12.3.1\libc.a(libc_a-impure.o)
 .data._impure_data
                0x00000000      0x120 c:/program files (x86)/arm gnu toolchain arm-none-eabi/12.3 rel1/bin/../lib/gcc/arm-none-eabi/12.3.1\libc.a(libc_a-impure.o)
 .ARM.attributes
                0x00000000       0x2a c:/program files (x86)/arm gnu toolchain arm-none-eabi/12.3 rel1/bin/../lib/gcc/arm-none-eabi/12.3.1\libc.a(libc_a-impure.o)
 .text          0x00000000        0x0 c:/program files (x86)/arm gnu toolchain arm-none-eabi/12.3 rel1/bin/../lib/gcc/arm-none-eabi/12.3.1\libc.a(libc_a-lseekr.o)
 .data          0x00000000        0x0 c:/program files (x86)/arm gnu toolchain arm-none-eabi/12.3 rel1/bin/../lib/gcc/arm-none-eabi/12.3.1\libc.a(libc_a-lseekr.o)
 .bss           0x00000000        0x0 c:/program files (x86)/arm gnu toolchain arm-none-eabi/12.3 rel1/bin/../lib/gcc/arm-none-eabi/12.3.1\libc.a(libc_a-lseekr.o)
 .text._lseek_r
                0x00000000       0x48 c:/program files (x86)/arm gnu toolchain arm-none-eabi/12.3 rel1/bin/../lib/gcc/arm-none-eabi/12.3.1\libc.a(libc_a-lseekr.o)
 .debug_frame   0x00000000       0x34 c:/program files (x86)/arm gnu toolchain arm-none-eabi/12.3 rel1/bin/../lib/gcc/arm-none-eabi/12.3.1\libc.a(libc_a-lseekr.o)
 .ARM.attributes
                0x00000000       0x2a c:/program files (x86)/arm gnu toolchain arm-none-eabi/12.3 rel1/bin/../lib/gcc/arm-none-eabi/12.3.1\libc.a(libc_a-lseekr.o)
 .text          0x00000000        0x0 c:/program files (x86)/arm gnu toolchain arm-none-eabi/12.3 rel1/bin/../lib/gcc/arm-none-eabi/12.3.1\libc.a(libc_a-readr.o)
 .data          0x00000000        0x0 c:/program files (x86)/arm gnu toolchain arm-none-eabi/12.3 rel1/bin/../lib/gcc/arm-none-eabi/12.3.1\libc.a(libc_a-readr.o)
 .bss           0x00000000        0x0 c:/program files (x86)/arm gnu toolchain arm-none-eabi/12.3 rel1/bin/../lib/gcc/arm-none-eabi/12.3.1\libc.a(libc_a-readr.o)
 .text._read_r  0x00000000       0x48 c:/program files (x86)/arm gnu toolchain arm-none-eabi/12.3 rel1/bin/../lib/gcc/arm-none-eabi/12.3.1\libc.a(libc_a-readr.o)
 .debug_frame   0x00000000       0x34 c:/program files (x86)/arm gnu toolchain arm-none-eabi/12.3 rel1/bin/../lib/gcc/arm-none-eabi/12.3.1\libc.a(libc_a-readr.o)
 .ARM.attributes
                0x00000000       0x2a c:/program files (x86)/arm gnu toolchain arm-none-eabi/12.3 rel1/bin/../lib/gcc/arm-none-eabi/12.3.1\libc.a(libc_a-readr.o)
 .text          0x00000000        0x0 c:/program files (x86)/arm gnu toolchain arm-none-eabi/12.3 rel1/bin/../lib/gcc/arm-none-eabi/12.3.1\libc.a(libc_a-writer.o)
 .data          0x00000000        0x0 c:/program files (x86)/arm gnu toolchain arm-none-eabi/12.3 rel1/bin/../lib/gcc/arm-none-eabi/12.3.1\libc.a(libc_a-writer.o)
 .bss           0x00000000        0x0 c:/program files (x86)/arm gnu toolchain arm-none-eabi/12.3 rel1/bin/../lib/gcc/arm-none-eabi/12.3.1\libc.a(libc_a-writer.o)
 .text._write_r
                0x00000000       0x48 c:/program files (x86)/arm gnu toolchain arm-none-eabi/12.3 rel1/bin/../lib/gcc/arm-none-eabi/12.3.1\libc.a(libc_a-writer.o)
 .debug_frame   0x00000000       0x34 c:/program files (x86)/arm gnu toolchain arm-none-eabi/12.3 rel1/bin/../lib/gcc/arm-none-eabi/12.3.1\libc.a(libc_a-writer.o)
 .ARM.attributes
                0x00000000       0x2a c:/program files (x86)/arm gnu toolchain arm-none-eabi/12.3 rel1/bin/../lib/gcc/arm-none-eabi/12.3.1\libc.a(libc_a-writer.o)
 .text          0x00000000        0x0 c:/program files (x86)/arm gnu toolchain arm-none-eabi/12.3 rel1/bin/../lib/gcc/arm-none-eabi/12.3.1\libc.a(libc_a-init.o)
 .data          0x00000000        0x0 c:/program files (x86)/arm gnu toolchain arm-none-eabi/12.3 rel1/bin/../lib/gcc/arm-none-eabi/12.3.1\libc.a(libc_a-init.o)
 .bss           0x00000000        0x0 c:/program files (x86)/arm gnu toolchain arm-none-eabi/12.3 rel1/bin/../lib/gcc/arm-none-eabi/12.3.1\libc.a(libc_a-init.o)
 .text          0x00000000        0x0 c:/program files (x86)/arm gnu toolchain arm-none-eabi/12.3 rel1/bin/../lib/gcc/arm-none-eabi/12.3.1\libc.a(libc_a-lock.o)
 .data          0x00000000        0x0 c:/program files (x86)/arm gnu toolchain arm-none-eabi/12.3 rel1/bin/../lib/gcc/arm-none-eabi/12.3.1\libc.a(libc_a-lock.o)
 .bss           0x00000000        0x0 c:/program files (x86)/arm gnu toolchain arm-none-eabi/12.3 rel1/bin/../lib/gcc/arm-none-eabi/12.3.1\libc.a(libc_a-lock.o)
 .text.__retarget_lock_init
                0x00000000        0x4 c:/program files (x86)/arm gnu toolchain arm-none-eabi/12.3 rel1/bin/../lib/gcc/arm-none-eabi/12.3.1\libc.a(libc_a-lock.o)
 .text.__retarget_lock_init_recursive
                0x00000000        0x4 c:/program files (x86)/arm gnu toolchain arm-none-eabi/12.3 rel1/bin/../lib/gcc/arm-none-eabi/12.3.1\libc.a(libc_a-lock.o)
 .text.__retarget_lock_close
                0x00000000        0x4 c:/program files (x86)/arm gnu toolchain arm-none-eabi/12.3 rel1/bin/../lib/gcc/arm-none-eabi/12.3.1\libc.a(libc_a-lock.o)
 .text.__retarget_lock_close_recursive
                0x00000000        0x4 c:/program files (x86)/arm gnu toolchain arm-none-eabi/12.3 rel1/bin/../lib/gcc/arm-none-eabi/12.3.1\libc.a(libc_a-lock.o)
 .text.__retarget_lock_acquire
                0x00000000        0x4 c:/program files (x86)/arm gnu toolchain arm-none-eabi/12.3 rel1/bin/../lib/gcc/arm-none-eabi/12.3.1\libc.a(libc_a-lock.o)
 .text.__retarget_lock_try_acquire
                0x00000000        0x8 c:/program files (x86)/arm gnu toolchain arm-none-eabi/12.3 rel1/bin/../lib/gcc/arm-none-eabi/12.3.1\libc.a(libc_a-lock.o)
 .text.__retarget_lock_try_acquire_recursive
                0x00000000        0x8 c:/program files (x86)/arm gnu toolchain arm-none-eabi/12.3 rel1/bin/../lib/gcc/arm-none-eabi/12.3.1\libc.a(libc_a-lock.o)
 .text.__retarget_lock_release
                0x00000000        0x4 c:/program files (x86)/arm gnu toolchain arm-none-eabi/12.3 rel1/bin/../lib/gcc/arm-none-eabi/12.3.1\libc.a(libc_a-lock.o)
 .bss.__lock___arc4random_mutex
                0x00000000        0x1 c:/program files (x86)/arm gnu toolchain arm-none-eabi/12.3 rel1/bin/../lib/gcc/arm-none-eabi/12.3.1\libc.a(libc_a-lock.o)
 .bss.__lock___dd_hash_mutex
                0x00000000        0x1 c:/program files (x86)/arm gnu toolchain arm-none-eabi/12.3 rel1/bin/../lib/gcc/arm-none-eabi/12.3.1\libc.a(libc_a-lock.o)
 .bss.__lock___tz_mutex
                0x00000000        0x1 c:/program files (x86)/arm gnu toolchain arm-none-eabi/12.3 rel1/bin/../lib/gcc/arm-none-eabi/12.3.1\libc.a(libc_a-lock.o)
 .bss.__lock___env_recursive_mutex
                0x00000000        0x1 c:/program files (x86)/arm gnu toolchain arm-none-eabi/12.3 rel1/bin/../lib/gcc/arm-none-eabi/12.3.1\libc.a(libc_a-lock.o)
 .bss.__lock___malloc_recursive_mutex
                0x00000000        0x1 c:/program files (x86)/arm gnu toolchain arm-none-eabi/12.3 rel1/bin/../lib/gcc/arm-none-eabi/12.3.1\libc.a(libc_a-lock.o)
 .bss.__lock___at_quick_exit_mutex
                0x00000000        0x1 c:/program files (x86)/arm gnu toolchain arm-none-eabi/12.3 rel1/bin/../lib/gcc/arm-none-eabi/12.3.1\libc.a(libc_a-lock.o)
 .bss.__lock___sfp_recursive_mutex
                0x00000000        0x1 c:/program files (x86)/arm gnu toolchain arm-none-eabi/12.3 rel1/bin/../lib/gcc/arm-none-eabi/12.3.1\libc.a(libc_a-lock.o)
 .text          0x00000000        0x0 c:/program files (x86)/arm gnu toolchain arm-none-eabi/12.3 rel1/bin/../lib/gcc/arm-none-eabi/12.3.1\libc.a(libc_a-__call_atexit.o)
 .data          0x00000000        0x0 c:/program files (x86)/arm gnu toolchain arm-none-eabi/12.3 rel1/bin/../lib/gcc/arm-none-eabi/12.3.1\libc.a(libc_a-__call_atexit.o)
 .bss           0x00000000        0x0 c:/program files (x86)/arm gnu toolchain arm-none-eabi/12.3 rel1/bin/../lib/gcc/arm-none-eabi/12.3.1\libc.a(libc_a-__call_atexit.o)
 .text.__call_exitprocs
                0x00000000      0x128 c:/program files (x86)/arm gnu toolchain arm-none-eabi/12.3 rel1/bin/../lib/gcc/arm-none-eabi/12.3.1\libc.a(libc_a-__call_atexit.o)
 .text          0x00000000        0x0 c:/program files (x86)/arm gnu toolchain arm-none-eabi/12.3 rel1/bin/../lib/gcc/arm-none-eabi/12.3.1\libc.a(libc_a-atexit.o)
 .data          0x00000000        0x0 c:/program files (x86)/arm gnu toolchain arm-none-eabi/12.3 rel1/bin/../lib/gcc/arm-none-eabi/12.3.1\libc.a(libc_a-atexit.o)
 .bss           0x00000000        0x0 c:/program files (x86)/arm gnu toolchain arm-none-eabi/12.3 rel1/bin/../lib/gcc/arm-none-eabi/12.3.1\libc.a(libc_a-atexit.o)
 .text          0x00000000        0x0 c:/program files (x86)/arm gnu toolchain arm-none-eabi/12.3 rel1/bin/../lib/gcc/arm-none-eabi/12.3.1\libc.a(libc_a-freer.o)
 .data          0x00000000        0x0 c:/program files (x86)/arm gnu toolchain arm-none-eabi/12.3 rel1/bin/../lib/gcc/arm-none-eabi/12.3.1\libc.a(libc_a-freer.o)
 .bss           0x00000000        0x0 c:/program files (x86)/arm gnu toolchain arm-none-eabi/12.3 rel1/bin/../lib/gcc/arm-none-eabi/12.3.1\libc.a(libc_a-freer.o)
 .text._malloc_trim_r
                0x00000000      0x114 c:/program files (x86)/arm gnu toolchain arm-none-eabi/12.3 rel1/bin/../lib/gcc/arm-none-eabi/12.3.1\libc.a(libc_a-freer.o)
 .text._free_r  0x00000000      0x2e8 c:/program files (x86)/arm gnu toolchain arm-none-eabi/12.3 rel1/bin/../lib/gcc/arm-none-eabi/12.3.1\libc.a(libc_a-freer.o)
 .debug_frame   0x00000000       0x70 c:/program files (x86)/arm gnu toolchain arm-none-eabi/12.3 rel1/bin/../lib/gcc/arm-none-eabi/12.3.1\libc.a(libc_a-freer.o)
 .ARM.attributes
                0x00000000       0x2a c:/program files (x86)/arm gnu toolchain arm-none-eabi/12.3 rel1/bin/../lib/gcc/arm-none-eabi/12.3.1\libc.a(libc_a-freer.o)
 .text          0x00000000        0x0 c:/program files (x86)/arm gnu toolchain arm-none-eabi/12.3 rel1/bin/../lib/gcc/arm-none-eabi/12.3.1\libc.a(libc_a-mallocr.o)
 .data          0x00000000        0x0 c:/program files (x86)/arm gnu toolchain arm-none-eabi/12.3 rel1/bin/../lib/gcc/arm-none-eabi/12.3.1\libc.a(libc_a-mallocr.o)
 .bss           0x00000000        0x0 c:/program files (x86)/arm gnu toolchain arm-none-eabi/12.3 rel1/bin/../lib/gcc/arm-none-eabi/12.3.1\libc.a(libc_a-mallocr.o)
 .text._malloc_r
                0x00000000      0x7c4 c:/program files (x86)/arm gnu toolchain arm-none-eabi/12.3 rel1/bin/../lib/gcc/arm-none-eabi/12.3.1\libc.a(libc_a-mallocr.o)
 .bss.__malloc_current_mallinfo
                0x00000000       0x28 c:/program files (x86)/arm gnu toolchain arm-none-eabi/12.3 rel1/bin/../lib/gcc/arm-none-eabi/12.3.1\libc.a(libc_a-mallocr.o)
 .bss.__malloc_max_total_mem
                0x00000000        0x4 c:/program files (x86)/arm gnu toolchain arm-none-eabi/12.3 rel1/bin/../lib/gcc/arm-none-eabi/12.3.1\libc.a(libc_a-mallocr.o)
 .bss.__malloc_max_sbrked_mem
                0x00000000        0x4 c:/program files (x86)/arm gnu toolchain arm-none-eabi/12.3 rel1/bin/../lib/gcc/arm-none-eabi/12.3.1\libc.a(libc_a-mallocr.o)
 .data.__malloc_sbrk_base
                0x00000000        0x4 c:/program files (x86)/arm gnu toolchain arm-none-eabi/12.3 rel1/bin/../lib/gcc/arm-none-eabi/12.3.1\libc.a(libc_a-mallocr.o)
 .bss.__malloc_top_pad
                0x00000000        0x4 c:/program files (x86)/arm gnu toolchain arm-none-eabi/12.3 rel1/bin/../lib/gcc/arm-none-eabi/12.3.1\libc.a(libc_a-mallocr.o)
 .data.__malloc_trim_threshold
                0x00000000        0x4 c:/program files (x86)/arm gnu toolchain arm-none-eabi/12.3 rel1/bin/../lib/gcc/arm-none-eabi/12.3.1\libc.a(libc_a-mallocr.o)
 .data.__malloc_av_
                0x00000000      0x408 c:/program files (x86)/arm gnu toolchain arm-none-eabi/12.3 rel1/bin/../lib/gcc/arm-none-eabi/12.3.1\libc.a(libc_a-mallocr.o)
 .debug_frame   0x00000000       0x60 c:/program files (x86)/arm gnu toolchain arm-none-eabi/12.3 rel1/bin/../lib/gcc/arm-none-eabi/12.3.1\libc.a(libc_a-mallocr.o)
 .ARM.attributes
                0x00000000       0x2a c:/program files (x86)/arm gnu toolchain arm-none-eabi/12.3 rel1/bin/../lib/gcc/arm-none-eabi/12.3.1\libc.a(libc_a-mallocr.o)
 .text          0x00000000        0x0 c:/program files (x86)/arm gnu toolchain arm-none-eabi/12.3 rel1/bin/../lib/gcc/arm-none-eabi/12.3.1\libc.a(libc_a-mlock.o)
 .data          0x00000000        0x0 c:/program files (x86)/arm gnu toolchain arm-none-eabi/12.3 rel1/bin/../lib/gcc/arm-none-eabi/12.3.1\libc.a(libc_a-mlock.o)
 .bss           0x00000000        0x0 c:/program files (x86)/arm gnu toolchain arm-none-eabi/12.3 rel1/bin/../lib/gcc/arm-none-eabi/12.3.1\libc.a(libc_a-mlock.o)
 .text.__malloc_lock
                0x00000000       0x18 c:/program files (x86)/arm gnu toolchain arm-none-eabi/12.3 rel1/bin/../lib/gcc/arm-none-eabi/12.3.1\libc.a(libc_a-mlock.o)
 .text.__malloc_unlock
                0x00000000       0x18 c:/program files (x86)/arm gnu toolchain arm-none-eabi/12.3 rel1/bin/../lib/gcc/arm-none-eabi/12.3.1\libc.a(libc_a-mlock.o)
 .debug_frame   0x00000000       0x48 c:/program files (x86)/arm gnu toolchain arm-none-eabi/12.3 rel1/bin/../lib/gcc/arm-none-eabi/12.3.1\libc.a(libc_a-mlock.o)
 .ARM.attributes
                0x00000000       0x2a c:/program files (x86)/arm gnu toolchain arm-none-eabi/12.3 rel1/bin/../lib/gcc/arm-none-eabi/12.3.1\libc.a(libc_a-mlock.o)
 .text          0x00000000        0x0 c:/program files (x86)/arm gnu toolchain arm-none-eabi/12.3 rel1/bin/../lib/gcc/arm-none-eabi/12.3.1\libc.a(libc_a-fclose.o)
 .data          0x00000000        0x0 c:/program files (x86)/arm gnu toolchain arm-none-eabi/12.3 rel1/bin/../lib/gcc/arm-none-eabi/12.3.1\libc.a(libc_a-fclose.o)
 .bss           0x00000000        0x0 c:/program files (x86)/arm gnu toolchain arm-none-eabi/12.3 rel1/bin/../lib/gcc/arm-none-eabi/12.3.1\libc.a(libc_a-fclose.o)
 .text._fclose_r
                0x00000000      0x154 c:/program files (x86)/arm gnu toolchain arm-none-eabi/12.3 rel1/bin/../lib/gcc/arm-none-eabi/12.3.1\libc.a(libc_a-fclose.o)
 .text.fclose   0x00000000       0x14 c:/program files (x86)/arm gnu toolchain arm-none-eabi/12.3 rel1/bin/../lib/gcc/arm-none-eabi/12.3.1\libc.a(libc_a-fclose.o)
 .debug_frame   0x00000000       0x50 c:/program files (x86)/arm gnu toolchain arm-none-eabi/12.3 rel1/bin/../lib/gcc/arm-none-eabi/12.3.1\libc.a(libc_a-fclose.o)
 .ARM.attributes
                0x00000000       0x2a c:/program files (x86)/arm gnu toolchain arm-none-eabi/12.3 rel1/bin/../lib/gcc/arm-none-eabi/12.3.1\libc.a(libc_a-fclose.o)
 .text          0x00000000        0x0 c:/program files (x86)/arm gnu toolchain arm-none-eabi/12.3 rel1/bin/../lib/gcc/arm-none-eabi/12.3.1\libc.a(libc_a-fflush.o)
 .data          0x00000000        0x0 c:/program files (x86)/arm gnu toolchain arm-none-eabi/12.3 rel1/bin/../lib/gcc/arm-none-eabi/12.3.1\libc.a(libc_a-fflush.o)
 .bss           0x00000000        0x0 c:/program files (x86)/arm gnu toolchain arm-none-eabi/12.3 rel1/bin/../lib/gcc/arm-none-eabi/12.3.1\libc.a(libc_a-fflush.o)
 .text.__sflush_r
                0x00000000      0x218 c:/program files (x86)/arm gnu toolchain arm-none-eabi/12.3 rel1/bin/../lib/gcc/arm-none-eabi/12.3.1\libc.a(libc_a-fflush.o)
 .text._fflush_r
                0x00000000       0x9c c:/program files (x86)/arm gnu toolchain arm-none-eabi/12.3 rel1/bin/../lib/gcc/arm-none-eabi/12.3.1\libc.a(libc_a-fflush.o)
 .text.fflush   0x00000000       0xd4 c:/program files (x86)/arm gnu toolchain arm-none-eabi/12.3 rel1/bin/../lib/gcc/arm-none-eabi/12.3.1\libc.a(libc_a-fflush.o)
 .debug_frame   0x00000000       0xa4 c:/program files (x86)/arm gnu toolchain arm-none-eabi/12.3 rel1/bin/../lib/gcc/arm-none-eabi/12.3.1\libc.a(libc_a-fflush.o)
 .ARM.attributes
                0x00000000       0x2a c:/program files (x86)/arm gnu toolchain arm-none-eabi/12.3 rel1/bin/../lib/gcc/arm-none-eabi/12.3.1\libc.a(libc_a-fflush.o)
 .text          0x00000000        0x0 c:/program files (x86)/arm gnu toolchain arm-none-eabi/12.3 rel1/bin/../lib/gcc/arm-none-eabi/12.3.1\libc.a(libc_a-sbrkr.o)
 .data          0x00000000        0x0 c:/program files (x86)/arm gnu toolchain arm-none-eabi/12.3 rel1/bin/../lib/gcc/arm-none-eabi/12.3.1\libc.a(libc_a-sbrkr.o)
 .bss           0x00000000        0x0 c:/program files (x86)/arm gnu toolchain arm-none-eabi/12.3 rel1/bin/../lib/gcc/arm-none-eabi/12.3.1\libc.a(libc_a-sbrkr.o)
 .text._sbrk_r  0x00000000       0x44 c:/program files (x86)/arm gnu toolchain arm-none-eabi/12.3 rel1/bin/../lib/gcc/arm-none-eabi/12.3.1\libc.a(libc_a-sbrkr.o)
 .debug_frame   0x00000000       0x3c c:/program files (x86)/arm gnu toolchain arm-none-eabi/12.3 rel1/bin/../lib/gcc/arm-none-eabi/12.3.1\libc.a(libc_a-sbrkr.o)
 .ARM.attributes
                0x00000000       0x2a c:/program files (x86)/arm gnu toolchain arm-none-eabi/12.3 rel1/bin/../lib/gcc/arm-none-eabi/12.3.1\libc.a(libc_a-sbrkr.o)
 .text          0x00000000        0x0 c:/program files (x86)/arm gnu toolchain arm-none-eabi/12.3 rel1/bin/../lib/gcc/arm-none-eabi/12.3.1\libc.a(libc_a-fini.o)
 .data          0x00000000        0x0 c:/program files (x86)/arm gnu toolchain arm-none-eabi/12.3 rel1/bin/../lib/gcc/arm-none-eabi/12.3.1\libc.a(libc_a-fini.o)
 .bss           0x00000000        0x0 c:/program files (x86)/arm gnu toolchain arm-none-eabi/12.3 rel1/bin/../lib/gcc/arm-none-eabi/12.3.1\libc.a(libc_a-fini.o)
 .text          0x00000000        0x0 c:/program files (x86)/arm gnu toolchain arm-none-eabi/12.3 rel1/bin/../lib/gcc/arm-none-eabi/12.3.1\libc.a(libc_a-sysconf.o)
 .data          0x00000000        0x0 c:/program files (x86)/arm gnu toolchain arm-none-eabi/12.3 rel1/bin/../lib/gcc/arm-none-eabi/12.3.1\libc.a(libc_a-sysconf.o)
 .bss           0x00000000        0x0 c:/program files (x86)/arm gnu toolchain arm-none-eabi/12.3 rel1/bin/../lib/gcc/arm-none-eabi/12.3.1\libc.a(libc_a-sysconf.o)
 .text.sysconf  0x00000000       0x30 c:/program files (x86)/arm gnu toolchain arm-none-eabi/12.3 rel1/bin/../lib/gcc/arm-none-eabi/12.3.1\libc.a(libc_a-sysconf.o)
 .debug_frame   0x00000000       0x2c c:/program files (x86)/arm gnu toolchain arm-none-eabi/12.3 rel1/bin/../lib/gcc/arm-none-eabi/12.3.1\libc.a(libc_a-sysconf.o)
 .ARM.attributes
                0x00000000       0x2a c:/program files (x86)/arm gnu toolchain arm-none-eabi/12.3 rel1/bin/../lib/gcc/arm-none-eabi/12.3.1\libc.a(libc_a-sysconf.o)
 .text          0x00000000        0x0 c:/program files (x86)/arm gnu toolchain arm-none-eabi/12.3 rel1/bin/../lib/gcc/arm-none-eabi/12.3.1\libc.a(libc_a-__atexit.o)
 .data          0x00000000        0x0 c:/program files (x86)/arm gnu toolchain arm-none-eabi/12.3 rel1/bin/../lib/gcc/arm-none-eabi/12.3.1\libc.a(libc_a-__atexit.o)
 .bss           0x00000000        0x0 c:/program files (x86)/arm gnu toolchain arm-none-eabi/12.3 rel1/bin/../lib/gcc/arm-none-eabi/12.3.1\libc.a(libc_a-__atexit.o)
 .text          0x00000000        0x0 c:/program files (x86)/arm gnu toolchain arm-none-eabi/12.3 rel1/bin/../lib/gcc/arm-none-eabi/12.3.1\libc.a(libc_a-errno.o)
 .data          0x00000000        0x0 c:/program files (x86)/arm gnu toolchain arm-none-eabi/12.3 rel1/bin/../lib/gcc/arm-none-eabi/12.3.1\libc.a(libc_a-errno.o)
 .bss           0x00000000        0x0 c:/program files (x86)/arm gnu toolchain arm-none-eabi/12.3 rel1/bin/../lib/gcc/arm-none-eabi/12.3.1\libc.a(libc_a-errno.o)
 .text.__errno  0x00000000       0x10 c:/program files (x86)/arm gnu toolchain arm-none-eabi/12.3 rel1/bin/../lib/gcc/arm-none-eabi/12.3.1\libc.a(libc_a-errno.o)
 .debug_frame   0x00000000       0x20 c:/program files (x86)/arm gnu toolchain arm-none-eabi/12.3 rel1/bin/../lib/gcc/arm-none-eabi/12.3.1\libc.a(libc_a-errno.o)
 .ARM.attributes
                0x00000000       0x2a c:/program files (x86)/arm gnu toolchain arm-none-eabi/12.3 rel1/bin/../lib/gcc/arm-none-eabi/12.3.1\libc.a(libc_a-errno.o)
 .text          0x00000000      0x114 c:/program files (x86)/arm gnu toolchain arm-none-eabi/12.3 rel1/bin/../lib/gcc/arm-none-eabi/12.3.1\libgcc.a(_udivsi3.o)
 .data          0x00000000        0x0 c:/program files (x86)/arm gnu toolchain arm-none-eabi/12.3 rel1/bin/../lib/gcc/arm-none-eabi/12.3.1\libgcc.a(_udivsi3.o)
 .bss           0x00000000        0x0 c:/program files (x86)/arm gnu toolchain arm-none-eabi/12.3 rel1/bin/../lib/gcc/arm-none-eabi/12.3.1\libgcc.a(_udivsi3.o)
 .debug_frame   0x00000000       0x20 c:/program files (x86)/arm gnu toolchain arm-none-eabi/12.3 rel1/bin/../lib/gcc/arm-none-eabi/12.3.1\libgcc.a(_udivsi3.o)
 .debug_line_str
                0x00000000       0xb9 c:/program files (x86)/arm gnu toolchain arm-none-eabi/12.3 rel1/bin/../lib/gcc/arm-none-eabi/12.3.1\libgcc.a(_udivsi3.o)
 .ARM.attributes
                0x00000000       0x1c c:/program files (x86)/arm gnu toolchain arm-none-eabi/12.3 rel1/bin/../lib/gcc/arm-none-eabi/12.3.1\libgcc.a(_udivsi3.o)
 .text          0x00000000        0x4 c:/program files (x86)/arm gnu toolchain arm-none-eabi/12.3 rel1/bin/../lib/gcc/arm-none-eabi/12.3.1\libgcc.a(_dvmd_tls.o)
 .data          0x00000000        0x0 c:/program files (x86)/arm gnu toolchain arm-none-eabi/12.3 rel1/bin/../lib/gcc/arm-none-eabi/12.3.1\libgcc.a(_dvmd_tls.o)
 .bss           0x00000000        0x0 c:/program files (x86)/arm gnu toolchain arm-none-eabi/12.3 rel1/bin/../lib/gcc/arm-none-eabi/12.3.1\libgcc.a(_dvmd_tls.o)
 .debug_line_str
                0x00000000       0xb9 c:/program files (x86)/arm gnu toolchain arm-none-eabi/12.3 rel1/bin/../lib/gcc/arm-none-eabi/12.3.1\libgcc.a(_dvmd_tls.o)
 .ARM.attributes
                0x00000000       0x1c c:/program files (x86)/arm gnu toolchain arm-none-eabi/12.3 rel1/bin/../lib/gcc/arm-none-eabi/12.3.1\libgcc.a(_dvmd_tls.o)
 .text          0x00000000        0x0 c:/program files (x86)/arm gnu toolchain arm-none-eabi/12.3 rel1/bin/../lib/gcc/arm-none-eabi/12.3.1/crtend.o
 .data          0x00000000        0x0 c:/program files (x86)/arm gnu toolchain arm-none-eabi/12.3 rel1/bin/../lib/gcc/arm-none-eabi/12.3.1/crtend.o
 .bss           0x00000000        0x0 c:/program files (x86)/arm gnu toolchain arm-none-eabi/12.3 rel1/bin/../lib/gcc/arm-none-eabi/12.3.1/crtend.o
 .rodata.all_implied_fbits
                0x00000000       0x24 c:/program files (x86)/arm gnu toolchain arm-none-eabi/12.3 rel1/bin/../lib/gcc/arm-none-eabi/12.3.1/crtend.o
 .eh_frame      0x00000000        0x4 c:/program files (x86)/arm gnu toolchain arm-none-eabi/12.3 rel1/bin/../lib/gcc/arm-none-eabi/12.3.1/crtend.o
 .text          0x00000000        0x0 c:/program files (x86)/arm gnu toolchain arm-none-eabi/12.3 rel1/bin/../lib/gcc/arm-none-eabi/12.3.1/crtn.o
 .data          0x00000000        0x0 c:/program files (x86)/arm gnu toolchain arm-none-eabi/12.3 rel1/bin/../lib/gcc/arm-none-eabi/12.3.1/crtn.o
 .bss           0x00000000        0x0 c:/program files (x86)/arm gnu toolchain arm-none-eabi/12.3 rel1/bin/../lib/gcc/arm-none-eabi/12.3.1/crtn.o

Memory Configuration

Name             Origin             Length             Attributes
RAM              0x20000000         0x00020000         xrw
FLASH            0x08000000         0x00080000         xr
*default*        0x00000000         0xffffffff

Linker script and memory map

LOAD c:/program files (x86)/arm gnu toolchain arm-none-eabi/12.3 rel1/bin/../lib/gcc/arm-none-eabi/12.3.1/crti.o
LOAD c:/program files (x86)/arm gnu toolchain arm-none-eabi/12.3 rel1/bin/../lib/gcc/arm-none-eabi/12.3.1/crtbegin.o
LOAD c:/program files (x86)/arm gnu toolchain arm-none-eabi/12.3 rel1/bin/../lib/gcc/arm-none-eabi/12.3.1/crt0.o
LOAD build\ADC.o
LOAD build\capture.o
LOAD build\clock.o
LOAD build\Delay.o
LOAD build\Led.o
LOAD build\pwm.o
LOAD build\main.o
LOAD build\startup.o
LOAD build\low_power.o
START GROUP
LOAD c:/program files (x86)/arm gnu toolchain arm-none-eabi/12.3 rel1/bin/../lib/gcc/arm-none-eabi/12.3.1\libgcc.a
LOAD c:/program files (x86)/arm gnu toolchain arm-none-eabi/12.3 rel1/bin/../lib/gcc/arm-none-eabi/12.3.1\libc.a
END GROUP
LOAD c:/program files (x86)/arm gnu toolchain arm-none-eabi/12.3 rel1/bin/../lib/gcc/arm-none-eabi/12.3.1/crtend.o
LOAD c:/program files (x86)/arm gnu toolchain arm-none-eabi/12.3 rel1/bin/../lib/gcc/arm-none-eabi/12.3.1/crtn.o
                0x20020000                        _estack = (ORIGIN (RAM) + LENGTH (RAM))
                0x00000200                        _Min_Heap_Size = 0x200
                0x00000400                        _Min_Stack_Size = 0x400

.isr_vector     0x08000000      0x198
                0x08000000                        . = ALIGN (0x4)
 *(.isr_vector)
 .isr_vector    0x08000000      0x198 build\startup.o
                0x08000000                g_pfnVectors
                0x08000198                        . = ALIGN (0x4)

.text           0x08000198      0x6e4
                0x08000198                        . = ALIGN (0x4)
 *(.text)
 .text          0x08000198      0x19c build\clock.o
                0x08000198                clock_init
                0x08000284                clock_enable_AHB1
                0x080002b0                clock_enable_AHB2
                0x080002dc                clock_enable_APB1
                0x08000308                clock_enable_APB2
 .text          0x08000334       0xd8 build\Delay.o
                0x08000334                TIM1_UP_TIM10_IRQHandler
                0x08000368                delay
                0x08000398                delay_init
 .text          0x0800040c       0x88 build\Led.o
                0x0800040c                led_init
                0x08000440                led_control
 .text          0x08000494       0x3c build\main.o
                0x08000494                setup
                0x080004a4                main
                0x080004c4                SystemInit
 .text          0x080004d0       0x70 build\low_power.o
                0x080004d0                goto_low_power_mode
                0x080004f8                enable_iwdg
 *(.text*)
 .text.deregister_tm_clones
                0x08000540       0x2c c:/program files (x86)/arm gnu toolchain arm-none-eabi/12.3 rel1/bin/../lib/gcc/arm-none-eabi/12.3.1/crtbegin.o
 .text.register_tm_clones
                0x0800056c       0x38 c:/program files (x86)/arm gnu toolchain arm-none-eabi/12.3 rel1/bin/../lib/gcc/arm-none-eabi/12.3.1/crtbegin.o
 .text.__do_global_dtors_aux
                0x080005a4       0x44 c:/program files (x86)/arm gnu toolchain arm-none-eabi/12.3 rel1/bin/../lib/gcc/arm-none-eabi/12.3.1/crtbegin.o
 .text.frame_dummy
                0x080005e8       0x34 c:/program files (x86)/arm gnu toolchain arm-none-eabi/12.3 rel1/bin/../lib/gcc/arm-none-eabi/12.3.1/crtbegin.o
 .text.Reset_Handler
                0x0800061c       0x50 build\startup.o
                0x0800061c                Reset_Handler
 .text.Default_Handler
                0x0800066c        0x2 build\startup.o
                0x0800066c                RTC_Alarm_IRQHandler
                0x0800066c                EXTI2_IRQHandler
                0x0800066c                DebugMon_Handler
                0x0800066c                SPI4_IRQHandler
                0x0800066c                TIM1_CC_IRQHandler
                0x0800066c                DMA2_Stream5_IRQHandler
                0x0800066c                HardFault_Handler
                0x0800066c                DMA1_Stream5_IRQHandler
                0x0800066c                SysTick_Handler
                0x0800066c                PVD_IRQHandler
                0x0800066c                SDIO_IRQHandler
                0x0800066c                TAMP_STAMP_IRQHandler
                0x0800066c                PendSV_Handler
                0x0800066c                NMI_Handler
                0x0800066c                EXTI3_IRQHandler
                0x0800066c                I2C3_ER_IRQHandler
                0x0800066c                EXTI0_IRQHandler
                0x0800066c                I2C2_EV_IRQHandler
                0x0800066c                DMA1_Stream2_IRQHandler
                0x0800066c                FPU_IRQHandler
                0x0800066c                UsageFault_Handler
                0x0800066c                DMA2_Stream2_IRQHandler
                0x0800066c                SPI1_IRQHandler
                0x0800066c                TIM1_BRK_TIM9_IRQHandler
                0x0800066c                DMA2_Stream3_IRQHandler
                0x0800066c                USART6_IRQHandler
                0x0800066c                DMA2_Stream0_IRQHandler
                0x0800066c                TIM4_IRQHandler
                0x0800066c                I2C1_EV_IRQHandler
                0x0800066c                DMA1_Stream6_IRQHandler
                0x0800066c                DMA1_Stream1_IRQHandler
                0x0800066c                TIM3_IRQHandler
                0x0800066c                RCC_IRQHandler
                0x0800066c                Default_Handler
                0x0800066c                EXTI15_10_IRQHandler
                0x0800066c                ADC_IRQHandler
                0x0800066c                DMA1_Stream7_IRQHandler
                0x0800066c                SPI5_IRQHandler
                0x0800066c                TIM5_IRQHandler
                0x0800066c                DMA2_Stream7_IRQHandler
                0x0800066c                I2C3_EV_IRQHandler
                0x0800066c                EXTI9_5_IRQHandler
                0x0800066c                RTC_WKUP_IRQHandler
                0x0800066c                SPI2_IRQHandler
                0x0800066c                MemManage_Handler
                0x0800066c                DMA1_Stream0_IRQHandler
                0x0800066c                SVC_Handler
                0x0800066c                EXTI4_IRQHandler
                0x0800066c                WWDG_IRQHandler
                0x0800066c                TIM2_IRQHandler
                0x0800066c                OTG_FS_WKUP_IRQHandler
                0x0800066c                TIM1_TRG_COM_TIM11_IRQHandler
                0x0800066c                EXTI1_IRQHandler
                0x0800066c                USART2_IRQHandler
                0x0800066c                I2C2_ER_IRQHandler
                0x0800066c                DMA2_Stream1_IRQHandler
                0x0800066c                FLASH_IRQHandler
                0x0800066c                DMA2_Stream4_IRQHandler
                0x0800066c                BusFault_Handler
                0x0800066c                USART1_IRQHandler
                0x0800066c                OTG_FS_IRQHandler
                0x0800066c                SPI3_IRQHandler
                0x0800066c                DMA1_Stream4_IRQHandler
                0x0800066c                I2C1_ER_IRQHandler
                0x0800066c                DMA2_Stream6_IRQHandler
                0x0800066c                DMA1_Stream3_IRQHandler
 *fill*         0x0800066e        0x2 
 .text.__libc_init_array
                0x08000670       0x90 c:/program files (x86)/arm gnu toolchain arm-none-eabi/12.3 rel1/bin/../lib/gcc/arm-none-eabi/12.3.1\libc.a(libc_a-init.o)
                0x08000670                __libc_init_array
 .text.__retarget_lock_acquire_recursive
                0x08000700        0x4 c:/program files (x86)/arm gnu toolchain arm-none-eabi/12.3 rel1/bin/../lib/gcc/arm-none-eabi/12.3.1\libc.a(libc_a-lock.o)
                0x08000700                __retarget_lock_acquire_recursive
 .text.__retarget_lock_release_recursive
                0x08000704        0x4 c:/program files (x86)/arm gnu toolchain arm-none-eabi/12.3 rel1/bin/../lib/gcc/arm-none-eabi/12.3.1\libc.a(libc_a-lock.o)
                0x08000704                __retarget_lock_release_recursive
 .text.startup.register_fini
                0x08000708       0x28 c:/program files (x86)/arm gnu toolchain arm-none-eabi/12.3 rel1/bin/../lib/gcc/arm-none-eabi/12.3.1\libc.a(libc_a-__call_atexit.o)
 .text.atexit   0x08000730       0x20 c:/program files (x86)/arm gnu toolchain arm-none-eabi/12.3 rel1/bin/../lib/gcc/arm-none-eabi/12.3.1\libc.a(libc_a-atexit.o)
                0x08000730                atexit
 .text.__libc_fini_array
                0x08000750       0x44 c:/program files (x86)/arm gnu toolchain arm-none-eabi/12.3 rel1/bin/../lib/gcc/arm-none-eabi/12.3.1\libc.a(libc_a-fini.o)
                0x08000750                __libc_fini_array
 .text.__register_exitproc
                0x08000794       0xb8 c:/program files (x86)/arm gnu toolchain arm-none-eabi/12.3 rel1/bin/../lib/gcc/arm-none-eabi/12.3.1\libc.a(libc_a-__atexit.o)
                0x08000794                __register_exitproc
 *(.glue_7)
 .glue_7        0x0800084c        0x0 linker stubs
 *(.glue_7t)
 .glue_7t       0x0800084c        0x0 linker stubs
 *(.eh_frame)
 .eh_frame      0x0800084c        0x0 c:/program files (x86)/arm gnu toolchain arm-none-eabi/12.3 rel1/bin/../lib/gcc/arm-none-eabi/12.3.1/crtbegin.o
 *(.init)
 .init          0x0800084c        0xc c:/program files (x86)/arm gnu toolchain arm-none-eabi/12.3 rel1/bin/../lib/gcc/arm-none-eabi/12.3.1/crti.o
                0x0800084c                _init
 .init          0x08000858        0xc c:/program files (x86)/arm gnu toolchain arm-none-eabi/12.3 rel1/bin/../lib/gcc/arm-none-eabi/12.3.1/crtn.o
 *(.fini)
 .fini          0x08000864        0xc c:/program files (x86)/arm gnu toolchain arm-none-eabi/12.3 rel1/bin/../lib/gcc/arm-none-eabi/12.3.1/crti.o
                0x08000864                _fini
 .fini          0x08000870        0xc c:/program files (x86)/arm gnu toolchain arm-none-eabi/12.3 rel1/bin/../lib/gcc/arm-none-eabi/12.3.1/crtn.o
                0x0800087c                        . = ALIGN (0x4)
                0x0800087c                        _etext = .

.vfp11_veneer   0x0800087c        0x0
 .vfp11_veneer  0x0800087c        0x0 linker stubs

.v4_bx          0x0800087c        0x0
 .v4_bx         0x0800087c        0x0 linker stubs

.iplt           0x0800087c        0x0
 .iplt          0x0800087c        0x0 c:/program files (x86)/arm gnu toolchain arm-none-eabi/12.3 rel1/bin/../lib/gcc/arm-none-eabi/12.3.1/crtbegin.o

.rodata         0x0800087c        0x0
                0x0800087c                        . = ALIGN (0x4)
 *(.rodata)
 *(.rodata*)
                0x0800087c                        . = ALIGN (0x4)

.ARM.extab      0x0800087c        0x0
                0x0800087c                        . = ALIGN (0x4)
 *(.ARM.extab* .gnu.linkonce.armextab.*)
                0x0800087c                        . = ALIGN (0x4)

.ARM            0x0800087c        0x0
                0x0800087c                        . = ALIGN (0x4)
                0x0800087c                        __exidx_start = .
 *(.ARM.exidx*)
                0x0800087c                        __exidx_end = .
                0x0800087c                        . = ALIGN (0x4)

.preinit_array  0x0800087c        0x0
                0x0800087c                        . = ALIGN (0x4)
                0x0800087c                        PROVIDE (__preinit_array_start = .)
 *(.preinit_array*)
                0x0800087c                        PROVIDE (__preinit_array_end = .)
                0x0800087c                        . = ALIGN (0x4)

.init_array     0x0800087c        0x8
                0x0800087c                        . = ALIGN (0x4)
                0x0800087c                        PROVIDE (__init_array_start = .)
 *(SORT_BY_NAME(.init_array.*))
 .init_array.00000
                0x0800087c        0x4 c:/program files (x86)/arm gnu toolchain arm-none-eabi/12.3 rel1/bin/../lib/gcc/arm-none-eabi/12.3.1\libc.a(libc_a-__call_atexit.o)
 *(.init_array*)
 .init_array    0x08000880        0x4 c:/program files (x86)/arm gnu toolchain arm-none-eabi/12.3 rel1/bin/../lib/gcc/arm-none-eabi/12.3.1/crtbegin.o
                0x08000884                        PROVIDE (__init_array_end = .)
                0x08000884                        . = ALIGN (0x4)

.fini_array     0x08000884        0x4
                0x08000884                        . = ALIGN (0x4)
                0x08000884                        PROVIDE (__fini_array_start = .)
 *(SORT_BY_NAME(.fini_array.*))
 *(.fini_array*)
 .fini_array    0x08000884        0x4 c:/program files (x86)/arm gnu toolchain arm-none-eabi/12.3 rel1/bin/../lib/gcc/arm-none-eabi/12.3.1/crtbegin.o
                0x08000888                        PROVIDE (__fini_array_end = .)
                0x08000888                        . = ALIGN (0x4)
                0x08000888                        _sidata = LOADADDR (.data)

.rel.dyn        0x08000888        0x0
 .rel.iplt      0x08000888        0x0 c:/program files (x86)/arm gnu toolchain arm-none-eabi/12.3 rel1/bin/../lib/gcc/arm-none-eabi/12.3.1/crtbegin.o

.data           0x20000000        0x4 load address 0x08000888
                0x20000000                        . = ALIGN (0x4)
                0x20000000                        _sdata = .
 *(.data)
 *(.data*)
 .data.__atexit_recursive_mutex
                0x20000000        0x4 c:/program files (x86)/arm gnu toolchain arm-none-eabi/12.3 rel1/bin/../lib/gcc/arm-none-eabi/12.3.1\libc.a(libc_a-__call_atexit.o)
                0x20000000                __atexit_recursive_mutex
 *(.RamFunc)
 *(.RamFunc*)
                0x20000004                        . = ALIGN (0x4)
                0x20000004                        _edata = .

.tm_clone_table
                0x20000004        0x0 load address 0x0800088c
 .tm_clone_table
                0x20000004        0x0 c:/program files (x86)/arm gnu toolchain arm-none-eabi/12.3 rel1/bin/../lib/gcc/arm-none-eabi/12.3.1/crtbegin.o
 .tm_clone_table
                0x20000004        0x0 c:/program files (x86)/arm gnu toolchain arm-none-eabi/12.3 rel1/bin/../lib/gcc/arm-none-eabi/12.3.1/crtend.o

.igot.plt       0x20000004        0x0 load address 0x0800088c
 .igot.plt      0x20000004        0x0 c:/program files (x86)/arm gnu toolchain arm-none-eabi/12.3 rel1/bin/../lib/gcc/arm-none-eabi/12.3.1/crtbegin.o
                0x20000004                        . = ALIGN (0x4)

.bss            0x20000004      0x1b8 load address 0x0800088c
                0x20000004                        _sbss = .
                0x20000004                        __bss_start__ = _sbss
 *(.bss)
 .bss           0x20000004        0x4 build\Delay.o
                0x20000004                tim1_cnt
 *(.bss*)
 .bss.completed.1
                0x20000008        0x1 c:/program files (x86)/arm gnu toolchain arm-none-eabi/12.3 rel1/bin/../lib/gcc/arm-none-eabi/12.3.1/crtbegin.o
 *fill*         0x20000009        0x3 
 .bss.object.0  0x2000000c       0x18 c:/program files (x86)/arm gnu toolchain arm-none-eabi/12.3 rel1/bin/../lib/gcc/arm-none-eabi/12.3.1/crtbegin.o
 .bss.__lock___atexit_recursive_mutex
                0x20000024        0x1 c:/program files (x86)/arm gnu toolchain arm-none-eabi/12.3 rel1/bin/../lib/gcc/arm-none-eabi/12.3.1\libc.a(libc_a-lock.o)
                0x20000024                __lock___atexit_recursive_mutex
 *fill*         0x20000025        0x3 
 .bss.__atexit  0x20000028        0x4 c:/program files (x86)/arm gnu toolchain arm-none-eabi/12.3 rel1/bin/../lib/gcc/arm-none-eabi/12.3.1\libc.a(libc_a-__call_atexit.o)
                0x20000028                __atexit
 .bss.__atexit0
                0x2000002c      0x190 c:/program files (x86)/arm gnu toolchain arm-none-eabi/12.3 rel1/bin/../lib/gcc/arm-none-eabi/12.3.1\libc.a(libc_a-__atexit.o)
                0x2000002c                __atexit0
 *(COMMON)
                0x200001bc                        . = ALIGN (0x4)
                0x200001bc                        _ebss = .
                0x200001bc                        __bss_end__ = _ebss

._user_heap_stack
                0x200001bc      0x604 load address 0x0800088c
                0x200001c0                        . = ALIGN (0x8)
 *fill*         0x200001bc        0x4 
                [!provide]                        PROVIDE (end = .)
                [!provide]                        PROVIDE (_end = .)
                0x200003c0                        . = (. + _Min_Heap_Size)
 *fill*         0x200001c0      0x200 
                0x200007c0                        . = (. + _Min_Stack_Size)
 *fill*         0x200003c0      0x400 
                0x200007c0                        . = ALIGN (0x8)

/DISCARD/
 libc.a(*)
 libm.a(*)
 libgcc.a(*)

.ARM.attributes
                0x00000000       0x2c
 *(.ARM.attributes)
 .ARM.attributes
                0x00000000       0x1c c:/program files (x86)/arm gnu toolchain arm-none-eabi/12.3 rel1/bin/../lib/gcc/arm-none-eabi/12.3.1/crti.o
 .ARM.attributes
                0x0000001c       0x2a c:/program files (x86)/arm gnu toolchain arm-none-eabi/12.3 rel1/bin/../lib/gcc/arm-none-eabi/12.3.1/crtbegin.o
 .ARM.attributes
                0x00000046       0x2e build\clock.o
 .ARM.attributes
                0x00000074       0x2e build\Delay.o
 .ARM.attributes
                0x000000a2       0x2e build\Led.o
 .ARM.attributes
                0x000000d0       0x2e build\main.o
 .ARM.attributes
                0x000000fe       0x21 build\startup.o
 .ARM.attributes
                0x0000011f       0x2e build\low_power.o
 .ARM.attributes
                0x0000014d       0x2a c:/program files (x86)/arm gnu toolchain arm-none-eabi/12.3 rel1/bin/../lib/gcc/arm-none-eabi/12.3.1\libc.a(libc_a-init.o)
 .ARM.attributes
                0x00000177       0x2a c:/program files (x86)/arm gnu toolchain arm-none-eabi/12.3 rel1/bin/../lib/gcc/arm-none-eabi/12.3.1\libc.a(libc_a-lock.o)
 .ARM.attributes
                0x000001a1       0x2a c:/program files (x86)/arm gnu toolchain arm-none-eabi/12.3 rel1/bin/../lib/gcc/arm-none-eabi/12.3.1\libc.a(libc_a-__call_atexit.o)
 .ARM.attributes
                0x000001cb       0x2a c:/program files (x86)/arm gnu toolchain arm-none-eabi/12.3 rel1/bin/../lib/gcc/arm-none-eabi/12.3.1\libc.a(libc_a-atexit.o)
 .ARM.attributes
                0x000001f5       0x2a c:/program files (x86)/arm gnu toolchain arm-none-eabi/12.3 rel1/bin/../lib/gcc/arm-none-eabi/12.3.1\libc.a(libc_a-fini.o)
 .ARM.attributes
                0x0000021f       0x2a c:/program files (x86)/arm gnu toolchain arm-none-eabi/12.3 rel1/bin/../lib/gcc/arm-none-eabi/12.3.1\libc.a(libc_a-__atexit.o)
 .ARM.attributes
                0x00000249       0x2a c:/program files (x86)/arm gnu toolchain arm-none-eabi/12.3 rel1/bin/../lib/gcc/arm-none-eabi/12.3.1/crtend.o
 .ARM.attributes
                0x00000273       0x1c c:/program files (x86)/arm gnu toolchain arm-none-eabi/12.3 rel1/bin/../lib/gcc/arm-none-eabi/12.3.1/crtn.o
OUTPUT(build/blink_led.elf elf32-littlearm)
LOAD linker stubs
LOAD c:/program files (x86)/arm gnu toolchain arm-none-eabi/12.3 rel1/bin/../lib/gcc/arm-none-eabi/12.3.1\libc.a
LOAD c:/program files (x86)/arm gnu toolchain arm-none-eabi/12.3 rel1/bin/../lib/gcc/arm-none-eabi/12.3.1\libm.a
LOAD c:/program files (x86)/arm gnu toolchain arm-none-eabi/12.3 rel1/bin/../lib/gcc/arm-none-eabi/12.3.1\libgcc.a

.comment        0x00000000       0x45
 .comment       0x00000000       0x45 build\clock.o
                                 0x46 (size before relaxing)
 .comment       0x00000045       0x46 build\Delay.o
 .comment       0x00000045       0x46 build\Led.o
 .comment       0x00000045       0x46 build\main.o
 .comment       0x00000045       0x46 build\low_power.o

.debug_frame    0x00000000      0x1e4
 .debug_frame   0x00000000       0x34 c:/program files (x86)/arm gnu toolchain arm-none-eabi/12.3 rel1/bin/../lib/gcc/arm-none-eabi/12.3.1\libc.a(libc_a-init.o)
 .debug_frame   0x00000034       0xb0 c:/program files (x86)/arm gnu toolchain arm-none-eabi/12.3 rel1/bin/../lib/gcc/arm-none-eabi/12.3.1\libc.a(libc_a-lock.o)
 .debug_frame   0x000000e4       0x64 c:/program files (x86)/arm gnu toolchain arm-none-eabi/12.3 rel1/bin/../lib/gcc/arm-none-eabi/12.3.1\libc.a(libc_a-__call_atexit.o)
 .debug_frame   0x00000148       0x2c c:/program files (x86)/arm gnu toolchain arm-none-eabi/12.3 rel1/bin/../lib/gcc/arm-none-eabi/12.3.1\libc.a(libc_a-atexit.o)
 .debug_frame   0x00000174       0x34 c:/program files (x86)/arm gnu toolchain arm-none-eabi/12.3 rel1/bin/../lib/gcc/arm-none-eabi/12.3.1\libc.a(libc_a-fini.o)
 .debug_frame   0x000001a8       0x3c c:/program files (x86)/arm gnu toolchain arm-none-eabi/12.3 rel1/bin/../lib/gcc/arm-none-eabi/12.3.1\libc.a(libc_a-__atexit.o)
