Archive member included to satisfy reference by file (symbol)

c:/program files (x86)/arm gnu toolchain arm-none-eabi/12.3 rel1/bin/../lib/gcc/arm-none-eabi/12.3.1/thumb/v7e-m+fp/hard\libgcc.a(_arm_addsubdf3.o)
                              build\ADC.o (__aeabi_dadd)
c:/program files (x86)/arm gnu toolchain arm-none-eabi/12.3 rel1/bin/../lib/gcc/arm-none-eabi/12.3.1/thumb/v7e-m+fp/hard\libgcc.a(_arm_muldivdf3.o)
                              build\ADC.o (__aeabi_ddiv)
c:/program files (x86)/arm gnu toolchain arm-none-eabi/12.3 rel1/bin/../lib/gcc/arm-none-eabi/12.3.1/thumb/v7e-m+fp/hard\libgcc.a(_arm_truncdfsf2.o)
                              build\ADC.o (__aeabi_d2f)
c:/program files (x86)/arm gnu toolchain arm-none-eabi/12.3 rel1/bin/../lib/gcc/arm-none-eabi/12.3.1/thumb/v7e-m+fp/hard\libc_nano.a(libc_a-exit.o)
                              c:/program files (x86)/arm gnu toolchain arm-none-eabi/12.3 rel1/bin/../lib/gcc/arm-none-eabi/12.3.1/thumb/v7e-m+fp/hard/crt0.o (exit)
c:/program files (x86)/arm gnu toolchain arm-none-eabi/12.3 rel1/bin/../lib/gcc/arm-none-eabi/12.3.1/thumb/v7e-m+fp/hard\libc_nano.a(libc_a-nano-vfprintf_float.o)
                              (_printf_float)
c:/program files (x86)/arm gnu toolchain arm-none-eabi/12.3 rel1/bin/../lib/gcc/arm-none-eabi/12.3.1/thumb/v7e-m+fp/hard\libc_nano.a(libc_a-nano-vfprintf_i.o)
                              c:/program files (x86)/arm gnu toolchain arm-none-eabi/12.3 rel1/bin/../lib/gcc/arm-none-eabi/12.3.1/thumb/v7e-m+fp/hard\libc_nano.a(libc_a-nano-vfprintf_float.o) (_printf_common)
c:/program files (x86)/arm gnu toolchain arm-none-eabi/12.3 rel1/bin/../lib/gcc/arm-none-eabi/12.3.1/thumb/v7e-m+fp/hard\libc_nano.a(libc_a-findfp.o)
                              c:/program files (x86)/arm gnu toolchain arm-none-eabi/12.3 rel1/bin/../lib/gcc/arm-none-eabi/12.3.1/thumb/v7e-m+fp/hard\libc_nano.a(libc_a-exit.o) (__stdio_exit_handler)
c:/program files (x86)/arm gnu toolchain arm-none-eabi/12.3 rel1/bin/../lib/gcc/arm-none-eabi/12.3.1/thumb/v7e-m+fp/hard\libc_nano.a(libc_a-fwalk.o)
                              c:/program files (x86)/arm gnu toolchain arm-none-eabi/12.3 rel1/bin/../lib/gcc/arm-none-eabi/12.3.1/thumb/v7e-m+fp/hard\libc_nano.a(libc_a-findfp.o) (_fwalk_sglue)
c:/program files (x86)/arm gnu toolchain arm-none-eabi/12.3 rel1/bin/../lib/gcc/arm-none-eabi/12.3.1/thumb/v7e-m+fp/hard\libc_nano.a(libc_a-stdio.o)
                              c:/program files (x86)/arm gnu toolchain arm-none-eabi/12.3 rel1/bin/../lib/gcc/arm-none-eabi/12.3.1/thumb/v7e-m+fp/hard\libc_nano.a(libc_a-findfp.o) (__sread)
c:/program files (x86)/arm gnu toolchain arm-none-eabi/12.3 rel1/bin/../lib/gcc/arm-none-eabi/12.3.1/thumb/v7e-m+fp/hard\libc_nano.a(libc_a-vsprintf.o)
                              build/Usart.o (vsprintf)
c:/program files (x86)/arm gnu toolchain arm-none-eabi/12.3 rel1/bin/../lib/gcc/arm-none-eabi/12.3.1/thumb/v7e-m+fp/hard\libc_nano.a(libc_a-memset.o)
                              c:/program files (x86)/arm gnu toolchain arm-none-eabi/12.3 rel1/bin/../lib/gcc/arm-none-eabi/12.3.1/thumb/v7e-m+fp/hard/crt0.o (memset)
c:/program files (x86)/arm gnu toolchain arm-none-eabi/12.3 rel1/bin/../lib/gcc/arm-none-eabi/12.3.1/thumb/v7e-m+fp/hard\libc_nano.a(libc_a-localeconv.o)
                              c:/program files (x86)/arm gnu toolchain arm-none-eabi/12.3 rel1/bin/../lib/gcc/arm-none-eabi/12.3.1/thumb/v7e-m+fp/hard\libc_nano.a(libc_a-nano-vfprintf_float.o) (_localeconv_r)
c:/program files (x86)/arm gnu toolchain arm-none-eabi/12.3 rel1/bin/../lib/gcc/arm-none-eabi/12.3.1/thumb/v7e-m+fp/hard\libc_nano.a(libc_a-closer.o)
                              c:/program files (x86)/arm gnu toolchain arm-none-eabi/12.3 rel1/bin/../lib/gcc/arm-none-eabi/12.3.1/thumb/v7e-m+fp/hard\libc_nano.a(libc_a-stdio.o) (_close_r)
c:/program files (x86)/arm gnu toolchain arm-none-eabi/12.3 rel1/bin/../lib/gcc/arm-none-eabi/12.3.1/thumb/v7e-m+fp/hard\libc_nano.a(libc_a-reent.o)
                              c:/program files (x86)/arm gnu toolchain arm-none-eabi/12.3 rel1/bin/../lib/gcc/arm-none-eabi/12.3.1/thumb/v7e-m+fp/hard\libc_nano.a(libc_a-closer.o) (errno)
c:/program files (x86)/arm gnu toolchain arm-none-eabi/12.3 rel1/bin/../lib/gcc/arm-none-eabi/12.3.1/thumb/v7e-m+fp/hard\libc_nano.a(libc_a-impure.o)
                              c:/program files (x86)/arm gnu toolchain arm-none-eabi/12.3 rel1/bin/../lib/gcc/arm-none-eabi/12.3.1/thumb/v7e-m+fp/hard\libc_nano.a(libc_a-vsprintf.o) (_impure_ptr)
c:/program files (x86)/arm gnu toolchain arm-none-eabi/12.3 rel1/bin/../lib/gcc/arm-none-eabi/12.3.1/thumb/v7e-m+fp/hard\libc_nano.a(libc_a-lseekr.o)
                              c:/program files (x86)/arm gnu toolchain arm-none-eabi/12.3 rel1/bin/../lib/gcc/arm-none-eabi/12.3.1/thumb/v7e-m+fp/hard\libc_nano.a(libc_a-stdio.o) (_lseek_r)
[...]
Memory Configuration

Name             Origin             Length             Attributes
RAM              0x20000000         0x00020000         xrw
FLASH            0x08000000         0x00080000         xr
*default*        0x00000000         0xffffffff

Linker script and memory map

LOAD c:/program files (x86)/arm gnu toolchain arm-none-eabi/12.3 rel1/bin/../lib/gcc/arm-none-eabi/12.3.1/thumb/v7e-m+fp/hard/crti.o
LOAD c:/program files (x86)/arm gnu toolchain arm-none-eabi/12.3 rel1/bin/../lib/gcc/arm-none-eabi/12.3.1/thumb/v7e-m+fp/hard/crtbegin.o
LOAD c:/program files (x86)/arm gnu toolchain arm-none-eabi/12.3 rel1/bin/../lib/gcc/arm-none-eabi/12.3.1/thumb/v7e-m+fp/hard/crt0.o
LOAD build\ADC.o
LOAD build\capture.o
LOAD build\clock.o
LOAD build\Delay.o
LOAD build\Led.o
LOAD build\pwm.o
LOAD build/Usart.o
LOAD build\main.o
LOAD build\startup.o
LOAD build\low_power.o
LOAD build/croutine.o
LOAD build/event_groups.o
LOAD build/list.o
LOAD build/queue.o
LOAD build/stream_buffer.o
LOAD build/tasks.o
LOAD build/timers.o
LOAD build/port.o
LOAD build/heap_4.o
START GROUP
LOAD c:/program files (x86)/arm gnu toolchain arm-none-eabi/12.3 rel1/bin/../lib/gcc/arm-none-eabi/12.3.1/thumb/v7e-m+fp/hard\libgcc.a
LOAD c:/program files (x86)/arm gnu toolchain arm-none-eabi/12.3 rel1/bin/../lib/gcc/arm-none-eabi/12.3.1/thumb/v7e-m+fp/hard\libc_nano.a
END GROUP
START GROUP
LOAD c:/program files (x86)/arm gnu toolchain arm-none-eabi/12.3 rel1/bin/../lib/gcc/arm-none-eabi/12.3.1/thumb/v7e-m+fp/hard\libgcc.a
LOAD c:/program files (x86)/arm gnu toolchain arm-none-eabi/12.3 rel1/bin/../lib/gcc/arm-none-eabi/12.3.1/thumb/v7e-m+fp/hard\libc_nano.a
LOAD c:/program files (x86)/arm gnu toolchain arm-none-eabi/12.3 rel1/bin/../lib/gcc/arm-none-eabi/12.3.1/thumb/v7e-m+fp/hard\libnosys.a
END GROUP
START GROUP
LOAD c:/program files (x86)/arm gnu toolchain arm-none-eabi/12.3 rel1/bin/../lib/gcc/arm-none-eabi/12.3.1/thumb/v7e-m+fp/hard\libgcc.a
LOAD c:/program files (x86)/arm gnu toolchain arm-none-eabi/12.3 rel1/bin/../lib/gcc/arm-none-eabi/12.3.1/thumb/v7e-m+fp/hard\libc_nano.a
LOAD c:/program files (x86)/arm gnu toolchain arm-none-eabi/12.3 rel1/bin/../lib/gcc/arm-none-eabi/12.3.1/thumb/v7e-m+fp/hard\libnosys.a
END GROUP
LOAD c:/program files (x86)/arm gnu toolchain arm-none-eabi/12.3 rel1/bin/../lib/gcc/arm-none-eabi/12.3.1/thumb/v7e-m+fp/hard/crtend.o
LOAD c:/program files (x86)/arm gnu toolchain arm-none-eabi/12.3 rel1/bin/../lib/gcc/arm-none-eabi/12.3.1/thumb/v7e-m+fp/hard/crtn.o
                0x20020000                        _estack = (ORIGIN (RAM) + LENGTH (RAM))
                0x00000200                        _Min_Heap_Size = 0x200
                0x00000400                        _Min_Stack_Size = 0x400

.isr_vector     0x08000000      0x198
                0x08000000                        . = ALIGN (0x4)
 *(.isr_vector)
 .isr_vector    0x08000000      0x198 build\startup.o
                0x08000000                g_pfnVectors
                0x08000198                        . = ALIGN (0x4)

.text           0x080001a0     0xa30c
                0x080001a0                        . = ALIGN (0x4)
 *(.text)
 .text          0x080001a0      0x224 build\ADC.o
                0x080001a0                adc_init
                0x08000240                adc_get_temp_ss
                0x08000328                adc_get_vin_pa1
 .text          0x080003c4      0x1b0 build\clock.o
                0x080003c4                clock_init
                0x080004b4                clock_enable_AHB1
                0x080004e4                clock_enable_AHB2
                0x08000514                clock_enable_APB1
                0x08000544                clock_enable_APB2
 .text          0x08000574       0xdc build\Delay.o
                0x08000574                TIM1_UP_TIM10_IRQHandler
                0x080005ac                delay
                0x080005dc                delay_init
 .text          0x08000650       0x8c build\Led.o
                0x08000650                led_init
                0x08000684                led_control
 .text          0x080006dc      0x3dc build/Usart.o
                0x080006dc                UART_Init
                0x080007d4                UART1_Init
                0x08000840                UART_send_string
                0x0800087e                UART_read_1byte
                0x080008b8                USART1_IRQHandler
                0x080008f0                uart_rx_handler
                0x08000928                dma2_stream5_handler
                0x08000974                dma2_uart1_rx_init
                0x08000a14                usart_printf
 .text          0x08000ab8      0x2dc build\main.o
                0x08000ab8                vApplicationMallocFailedHook
                0x08000ac6                vApplicationTickHook
                0x08000ad4                vApplicationStackOverflowHook
                0x08000aea                vApplicationIdleHook
                0x08000af8                setup
                0x08000b08                func_1
                0x08000b32                func_2
                0x08000b5c                func_3
                0x08000bf4                func_4
                0x08000c50                func_5
                0x08000c8c                main
                0x08000d84                SystemInit
 .text          0x08000d94      0x62c build/event_groups.o
                0x08000d94                xEventGroupCreate
                0x08000dc2                xEventGroupSync
                0x08000f1c                xEventGroupWaitBits
                0x080010b8                xEventGroupClearBits
                0x08001126                xEventGroupGetBitsFromISR
                0x0800116e                xEventGroupSetBits
                0x08001282                vEventGroupDelete
                0x08001300                vEventGroupSetBitsCallback
                0x0800131a                vEventGroupClearBitsCallback
                0x08001378                uxEventGroupGetNumber
                0x080013a4                vEventGroupSetNumber
 .text          0x080013c0      0x168 build/list.o
                0x080013c0                vListInitialise
                0x08001400                vListInitialiseItem
                0x0800141a                vListInsertEnd
                0x08001462                vListInsert
                0x080014d4                uxListRemove
 .text          0x08001528     0x15c8 build/queue.o
                0x08001528                xQueueGenericReset
                0x08001648                xQueueGenericCreate
                0x0800175e                xQueueCreateMutex
                0x0800178e                xQueueGiveMutexRecursive
                0x080017f6                xQueueTakeMutexRecursive
                0x08001862                xQueueCreateCountingSemaphore
                0x080018be                xQueueGenericSend
                0x08001abc                xQueueGenericSendFromISR
                0x08001c20                xQueueGiveFromISR
                0x08001d68                xQueueReceive
                0x08001f28                xQueueSemaphoreTake
                0x08002124                xQueuePeek
                0x080022e8                xQueueReceiveFromISR
                0x08002416                xQueuePeekFromISR
                0x080024e8                uxQueueMessagesWaiting
                0x08002524                uxQueueSpacesAvailable
                0x0800256a                uxQueueMessagesWaitingFromISR
                0x080025a6                vQueueDelete
                0x080025e2                uxQueueGetQueueNumber
                0x080025fa                vQueueSetQueueNumber
                0x08002616                ucQueueGetQueueType
                0x08002850                xQueueIsQueueEmptyFromISR
                0x080028c8                xQueueIsQueueFullFromISR
                0x08002914                vQueueAddToRegistry
                0x080029b0                pcQueueGetName
                0x08002a18                vQueueUnregisterQueue
                0x08002a88                vQueueWaitForMessageRestricted
 .text          0x08002af0     0x2d64 build/tasks.o
                0x08002af0                xTaskCreate
                0x08002dc4                vTaskDelete
                0x08002eec                xTaskDelayUntil
                0x08002fe8                vTaskDelay
                0x08003050                eTaskGetState
                0x08003144                uxTaskPriorityGet
                0x08003178                uxTaskPriorityGetFromISR
                0x080031d0                vTaskPrioritySet
                0x08003374                vTaskSuspend
                0x08003518                vTaskResume
                0x08003624                xTaskResumeFromISR
                0x08003760                vTaskStartScheduler
                0x08003804                vTaskEndScheduler
                0x08003834                vTaskSuspendAll
                0x08003850                xTaskResumeAll
                0x08003a48                xTaskGetTickCount
                0x08003a68                xTaskGetTickCountFromISR
                0x08003a8c                uxTaskGetNumberOfTasks
                0x08003aa4                pcTaskGetName
                0x08003aec                uxTaskGetSystemState
                0x08003c08                xTaskCatchUpTicks
                0x08003c60                xTaskIncrementTick
                0x08003e9c                vTaskSwitchContext
                0x08003f9c                vTaskPlaceOnEventList
                0x08003fe4                vTaskPlaceOnUnorderedEventList
                0x08004090                vTaskPlaceOnEventListRestricted
                0x0800411c                xTaskRemoveFromEventList
                0x080042c8                vTaskRemoveFromUnorderedEventList
                0x08004448                vTaskSetTimeOutState
                0x08004494                vTaskInternalSetTimeOutState
                0x080044c0                xTaskCheckForTimeOut
                0x0800458c                vTaskMissedYield
                0x080045a4                uxTaskGetTaskNumber
                0x080045d0                vTaskSetTaskNumber
                0x08004704                vTaskGetInfo
                0x08004904                xTaskGetCurrentTaskHandle
                0x08004924                xTaskGetSchedulerState
                0x08004960                xTaskPriorityInherit
                0x08004a9c                xTaskPriorityDisinherit
                0x08004be4                vTaskPriorityDisinheritAfterTimeout
                0x08004d54                uxTaskResetEventItemValue
                0x08004d84                pvTaskIncrementMutexHeldCount
                0x08004dac                ulTaskGenericNotifyTake
                0x08004e7c                xTaskGenericNotifyWait
                0x08004f7c                xTaskGenericNotify
                0x080051c0                xTaskGenericNotifyFromISR
                0x08005478                vTaskGenericNotifyGiveFromISR
                0x08005684                xTaskGenericNotifyStateClear
                0x080056f8                ulTaskGenericNotifyValueClear
 .text          0x08005854      0x90c build/timers.o
                0x08005854                xTimerCreateTimerTask
                0x080058b8                xTimerCreate
                0x0800596a                xTimerGenericCommand
                0x08005a04                xTimerGetTimerDaemonTaskHandle
                0x08005a3c                xTimerGetPeriod
                0x08005a74                vTimerSetReloadMode
                0x08005ada                xTimerGetReloadMode
                0x08005b2c                uxTimerGetReloadMode
                0x08005b44                xTimerGetExpiryTime
                0x08005b80                pcTimerGetName
                0x08006058                xTimerIsTimerActive
                0x080060aa                pvTimerGetTimerID
                0x080060ea                vTimerSetTimerID
                0x0800612a                uxTimerGetTimerNumber
                0x08006142                vTimerSetTimerNumber
 .text          0x08006160      0x4b4 build/port.o
                0x08006160                pxPortInitialiseStack
                0x08006220                SVC_Handler
                0x0800626e                xPortStartScheduler
                0x080063b0                vPortEndScheduler
                0x080063e8                vPortEnterCritical
                0x08006448                vPortExitCritical
                0x0800649c                PendSV_Handler
                0x08006506                SysTick_Handler
                0x0800654c                vPortSetupTimerInterrupt
                0x08006596                vPortValidateInterruptPriority
 .text          0x08006614      0x4fc build/heap_4.o
                0x08006614                pvPortMalloc
                0x08006790                vPortFree
                0x08006848                xPortGetFreeHeapSize
                0x08006860                xPortGetMinimumEverFreeHeapSize
                0x08006878                vPortInitialiseBlocks
                0x08006886                pvPortCalloc
                0x08006a54                vPortGetHeapStats
 .text          0x08006b10      0x378 c:/program files (x86)/arm gnu toolchain arm-none-eabi/12.3 rel1/bin/../lib/gcc/arm-none-eabi/12.3.1/thumb/v7e-m+fp/hard\libgcc.a(_arm_addsubdf3.o)
                0x08006b10                __aeabi_drsub
                0x08006b18                __aeabi_dsub
                0x08006b18                __subdf3
                0x08006b1c                __aeabi_dadd
                0x08006b1c                __adddf3
                0x08006d94                __floatunsidf
                0x08006d94                __aeabi_ui2d
                0x08006db4                __floatsidf
                0x08006db4                __aeabi_i2d
                0x08006dd8                __aeabi_f2d
                0x08006dd8                __extendsfdf2
                0x08006e1c                __floatundidf
                0x08006e1c                __aeabi_ul2d
                0x08006e2c                __floatdidf
                0x08006e2c                __aeabi_l2d
 .text          0x08006e88      0x424 c:/program files (x86)/arm gnu toolchain arm-none-eabi/12.3 rel1/bin/../lib/gcc/arm-none-eabi/12.3.1/thumb/v7e-m+fp/hard\libgcc.a(_arm_muldivdf3.o)
                0x08006e88                __aeabi_dmul
                0x08006e88                __muldf3
                0x080070dc                __divdf3
                0x080070dc                __aeabi_ddiv
 .text          0x080072ac       0xa0 c:/program files (x86)/arm gnu toolchain arm-none-eabi/12.3 rel1/bin/../lib/gcc/arm-none-eabi/12.3.1/thumb/v7e-m+fp/hard\libgcc.a(_arm_truncdfsf2.o)
                0x080072ac                __truncdfsf2
                0x080072ac                __aeabi_d2f
 *fill*         0x0800734c        0x4 
 .text          0x08007350       0xa0 c:/program files (x86)/arm gnu toolchain arm-none-eabi/12.3 rel1/bin/../lib/gcc/arm-none-eabi/12.3.1/thumb/v7e-m+fp/hard\libc_nano.a(libc_a-memchr.o)
                0x08007350                memchr
 .text          0x080073f0       0x10 c:/program files (x86)/arm gnu toolchain arm-none-eabi/12.3 rel1/bin/../lib/gcc/arm-none-eabi/12.3.1/thumb/v7e-m+fp/hard\libc_nano.a(libc_a-strlen.o)
                0x080073f0                strlen
 .text          0x08007400      0x110 c:/program files (x86)/arm gnu toolchain arm-none-eabi/12.3 rel1/bin/../lib/gcc/arm-none-eabi/12.3.1/thumb/v7e-m+fp/hard\libgcc.a(_arm_cmpdf2.o)
                0x08007400                __gtdf2
                0x08007400                __gedf2
                0x08007408                __ltdf2
                0x08007408                __ledf2
                0x08007410                __nedf2
                0x08007410                __eqdf2
                0x08007410                __cmpdf2
                0x0800748c                __aeabi_cdrcmple
                0x0800749c                __aeabi_cdcmpeq
                0x0800749c                __aeabi_cdcmple
                0x080074ac                __aeabi_dcmpeq
                0x080074c0                __aeabi_dcmplt
                0x080074d4                __aeabi_dcmple
                0x080074e8                __aeabi_dcmpge
                0x080074fc                __aeabi_dcmpgt
 .text          0x08007510       0x2c c:/program files (x86)/arm gnu toolchain arm-none-eabi/12.3 rel1/bin/../lib/gcc/arm-none-eabi/12.3.1/thumb/v7e-m+fp/hard\libgcc.a(_arm_unorddf2.o)
                0x08007510                __unorddf2
                0x08007510                __aeabi_dcmpun
 .text          0x0800753c       0x50 c:/program files (x86)/arm gnu toolchain arm-none-eabi/12.3 rel1/bin/../lib/gcc/arm-none-eabi/12.3.1/thumb/v7e-m+fp/hard\libgcc.a(_arm_fixdfsi.o)
                0x0800753c                __aeabi_d2iz
                0x0800753c                __fixdfsi
 *(.text*)
 .text.deregister_tm_clones
                0x0800758c       0x1c c:/program files (x86)/arm gnu toolchain arm-none-eabi/12.3 rel1/bin/../lib/gcc/arm-none-eabi/12.3.1/thumb/v7e-m+fp/hard/crtbegin.o
 .text.register_tm_clones
                0x080075a8       0x24 c:/program files (x86)/arm gnu toolchain arm-none-eabi/12.3 rel1/bin/../lib/gcc/arm-none-eabi/12.3.1/thumb/v7e-m+fp/hard/crtbegin.o
 .text.__do_global_dtors_aux
                0x080075cc       0x28 c:/program files (x86)/arm gnu toolchain arm-none-eabi/12.3 rel1/bin/../lib/gcc/arm-none-eabi/12.3.1/thumb/v7e-m+fp/hard/crtbegin.o
 .text.frame_dummy
                0x080075f4       0x24 c:/program files (x86)/arm gnu toolchain arm-none-eabi/12.3 rel1/bin/../lib/gcc/arm-none-eabi/12.3.1/thumb/v7e-m+fp/hard/crtbegin.o
 .text.Reset_Handler
                0x08007618       0x50 build\startup.o
                0x08007618                Reset_Handler
 .text.Default_Handler
                0x08007668        0x2 build\startup.o
                0x08007668                RTC_Alarm_IRQHandler
                0x08007668                EXTI2_IRQHandler
                0x08007668                DebugMon_Handler
                0x08007668                SPI4_IRQHandler
                0x08007668                TIM1_CC_IRQHandler
                0x08007668                DMA2_Stream5_IRQHandler
                0x08007668                HardFault_Handler
                0x08007668                DMA1_Stream5_IRQHandler
                0x08007668                PVD_IRQHandler
                0x08007668                SDIO_IRQHandler
                0x08007668                TAMP_STAMP_IRQHandler
                0x08007668                NMI_Handler
                0x08007668                EXTI3_IRQHandler
                0x08007668                I2C3_ER_IRQHandler
                0x08007668                EXTI0_IRQHandler
                0x08007668                I2C2_EV_IRQHandler
                0x08007668                DMA1_Stream2_IRQHandler
                0x08007668                FPU_IRQHandler
                0x08007668                UsageFault_Handler
                0x08007668                DMA2_Stream2_IRQHandler
                0x08007668                SPI1_IRQHandler
                0x08007668                TIM1_BRK_TIM9_IRQHandler
                0x08007668                DMA2_Stream3_IRQHandler
                0x08007668                USART6_IRQHandler
                0x08007668                DMA2_Stream0_IRQHandler
                0x08007668                TIM4_IRQHandler
                0x08007668                I2C1_EV_IRQHandler
                0x08007668                DMA1_Stream6_IRQHandler
                0x08007668                DMA1_Stream1_IRQHandler
                0x08007668                TIM3_IRQHandler
                0x08007668                RCC_IRQHandler
                0x08007668                Default_Handler
                0x08007668                EXTI15_10_IRQHandler
                0x08007668                ADC_IRQHandler
                0x08007668                DMA1_Stream7_IRQHandler
                0x08007668                SPI5_IRQHandler
                0x08007668                TIM5_IRQHandler
                0x08007668                DMA2_Stream7_IRQHandler
                0x08007668                I2C3_EV_IRQHandler
                0x08007668                EXTI9_5_IRQHandler
                0x08007668                RTC_WKUP_IRQHandler
                0x08007668                SPI2_IRQHandler
                0x08007668                MemManage_Handler
                0x08007668                DMA1_Stream0_IRQHandler
                0x08007668                EXTI4_IRQHandler
                0x08007668                WWDG_IRQHandler
                0x08007668                TIM2_IRQHandler
                0x08007668                OTG_FS_WKUP_IRQHandler
                0x08007668                TIM1_TRG_COM_TIM11_IRQHandler
                0x08007668                EXTI1_IRQHandler
                0x08007668                USART2_IRQHandler
                0x08007668                I2C2_ER_IRQHandler
                0x08007668                DMA2_Stream1_IRQHandler
                0x08007668                FLASH_IRQHandler
                0x08007668                DMA2_Stream4_IRQHandler
                0x08007668                BusFault_Handler
                0x08007668                OTG_FS_IRQHandler
                0x08007668                SPI3_IRQHandler
                0x08007668                DMA1_Stream4_IRQHandler
                0x08007668                I2C1_ER_IRQHandler
                0x08007668                DMA2_Stream6_IRQHandler
                0x08007668                DMA1_Stream3_IRQHandler
 .text.__cvt    0x0800766a       0xd2 c:/program files (x86)/arm gnu toolchain arm-none-eabi/12.3 rel1/bin/../lib/gcc/arm-none-eabi/12.3.1/thumb/v7e-m+fp/hard\libc_nano.a(libc_a-nano-vfprintf_float.o)
                0x0800766a                __cvt
 .text.__exponent
                0x0800773c       0x74 c:/program files (x86)/arm gnu toolchain arm-none-eabi/12.3 rel1/bin/../lib/gcc/arm-none-eabi/12.3.1/thumb/v7e-m+fp/hard\libc_nano.a(libc_a-nano-vfprintf_float.o)
                0x0800773c                __exponent
 .text._printf_float
                0x080077b0      0x464 c:/program files (x86)/arm gnu toolchain arm-none-eabi/12.3 rel1/bin/../lib/gcc/arm-none-eabi/12.3.1/thumb/v7e-m+fp/hard\libc_nano.a(libc_a-nano-vfprintf_float.o)
                0x080077b0                _printf_float
 .text._printf_common
                0x08007c14       0xda c:/program files (x86)/arm gnu toolchain arm-none-eabi/12.3 rel1/bin/../lib/gcc/arm-none-eabi/12.3.1/thumb/v7e-m+fp/hard\libc_nano.a(libc_a-nano-vfprintf_i.o)
                0x08007c14                _printf_common
 *fill*         0x08007cee        0x2 
 .text._printf_i
                0x08007cf0      0x258 c:/program files (x86)/arm gnu toolchain arm-none-eabi/12.3 rel1/bin/../lib/gcc/arm-none-eabi/12.3.1/thumb/v7e-m+fp/hard\libc_nano.a(libc_a-nano-vfprintf_i.o)
                0x08007cf0                _printf_i
 .text.std      0x08007f48       0x6c c:/program files (x86)/arm gnu toolchain arm-none-eabi/12.3 rel1/bin/../lib/gcc/arm-none-eabi/12.3.1/thumb/v7e-m+fp/hard\libc_nano.a(libc_a-findfp.o)
 .text.stdio_exit_handler
                0x08007fb4       0x18 c:/program files (x86)/arm gnu toolchain arm-none-eabi/12.3 rel1/bin/../lib/gcc/arm-none-eabi/12.3.1/thumb/v7e-m+fp/hard\libc_nano.a(libc_a-findfp.o)
 .text.cleanup_stdio
                0x08007fcc       0x40 c:/program files (x86)/arm gnu toolchain arm-none-eabi/12.3 rel1/bin/../lib/gcc/arm-none-eabi/12.3.1/thumb/v7e-m+fp/hard\libc_nano.a(libc_a-findfp.o)
 .text.global_stdio_init.part.0
                0x0800800c       0x3c c:/program files (x86)/arm gnu toolchain arm-none-eabi/12.3 rel1/bin/../lib/gcc/arm-none-eabi/12.3.1/thumb/v7e-m+fp/hard\libc_nano.a(libc_a-findfp.o)
 .text.__sfp_lock_acquire
                0x08008048        0xc c:/program files (x86)/arm gnu toolchain arm-none-eabi/12.3 rel1/bin/../lib/gcc/arm-none-eabi/12.3.1/thumb/v7e-m+fp/hard\libc_nano.a(libc_a-findfp.o)
                0x08008048                __sfp_lock_acquire
 .text.__sfp_lock_release
                0x08008054        0xc c:/program files (x86)/arm gnu toolchain arm-none-eabi/12.3 rel1/bin/../lib/gcc/arm-none-eabi/12.3.1/thumb/v7e-m+fp/hard\libc_nano.a(libc_a-findfp.o)
                0x08008054                __sfp_lock_release
 .text.__sinit  0x08008060       0x30 c:/program files (x86)/arm gnu toolchain arm-none-eabi/12.3 rel1/bin/../lib/gcc/arm-none-eabi/12.3.1/thumb/v7e-m+fp/hard\libc_nano.a(libc_a-findfp.o)
                0x08008060                __sinit
 .text._fwalk_sglue
                0x08008090       0x3c c:/program files (x86)/arm gnu toolchain arm-none-eabi/12.3 rel1/bin/../lib/gcc/arm-none-eabi/12.3.1/thumb/v7e-m+fp/hard\libc_nano.a(libc_a-fwalk.o)
                0x08008090                _fwalk_sglue
 .text.__sread  0x080080cc       0x22 c:/program files (x86)/arm gnu toolchain arm-none-eabi/12.3 rel1/bin/../lib/gcc/arm-none-eabi/12.3.1/thumb/v7e-m+fp/hard\libc_nano.a(libc_a-stdio.o)
                0x080080cc                __sread
 .text.__swrite
                0x080080ee       0x38 c:/program files (x86)/arm gnu toolchain arm-none-eabi/12.3 rel1/bin/../lib/gcc/arm-none-eabi/12.3.1/thumb/v7e-m+fp/hard\libc_nano.a(libc_a-stdio.o)
                0x080080ee                __swrite
 .text.__sseek  0x08008126       0x24 c:/program files (x86)/arm gnu toolchain arm-none-eabi/12.3 rel1/bin/../lib/gcc/arm-none-eabi/12.3.1/thumb/v7e-m+fp/hard\libc_nano.a(libc_a-stdio.o)
                0x08008126                __sseek
 .text.__sclose
                0x0800814a        0x8 c:/program files (x86)/arm gnu toolchain arm-none-eabi/12.3 rel1/bin/../lib/gcc/arm-none-eabi/12.3.1/thumb/v7e-m+fp/hard\libc_nano.a(libc_a-stdio.o)
                0x0800814a                __sclose
 *fill*         0x08008152        0x2 
 .text._vsprintf_r
                0x08008154       0x2c c:/program files (x86)/arm gnu toolchain arm-none-eabi/12.3 rel1/bin/../lib/gcc/arm-none-eabi/12.3.1/thumb/v7e-m+fp/hard\libc_nano.a(libc_a-vsprintf.o)
                0x08008154                _vsprintf_r
                0x08008154                _vsiprintf_r
 .text.vsprintf
                0x08008180       0x14 c:/program files (x86)/arm gnu toolchain arm-none-eabi/12.3 rel1/bin/../lib/gcc/arm-none-eabi/12.3.1/thumb/v7e-m+fp/hard\libc_nano.a(libc_a-vsprintf.o)
                0x08008180                vsiprintf
                0x08008180                vsprintf
 .text.memset   0x08008194       0x10 c:/program files (x86)/arm gnu toolchain arm-none-eabi/12.3 rel1/bin/../lib/gcc/arm-none-eabi/12.3.1/thumb/v7e-m+fp/hard\libc_nano.a(libc_a-memset.o)
                0x08008194                memset
 .text._localeconv_r
                0x080081a4        0x8 c:/program files (x86)/arm gnu toolchain arm-none-eabi/12.3 rel1/bin/../lib/gcc/arm-none-eabi/12.3.1/thumb/v7e-m+fp/hard\libc_nano.a(libc_a-localeconv.o)
                0x080081a4                _localeconv_r
 .text._close_r
                0x080081ac       0x20 c:/program files (x86)/arm gnu toolchain arm-none-eabi/12.3 rel1/bin/../lib/gcc/arm-none-eabi/12.3.1/thumb/v7e-m+fp/hard\libc_nano.a(libc_a-closer.o)
                0x080081ac                _close_r
 .text._lseek_r
                0x080081cc       0x24 c:/program files (x86)/arm gnu toolchain arm-none-eabi/12.3 rel1/bin/../lib/gcc/arm-none-eabi/12.3.1/thumb/v7e-m+fp/hard\libc_nano.a(libc_a-lseekr.o)
                0x080081cc                _lseek_r
 .text._read_r  0x080081f0       0x24 c:/program files (x86)/arm gnu toolchain arm-none-eabi/12.3 rel1/bin/../lib/gcc/arm-none-eabi/12.3.1/thumb/v7e-m+fp/hard\libc_nano.a(libc_a-readr.o)
                0x080081f0                _read_r
 .text._write_r
                0x08008214       0x24 c:/program files (x86)/arm gnu toolchain arm-none-eabi/12.3 rel1/bin/../lib/gcc/arm-none-eabi/12.3.1/thumb/v7e-m+fp/hard\libc_nano.a(libc_a-writer.o)
                0x08008214                _write_r
 .text.__libc_init_array
                0x08008238       0x48 c:/program files (x86)/arm gnu toolchain arm-none-eabi/12.3 rel1/bin/../lib/gcc/arm-none-eabi/12.3.1/thumb/v7e-m+fp/hard\libc_nano.a(libc_a-init.o)
                0x08008238                __libc_init_array
 .text.__retarget_lock_init_recursive
                0x08008280        0x2 c:/program files (x86)/arm gnu toolchain arm-none-eabi/12.3 rel1/bin/../lib/gcc/arm-none-eabi/12.3.1/thumb/v7e-m+fp/hard\libc_nano.a(libc_a-lock.o)
                0x08008280                __retarget_lock_init_recursive
 .text.__retarget_lock_acquire_recursive
                0x08008282        0x2 c:/program files (x86)/arm gnu toolchain arm-none-eabi/12.3 rel1/bin/../lib/gcc/arm-none-eabi/12.3.1/thumb/v7e-m+fp/hard\libc_nano.a(libc_a-lock.o)
                0x08008282                __retarget_lock_acquire_recursive
 .text.__retarget_lock_release_recursive
                0x08008284        0x2 c:/program files (x86)/arm gnu toolchain arm-none-eabi/12.3 rel1/bin/../lib/gcc/arm-none-eabi/12.3.1/thumb/v7e-m+fp/hard\libc_nano.a(libc_a-lock.o)
                0x08008284                __retarget_lock_release_recursive
 .text.memcpy   0x08008286       0x1c c:/program files (x86)/arm gnu toolchain arm-none-eabi/12.3 rel1/bin/../lib/gcc/arm-none-eabi/12.3.1/thumb/v7e-m+fp/hard\libc_nano.a(libc_a-memcpy-stub.o)
                0x08008286                memcpy
 .text.quorem   0x080082a2      0x110 c:/program files (x86)/arm gnu toolchain arm-none-eabi/12.3 rel1/bin/../lib/gcc/arm-none-eabi/12.3.1/thumb/v7e-m+fp/hard\libc_nano.a(libc_a-dtoa.o)
 *fill*         0x080083b2        0x6 
 .text._dtoa_r  0x080083b8      0xc58 c:/program files (x86)/arm gnu toolchain arm-none-eabi/12.3 rel1/bin/../lib/gcc/arm-none-eabi/12.3.1/thumb/v7e-m+fp/hard\libc_nano.a(libc_a-dtoa.o)
                0x080083b8                _dtoa_r
 .text._free_r  0x08009010       0x94 c:/program files (x86)/arm gnu toolchain arm-none-eabi/12.3 rel1/bin/../lib/gcc/arm-none-eabi/12.3.1/thumb/v7e-m+fp/hard\libc_nano.a(libc_a-freer.o)
                0x08009010                _free_r
 .text.malloc   0x080090a4       0x10 c:/program files (x86)/arm gnu toolchain arm-none-eabi/12.3 rel1/bin/../lib/gcc/arm-none-eabi/12.3.1/thumb/v7e-m+fp/hard\libc_nano.a(libc_a-malloc.o)
                0x080090a4                malloc
 .text.sbrk_aligned
                0x080090b4       0x44 c:/program files (x86)/arm gnu toolchain arm-none-eabi/12.3 rel1/bin/../lib/gcc/arm-none-eabi/12.3.1/thumb/v7e-m+fp/hard\libc_nano.a(libc_a-mallocr.o)
 .text._malloc_r
                0x080090f8      0x100 c:/program files (x86)/arm gnu toolchain arm-none-eabi/12.3 rel1/bin/../lib/gcc/arm-none-eabi/12.3.1/thumb/v7e-m+fp/hard\libc_nano.a(libc_a-mallocr.o)
                0x080090f8                _malloc_r
 .text.__malloc_lock
                0x080091f8        0xc c:/program files (x86)/arm gnu toolchain arm-none-eabi/12.3 rel1/bin/../lib/gcc/arm-none-eabi/12.3.1/thumb/v7e-m+fp/hard\libc_nano.a(libc_a-mlock.o)
                0x080091f8                __malloc_lock
 .text.__malloc_unlock
                0x08009204        0xc c:/program files (x86)/arm gnu toolchain arm-none-eabi/12.3 rel1/bin/../lib/gcc/arm-none-eabi/12.3.1/thumb/v7e-m+fp/hard\libc_nano.a(libc_a-mlock.o)
                0x08009204                __malloc_unlock
 .text._Balloc  0x08009210       0x80 c:/program files (x86)/arm gnu toolchain arm-none-eabi/12.3 rel1/bin/../lib/gcc/arm-none-eabi/12.3.1/thumb/v7e-m+fp/hard\libc_nano.a(libc_a-mprec.o)
                0x08009210                _Balloc
 .text._Bfree   0x08009290       0x44 c:/program files (x86)/arm gnu toolchain arm-none-eabi/12.3 rel1/bin/../lib/gcc/arm-none-eabi/12.3.1/thumb/v7e-m+fp/hard\libc_nano.a(libc_a-mprec.o)
                0x08009290                _Bfree
 .text.__multadd
                0x080092d4       0x8c c:/program files (x86)/arm gnu toolchain arm-none-eabi/12.3 rel1/bin/../lib/gcc/arm-none-eabi/12.3.1/thumb/v7e-m+fp/hard\libc_nano.a(libc_a-mprec.o)
                0x080092d4                __multadd
 .text.__hi0bits
                0x08009360       0x44 c:/program files (x86)/arm gnu toolchain arm-none-eabi/12.3 rel1/bin/../lib/gcc/arm-none-eabi/12.3.1/thumb/v7e-m+fp/hard\libc_nano.a(libc_a-mprec.o)
                0x08009360                __hi0bits
 .text.__lo0bits
                0x080093a4       0x5a c:/program files (x86)/arm gnu toolchain arm-none-eabi/12.3 rel1/bin/../lib/gcc/arm-none-eabi/12.3.1/thumb/v7e-m+fp/hard\libc_nano.a(libc_a-mprec.o)
                0x080093a4                __lo0bits
 *fill*         0x080093fe        0x2 
 .text.__i2b    0x08009400       0x2c c:/program files (x86)/arm gnu toolchain arm-none-eabi/12.3 rel1/bin/../lib/gcc/arm-none-eabi/12.3.1/thumb/v7e-m+fp/hard\libc_nano.a(libc_a-mprec.o)
                0x08009400                __i2b
 .text.__multiply
                0x0800942c      0x154 c:/program files (x86)/arm gnu toolchain arm-none-eabi/12.3 rel1/bin/../lib/gcc/arm-none-eabi/12.3.1/thumb/v7e-m+fp/hard\libc_nano.a(libc_a-mprec.o)
                0x0800942c                __multiply
 .text.__pow5mult
                0x08009580       0xb4 c:/program files (x86)/arm gnu toolchain arm-none-eabi/12.3 rel1/bin/../lib/gcc/arm-none-eabi/12.3.1/thumb/v7e-m+fp/hard\libc_nano.a(libc_a-mprec.o)
                0x08009580                __pow5mult
 .text.__lshift
                0x08009634       0xd8 c:/program files (x86)/arm gnu toolchain arm-none-eabi/12.3 rel1/bin/../lib/gcc/arm-none-eabi/12.3.1/thumb/v7e-m+fp/hard\libc_nano.a(libc_a-mprec.o)
                0x08009634                __lshift
 .text.__mcmp   0x0800970c       0x36 c:/program files (x86)/arm gnu toolchain arm-none-eabi/12.3 rel1/bin/../lib/gcc/arm-none-eabi/12.3.1/thumb/v7e-m+fp/hard\libc_nano.a(libc_a-mprec.o)
                0x0800970c                __mcmp
 *fill*         0x08009742        0x2 
 .text.__mdiff  0x08009744      0x128 c:/program files (x86)/arm gnu toolchain arm-none-eabi/12.3 rel1/bin/../lib/gcc/arm-none-eabi/12.3.1/thumb/v7e-m+fp/hard\libc_nano.a(libc_a-mprec.o)
                0x08009744                __mdiff
 .text.__d2b    0x0800986c       0xb0 c:/program files (x86)/arm gnu toolchain arm-none-eabi/12.3 rel1/bin/../lib/gcc/arm-none-eabi/12.3.1/thumb/v7e-m+fp/hard\libc_nano.a(libc_a-mprec.o)
                0x0800986c                __d2b
 .text.__ssputs_r
                0x0800991c       0xb6 c:/program files (x86)/arm gnu toolchain arm-none-eabi/12.3 rel1/bin/../lib/gcc/arm-none-eabi/12.3.1/thumb/v7e-m+fp/hard\libc_nano.a(libc_a-nano-svfprintf.o)
                0x0800991c                __ssputs_r
 *fill*         0x080099d2        0x2 
 .text._svfprintf_r
                0x080099d4      0x1f8 c:/program files (x86)/arm gnu toolchain arm-none-eabi/12.3 rel1/bin/../lib/gcc/arm-none-eabi/12.3.1/thumb/v7e-m+fp/hard\libc_nano.a(libc_a-nano-svfprintf.o)
                0x080099d4                _svfiprintf_r
                0x080099d4                _svfprintf_r
 .text.__sflush_r
                0x08009bcc      0x108 c:/program files (x86)/arm gnu toolchain arm-none-eabi/12.3 rel1/bin/../lib/gcc/arm-none-eabi/12.3.1/thumb/v7e-m+fp/hard\libc_nano.a(libc_a-fflush.o)
                0x08009bcc                __sflush_r
 .text._fflush_r
                0x08009cd4       0x50 c:/program files (x86)/arm gnu toolchain arm-none-eabi/12.3 rel1/bin/../lib/gcc/arm-none-eabi/12.3.1/thumb/v7e-m+fp/hard\libc_nano.a(libc_a-fflush.o)
                0x08009cd4                _fflush_r
 .text.memmove  0x08009d24       0x34 c:/program files (x86)/arm gnu toolchain arm-none-eabi/12.3 rel1/bin/../lib/gcc/arm-none-eabi/12.3.1/thumb/v7e-m+fp/hard\libc_nano.a(libc_a-memmove.o)
                0x08009d24                memmove
 .text._sbrk_r  0x08009d58       0x20 c:/program files (x86)/arm gnu toolchain arm-none-eabi/12.3 rel1/bin/../lib/gcc/arm-none-eabi/12.3.1/thumb/v7e-m+fp/hard\libc_nano.a(libc_a-sbrkr.o)
                0x08009d58                _sbrk_r
 .text.__assert_func
                0x08009d78       0x3c c:/program files (x86)/arm gnu toolchain arm-none-eabi/12.3 rel1/bin/../lib/gcc/arm-none-eabi/12.3.1/thumb/v7e-m+fp/hard\libc_nano.a(libc_a-assert.o)
                0x08009d78                __assert_func
 .text._calloc_r
                0x08009db4       0x28 c:/program files (x86)/arm gnu toolchain arm-none-eabi/12.3 rel1/bin/../lib/gcc/arm-none-eabi/12.3.1/thumb/v7e-m+fp/hard\libc_nano.a(libc_a-callocr.o)
                0x08009db4                _calloc_r
 .text.__ascii_mbtowc
                0x08009ddc       0x24 c:/program files (x86)/arm gnu toolchain arm-none-eabi/12.3 rel1/bin/../lib/gcc/arm-none-eabi/12.3.1/thumb/v7e-m+fp/hard\libc_nano.a(libc_a-mbtowc_r.o)
                0x08009ddc                __ascii_mbtowc
 .text._realloc_r
                0x08009e00       0x5c c:/program files (x86)/arm gnu toolchain arm-none-eabi/12.3 rel1/bin/../lib/gcc/arm-none-eabi/12.3.1/thumb/v7e-m+fp/hard\libc_nano.a(libc_a-reallocr.o)
                0x08009e00                _realloc_r
 .text.__ascii_wctomb
                0x08009e5c       0x1a c:/program files (x86)/arm gnu toolchain arm-none-eabi/12.3 rel1/bin/../lib/gcc/arm-none-eabi/12.3.1/thumb/v7e-m+fp/hard\libc_nano.a(libc_a-wctomb_r.o)
                0x08009e5c                __ascii_wctomb
 *fill*         0x08009e76        0x2 
 .text.fprintf  0x08009e78       0x24 c:/program files (x86)/arm gnu toolchain arm-none-eabi/12.3 rel1/bin/../lib/gcc/arm-none-eabi/12.3.1/thumb/v7e-m+fp/hard\libc_nano.a(libc_a-fprintf.o)
                0x08009e78                fiprintf
                0x08009e78                fprintf
 .text.abort    0x08009e9c        0xe c:/program files (x86)/arm gnu toolchain arm-none-eabi/12.3 rel1/bin/../lib/gcc/arm-none-eabi/12.3.1/thumb/v7e-m+fp/hard\libc_nano.a(libc_a-abort.o)
                0x08009e9c                abort
 .text._malloc_usable_size_r
                0x08009eaa       0x10 c:/program files (x86)/arm gnu toolchain arm-none-eabi/12.3 rel1/bin/../lib/gcc/arm-none-eabi/12.3.1/thumb/v7e-m+fp/hard\libc_nano.a(libc_a-msizer.o)
                0x08009eaa                _malloc_usable_size_r
 .text.__sfputc_r
                0x08009eba       0x2e c:/program files (x86)/arm gnu toolchain arm-none-eabi/12.3 rel1/bin/../lib/gcc/arm-none-eabi/12.3.1/thumb/v7e-m+fp/hard\libc_nano.a(libc_a-nano-vfprintf.o)
 .text.__sfputs_r
                0x08009ee8       0x24 c:/program files (x86)/arm gnu toolchain arm-none-eabi/12.3 rel1/bin/../lib/gcc/arm-none-eabi/12.3.1/thumb/v7e-m+fp/hard\libc_nano.a(libc_a-nano-vfprintf.o)
                0x08009ee8                __sfputs_r
 .text._vfprintf_r
                0x08009f0c      0x230 c:/program files (x86)/arm gnu toolchain arm-none-eabi/12.3 rel1/bin/../lib/gcc/arm-none-eabi/12.3.1/thumb/v7e-m+fp/hard\libc_nano.a(libc_a-nano-vfprintf.o)
                0x08009f0c                _vfprintf_r
                0x08009f0c                _vfiprintf_r
 .text.__swbuf_r
                0x0800a13c       0x7c c:/program files (x86)/arm gnu toolchain arm-none-eabi/12.3 rel1/bin/../lib/gcc/arm-none-eabi/12.3.1/thumb/v7e-m+fp/hard\libc_nano.a(libc_a-wbuf.o)
                0x0800a13c                __swbuf_r
 .text.__swsetup_r
                0x0800a1b8       0xac c:/program files (x86)/arm gnu toolchain arm-none-eabi/12.3 rel1/bin/../lib/gcc/arm-none-eabi/12.3.1/thumb/v7e-m+fp/hard\libc_nano.a(libc_a-wsetup.o)
                0x0800a1b8                __swsetup_r
 .text._raise_r
                0x0800a264       0x50 c:/program files (x86)/arm gnu toolchain arm-none-eabi/12.3 rel1/bin/../lib/gcc/arm-none-eabi/12.3.1/thumb/v7e-m+fp/hard\libc_nano.a(libc_a-signal.o)
                0x0800a264                _raise_r
 .text.raise    0x0800a2b4       0x10 c:/program files (x86)/arm gnu toolchain arm-none-eabi/12.3 rel1/bin/../lib/gcc/arm-none-eabi/12.3.1/thumb/v7e-m+fp/hard\libc_nano.a(libc_a-signal.o)
                0x0800a2b4                raise
 .text._kill_r  0x0800a2c4       0x24 c:/program files (x86)/arm gnu toolchain arm-none-eabi/12.3 rel1/bin/../lib/gcc/arm-none-eabi/12.3.1/thumb/v7e-m+fp/hard\libc_nano.a(libc_a-signalr.o)
                0x0800a2c4                _kill_r
 .text._getpid_r
                0x0800a2e8        0x4 c:/program files (x86)/arm gnu toolchain arm-none-eabi/12.3 rel1/bin/../lib/gcc/arm-none-eabi/12.3.1/thumb/v7e-m+fp/hard\libc_nano.a(libc_a-signalr.o)
                0x0800a2e8                _getpid_r
 .text.__swhatbuf_r
                0x0800a2ec       0x4c c:/program files (x86)/arm gnu toolchain arm-none-eabi/12.3 rel1/bin/../lib/gcc/arm-none-eabi/12.3.1/thumb/v7e-m+fp/hard\libc_nano.a(libc_a-makebuf.o)
                0x0800a2ec                __swhatbuf_r
 .text.__smakebuf_r
                0x0800a338       0x78 c:/program files (x86)/arm gnu toolchain arm-none-eabi/12.3 rel1/bin/../lib/gcc/arm-none-eabi/12.3.1/thumb/v7e-m+fp/hard\libc_nano.a(libc_a-makebuf.o)
                0x0800a338                __smakebuf_r
 .text._fstat_r
                0x0800a3b0       0x24 c:/program files (x86)/arm gnu toolchain arm-none-eabi/12.3 rel1/bin/../lib/gcc/arm-none-eabi/12.3.1/thumb/v7e-m+fp/hard\libc_nano.a(libc_a-fstatr.o)
                0x0800a3b0                _fstat_r
 .text._isatty_r
                0x0800a3d4       0x20 c:/program files (x86)/arm gnu toolchain arm-none-eabi/12.3 rel1/bin/../lib/gcc/arm-none-eabi/12.3.1/thumb/v7e-m+fp/hard\libc_nano.a(libc_a-isattyr.o)
                0x0800a3d4                _isatty_r
 .text._close   0x0800a3f4       0x10 c:/program files (x86)/arm gnu toolchain arm-none-eabi/12.3 rel1/bin/../lib/gcc/arm-none-eabi/12.3.1/thumb/v7e-m+fp/hard\libnosys.a(close.o)
                0x0800a3f4                _close
 .text._fstat   0x0800a404       0x10 c:/program files (x86)/arm gnu toolchain arm-none-eabi/12.3 rel1/bin/../lib/gcc/arm-none-eabi/12.3.1/thumb/v7e-m+fp/hard\libnosys.a(fstat.o)
                0x0800a404                _fstat
 .text._getpid  0x0800a414       0x10 c:/program files (x86)/arm gnu toolchain arm-none-eabi/12.3 rel1/bin/../lib/gcc/arm-none-eabi/12.3.1/thumb/v7e-m+fp/hard\libnosys.a(getpid.o)
                0x0800a414                _getpid
 .text._isatty  0x0800a424       0x10 c:/program files (x86)/arm gnu toolchain arm-none-eabi/12.3 rel1/bin/../lib/gcc/arm-none-eabi/12.3.1/thumb/v7e-m+fp/hard\libnosys.a(isatty.o)
                0x0800a424                _isatty
 .text._kill    0x0800a434       0x10 c:/program files (x86)/arm gnu toolchain arm-none-eabi/12.3 rel1/bin/../lib/gcc/arm-none-eabi/12.3.1/thumb/v7e-m+fp/hard\libnosys.a(kill.o)
                0x0800a434                _kill
 .text._lseek   0x0800a444       0x10 c:/program files (x86)/arm gnu toolchain arm-none-eabi/12.3 rel1/bin/../lib/gcc/arm-none-eabi/12.3.1/thumb/v7e-m+fp/hard\libnosys.a(lseek.o)
                0x0800a444                _lseek
 .text._read    0x0800a454       0x10 c:/program files (x86)/arm gnu toolchain arm-none-eabi/12.3 rel1/bin/../lib/gcc/arm-none-eabi/12.3.1/thumb/v7e-m+fp/hard\libnosys.a(read.o)
                0x0800a454                _read
 .text._sbrk    0x0800a464       0x1c c:/program files (x86)/arm gnu toolchain arm-none-eabi/12.3 rel1/bin/../lib/gcc/arm-none-eabi/12.3.1/thumb/v7e-m+fp/hard\libnosys.a(sbrk.o)
                0x0800a464                _sbrk
 .text._write   0x0800a480       0x10 c:/program files (x86)/arm gnu toolchain arm-none-eabi/12.3 rel1/bin/../lib/gcc/arm-none-eabi/12.3.1/thumb/v7e-m+fp/hard\libnosys.a(write.o)
                0x0800a480                _write
 .text._exit    0x0800a490        0x4 c:/program files (x86)/arm gnu toolchain arm-none-eabi/12.3 rel1/bin/../lib/gcc/arm-none-eabi/12.3.1/thumb/v7e-m+fp/hard\libnosys.a(_exit.o)
                0x0800a490                _exit
 *(.glue_7)
 .glue_7        0x0800a494        0x0 linker stubs
 *(.glue_7t)
 .glue_7t       0x0800a494        0x0 linker stubs
 *(.eh_frame)
 .eh_frame      0x0800a494        0x0 c:/program files (x86)/arm gnu toolchain arm-none-eabi/12.3 rel1/bin/../lib/gcc/arm-none-eabi/12.3.1/thumb/v7e-m+fp/hard/crtbegin.o
 *(.init)
 .init          0x0800a494        0x4 c:/program files (x86)/arm gnu toolchain arm-none-eabi/12.3 rel1/bin/../lib/gcc/arm-none-eabi/12.3.1/thumb/v7e-m+fp/hard/crti.o
                0x0800a494                _init
 .init          0x0800a498        0x8 c:/program files (x86)/arm gnu toolchain arm-none-eabi/12.3 rel1/bin/../lib/gcc/arm-none-eabi/12.3.1/thumb/v7e-m+fp/hard/crtn.o
 *(.fini)
 .fini          0x0800a4a0        0x4 c:/program files (x86)/arm gnu toolchain arm-none-eabi/12.3 rel1/bin/../lib/gcc/arm-none-eabi/12.3.1/thumb/v7e-m+fp/hard/crti.o
                0x0800a4a0                _fini
 .fini          0x0800a4a4        0x8 c:/program files (x86)/arm gnu toolchain arm-none-eabi/12.3 rel1/bin/../lib/gcc/arm-none-eabi/12.3.1/thumb/v7e-m+fp/hard/crtn.o
                0x0800a4ac                        . = ALIGN (0x4)
                0x0800a4ac                        _etext = .

.vfp11_veneer   0x0800a4ac        0x0
 .vfp11_veneer  0x0800a4ac        0x0 linker stubs

.v4_bx          0x0800a4ac        0x0
 .v4_bx         0x0800a4ac        0x0 linker stubs

.iplt           0x0800a4ac        0x0
 .iplt          0x0800a4ac        0x0 c:/program files (x86)/arm gnu toolchain arm-none-eabi/12.3 rel1/bin/../lib/gcc/arm-none-eabi/12.3.1/thumb/v7e-m+fp/hard/crtbegin.o

.rodata         0x0800a4b0      0x408
                0x0800a4b0                        . = ALIGN (0x4)
 *(.rodata)
 .rodata        0x0800a4b0       0x7f build\main.o
 *fill*         0x0800a52f        0x1 
 .rodata        0x0800a530        0x5 build/tasks.o
 *fill*         0x0800a535        0x3 
 .rodata        0x0800a538        0xd build/timers.o
 *(.rodata*)
 .rodata._printf_float.str1.1
                0x0800a545       0x12 c:/program files (x86)/arm gnu toolchain arm-none-eabi/12.3 rel1/bin/../lib/gcc/arm-none-eabi/12.3.1/thumb/v7e-m+fp/hard\libc_nano.a(libc_a-nano-vfprintf_float.o)
 .rodata._printf_i.str1.1
                0x0800a557       0x22 c:/program files (x86)/arm gnu toolchain arm-none-eabi/12.3 rel1/bin/../lib/gcc/arm-none-eabi/12.3.1/thumb/v7e-m+fp/hard\libc_nano.a(libc_a-nano-vfprintf_i.o)
 .rodata._dtoa_r.str1.1
                0x0800a579       0x8e c:/program files (x86)/arm gnu toolchain arm-none-eabi/12.3 rel1/bin/../lib/gcc/arm-none-eabi/12.3.1/thumb/v7e-m+fp/hard\libc_nano.a(libc_a-dtoa.o)
                                 0x90 (size before relaxing)
 .rodata._Balloc.str1.1
                0x0800a607       0x5a c:/program files (x86)/arm gnu toolchain arm-none-eabi/12.3 rel1/bin/../lib/gcc/arm-none-eabi/12.3.1/thumb/v7e-m+fp/hard\libc_nano.a(libc_a-mprec.o)
                                 0x71 (size before relaxing)
 .rodata.__multadd.str1.1
                0x0800a661       0x11 c:/program files (x86)/arm gnu toolchain arm-none-eabi/12.3 rel1/bin/../lib/gcc/arm-none-eabi/12.3.1/thumb/v7e-m+fp/hard\libc_nano.a(libc_a-mprec.o)
 *fill*         0x0800a661        0x3 
 .rodata.p05.0  0x0800a664        0xc c:/program files (x86)/arm gnu toolchain arm-none-eabi/12.3 rel1/bin/../lib/gcc/arm-none-eabi/12.3.1/thumb/v7e-m+fp/hard\libc_nano.a(libc_a-mprec.o)
 .rodata.__mprec_bigtens
                0x0800a670       0x28 c:/program files (x86)/arm gnu toolchain arm-none-eabi/12.3 rel1/bin/../lib/gcc/arm-none-eabi/12.3.1/thumb/v7e-m+fp/hard\libc_nano.a(libc_a-mprec.o)
                0x0800a670                __mprec_bigtens
 .rodata.__mprec_tens
                0x0800a698       0xc8 c:/program files (x86)/arm gnu toolchain arm-none-eabi/12.3 rel1/bin/../lib/gcc/arm-none-eabi/12.3.1/thumb/v7e-m+fp/hard\libc_nano.a(libc_a-mprec.o)
                0x0800a698                __mprec_tens
 .rodata._svfprintf_r.str1.1
                0x0800a760       0x11 c:/program files (x86)/arm gnu toolchain arm-none-eabi/12.3 rel1/bin/../lib/gcc/arm-none-eabi/12.3.1/thumb/v7e-m+fp/hard\libc_nano.a(libc_a-nano-svfprintf.o)
 .rodata._setlocale_r.str1.1
                0x0800a771        0x8 c:/program files (x86)/arm gnu toolchain arm-none-eabi/12.3 rel1/bin/../lib/gcc/arm-none-eabi/12.3.1/thumb/v7e-m+fp/hard\libc_nano.a(libc_a-locale.o)
                                  0x9 (size before relaxing)
 .rodata.str1.1
                0x0800a779        0x2 c:/program files (x86)/arm gnu toolchain arm-none-eabi/12.3 rel1/bin/../lib/gcc/arm-none-eabi/12.3.1/thumb/v7e-m+fp/hard\libc_nano.a(libc_a-locale.o)
 .rodata.__assert_func.str1.1
                0x0800a77b       0x3c c:/program files (x86)/arm gnu toolchain arm-none-eabi/12.3 rel1/bin/../lib/gcc/arm-none-eabi/12.3.1/thumb/v7e-m+fp/hard\libc_nano.a(libc_a-assert.o)
                                 0x3d (size before relaxing)
 .rodata._ctype_
                0x0800a7b7      0x101 c:/program files (x86)/arm gnu toolchain arm-none-eabi/12.3 rel1/bin/../lib/gcc/arm-none-eabi/12.3.1/thumb/v7e-m+fp/hard\libc_nano.a(libc_a-ctype_.o)
                0x0800a7b7                _ctype_
 .rodata._vfprintf_r.str1.1
                0x0800a8b8       0x11 c:/program files (x86)/arm gnu toolchain arm-none-eabi/12.3 rel1/bin/../lib/gcc/arm-none-eabi/12.3.1/thumb/v7e-m+fp/hard\libc_nano.a(libc_a-nano-vfprintf.o)
                0x0800a8cc                        . = ALIGN (0x4)

.ARM.extab      0x0800a8b8        0x0
                0x0800a8b8                        . = ALIGN (0x4)
 *(.ARM.extab* .gnu.linkonce.armextab.*)
                0x0800a8b8                        . = ALIGN (0x4)

.ARM            0x0800a8b8        0x8
                0x0800a8b8                        . = ALIGN (0x4)
                0x0800a8b8                        __exidx_start = .
 *(.ARM.exidx*)
 .ARM.exidx     0x0800a8b8        0x8 c:/program files (x86)/arm gnu toolchain arm-none-eabi/12.3 rel1/bin/../lib/gcc/arm-none-eabi/12.3.1/thumb/v7e-m+fp/hard\libc_nano.a(libc_a-memchr.o)
 .ARM.exidx     0x0800a8c0        0x0 c:/program files (x86)/arm gnu toolchain arm-none-eabi/12.3 rel1/bin/../lib/gcc/arm-none-eabi/12.3.1/thumb/v7e-m+fp/hard\libc_nano.a(libc_a-strlen.o)
                                  0x8 (size before relaxing)
                0x0800a8c0                        __exidx_end = .
                0x0800a8c0                        . = ALIGN (0x4)

.preinit_array  0x0800a8c0        0x0
                0x0800a8c0                        . = ALIGN (0x4)
                0x0800a8c0                        PROVIDE (__preinit_array_start = .)
 *(.preinit_array*)
                0x0800a8c0                        PROVIDE (__preinit_array_end = .)
                0x0800a8c0                        . = ALIGN (0x4)

.init_array     0x0800a8c0        0x4
                0x0800a8c0                        . = ALIGN (0x4)
                0x0800a8c0                        PROVIDE (__init_array_start = .)
 *(SORT_BY_NAME(.init_array.*))
 *(.init_array*)
 .init_array    0x0800a8c0        0x4 c:/program files (x86)/arm gnu toolchain arm-none-eabi/12.3 rel1/bin/../lib/gcc/arm-none-eabi/12.3.1/thumb/v7e-m+fp/hard/crtbegin.o
                0x0800a8c4                        PROVIDE (__init_array_end = .)
                0x0800a8c4                        . = ALIGN (0x4)

.fini_array     0x0800a8c4        0x4
                0x0800a8c4                        . = ALIGN (0x4)
                [!provide]                        PROVIDE (__fini_array_start = .)
 *(SORT_BY_NAME(.fini_array.*))
 *(.fini_array*)
 .fini_array    0x0800a8c4        0x4 c:/program files (x86)/arm gnu toolchain arm-none-eabi/12.3 rel1/bin/../lib/gcc/arm-none-eabi/12.3.1/thumb/v7e-m+fp/hard/crtbegin.o
                [!provide]                        PROVIDE (__fini_array_end = .)
                0x0800a8c8                        . = ALIGN (0x4)
                0x0800a8c8                        _sidata = LOADADDR (.data)

.rel.dyn        0x0800a8c8        0x0
 .rel.iplt      0x0800a8c8        0x0 c:/program files (x86)/arm gnu toolchain arm-none-eabi/12.3 rel1/bin/../lib/gcc/arm-none-eabi/12.3.1/thumb/v7e-m+fp/hard/crtbegin.o

.data           0x20000000      0x1d0 load address 0x0800a8c8
                0x20000000                        . = ALIGN (0x4)
                0x20000000                        _sdata = .
 *(.data)
 .data          0x20000000        0x4 build/tasks.o
                0x20000000                uxTopUsedPriority
 .data          0x20000004        0x4 build/port.o
 *(.data*)
 .data.__sglue  0x20000008        0xc c:/program files (x86)/arm gnu toolchain arm-none-eabi/12.3 rel1/bin/../lib/gcc/arm-none-eabi/12.3.1/thumb/v7e-m+fp/hard\libc_nano.a(libc_a-findfp.o)
                0x20000008                __sglue
 .data._impure_ptr
                0x20000014        0x4 c:/program files (x86)/arm gnu toolchain arm-none-eabi/12.3 rel1/bin/../lib/gcc/arm-none-eabi/12.3.1/thumb/v7e-m+fp/hard\libc_nano.a(libc_a-impure.o)
                0x20000014                _impure_ptr
 .data._impure_data
                0x20000018       0x4c c:/program files (x86)/arm gnu toolchain arm-none-eabi/12.3 rel1/bin/../lib/gcc/arm-none-eabi/12.3.1/thumb/v7e-m+fp/hard\libc_nano.a(libc_a-impure.o)
                0x20000018                _impure_data
 .data.__global_locale
                0x20000064      0x16c c:/program files (x86)/arm gnu toolchain arm-none-eabi/12.3 rel1/bin/../lib/gcc/arm-none-eabi/12.3.1/thumb/v7e-m+fp/hard\libc_nano.a(libc_a-locale.o)
                0x20000064                __global_locale
 *(.RamFunc)
 *(.RamFunc*)
                0x200001d0                        . = ALIGN (0x4)
                0x200001d0                        _edata = .

.tm_clone_table
                0x200001d0        0x0 load address 0x0800aa98
 .tm_clone_table
                0x200001d0        0x0 c:/program files (x86)/arm gnu toolchain arm-none-eabi/12.3 rel1/bin/../lib/gcc/arm-none-eabi/12.3.1/thumb/v7e-m+fp/hard/crtbegin.o
 .tm_clone_table
                0x200001d0        0x0 c:/program files (x86)/arm gnu toolchain arm-none-eabi/12.3 rel1/bin/../lib/gcc/arm-none-eabi/12.3.1/thumb/v7e-m+fp/hard/crtend.o

.igot.plt       0x200001d0        0x0 load address 0x0800aa98
 .igot.plt      0x200001d0        0x0 c:/program files (x86)/arm gnu toolchain arm-none-eabi/12.3 rel1/bin/../lib/gcc/arm-none-eabi/12.3.1/thumb/v7e-m+fp/hard/crtbegin.o
                0x200001d0                        . = ALIGN (0x4)

.bss            0x200001d0    0x12f48 load address 0x0800aa98
                0x200001d0                        _sbss = .
                0x200001d0                        __bss_start__ = _sbss
 *(.bss)
 .bss           0x200001d0        0x4 build\Delay.o
                0x200001d0                tim1_cnt
 .bss           0x200001d4       0x24 build/Usart.o
                0x200001d4                recv_data
                0x200001f4                rx_index
 .bss           0x200001f8       0x10 build\main.o
                0x200001f8                common_memory
                0x200001fc                tempQueue
                0x20000200                tempEvent
                0x20000204                uartLock
 .bss           0x20000208       0x40 build/queue.o
                0x20000208                xQueueRegistry
 .bss           0x20000248      0x104 build/tasks.o
                0x20000248                pxCurrentTCB
 .bss           0x2000034c       0x3c build/timers.o
 .bss           0x20000388        0x8 build/port.o
 .bss           0x20000390    0x12c1c build/heap_4.o
 *(.bss*)
 .bss.completed.1
                0x20012fac        0x1 c:/program files (x86)/arm gnu toolchain arm-none-eabi/12.3 rel1/bin/../lib/gcc/arm-none-eabi/12.3.1/thumb/v7e-m+fp/hard/crtbegin.o
 *fill*         0x20012fad        0x3 
 .bss.object.0  0x20012fb0       0x18 c:/program files (x86)/arm gnu toolchain arm-none-eabi/12.3 rel1/bin/../lib/gcc/arm-none-eabi/12.3.1/thumb/v7e-m+fp/hard/crtbegin.o
 .bss.__sf      0x20012fc8      0x138 c:/program files (x86)/arm gnu toolchain arm-none-eabi/12.3 rel1/bin/../lib/gcc/arm-none-eabi/12.3.1/thumb/v7e-m+fp/hard\libc_nano.a(libc_a-findfp.o)
                0x20012fc8                __sf
 .bss.__stdio_exit_handler
                0x20013100        0x4 c:/program files (x86)/arm gnu toolchain arm-none-eabi/12.3 rel1/bin/../lib/gcc/arm-none-eabi/12.3.1/thumb/v7e-m+fp/hard\libc_nano.a(libc_a-findfp.o)
                0x20013100                __stdio_exit_handler
 .bss.errno     0x20013104        0x4 c:/program files (x86)/arm gnu toolchain arm-none-eabi/12.3 rel1/bin/../lib/gcc/arm-none-eabi/12.3.1/thumb/v7e-m+fp/hard\libc_nano.a(libc_a-reent.o)
                0x20013104                errno
 .bss.__lock___malloc_recursive_mutex
                0x20013108        0x1 c:/program files (x86)/arm gnu toolchain arm-none-eabi/12.3 rel1/bin/../lib/gcc/arm-none-eabi/12.3.1/thumb/v7e-m+fp/hard\libc_nano.a(libc_a-lock.o)
                0x20013108                __lock___malloc_recursive_mutex
 .bss.__lock___sfp_recursive_mutex
                0x20013109        0x1 c:/program files (x86)/arm gnu toolchain arm-none-eabi/12.3 rel1/bin/../lib/gcc/arm-none-eabi/12.3.1/thumb/v7e-m+fp/hard\libc_nano.a(libc_a-lock.o)
                0x20013109                __lock___sfp_recursive_mutex
 *fill*         0x2001310a        0x2 
 .bss.__malloc_sbrk_start
                0x2001310c        0x4 c:/program files (x86)/arm gnu toolchain arm-none-eabi/12.3 rel1/bin/../lib/gcc/arm-none-eabi/12.3.1/thumb/v7e-m+fp/hard\libc_nano.a(libc_a-mallocr.o)
                0x2001310c                __malloc_sbrk_start
 .bss.__malloc_free_list
                0x20013110        0x4 c:/program files (x86)/arm gnu toolchain arm-none-eabi/12.3 rel1/bin/../lib/gcc/arm-none-eabi/12.3.1/thumb/v7e-m+fp/hard\libc_nano.a(libc_a-mallocr.o)
                0x20013110                __malloc_free_list
 .bss.heap_end.0
                0x20013114        0x4 c:/program files (x86)/arm gnu toolchain arm-none-eabi/12.3 rel1/bin/../lib/gcc/arm-none-eabi/12.3.1/thumb/v7e-m+fp/hard\libnosys.a(sbrk.o)
 *(COMMON)
                0x20013118                        . = ALIGN (0x4)
                0x20013118                        _ebss = .
                0x20013118                        __bss_end__ = _ebss

._user_heap_stack
                0x20013118      0x600 load address 0x0800aa98
                0x20013118                        . = ALIGN (0x8)
                0x20013118                        PROVIDE (end = .)
                [!provide]                        PROVIDE (_end = .)
                0x20013318                        . = (. + _Min_Heap_Size)
 *fill*         0x20013118      0x200 
                0x20013718                        . = (. + _Min_Stack_Size)
 *fill*         0x20013318      0x400 
                0x20013718                        . = ALIGN (0x8)

/DISCARD/
 libc.a(*)
 libm.a(*)
 libgcc.a(*)

.ARM.attributes
                0x00000000       0x30
 *(.ARM.attributes)
 .ARM.attributes
                0x00000000       0x22 c:/program files (x86)/arm gnu toolchain arm-none-eabi/12.3 rel1/bin/../lib/gcc/arm-none-eabi/12.3.1/thumb/v7e-m+fp/hard/crti.o
 .ARM.attributes
                0x00000022       0x34 c:/program files (x86)/arm gnu toolchain arm-none-eabi/12.3 rel1/bin/../lib/gcc/arm-none-eabi/12.3.1/thumb/v7e-m+fp/hard/crtbegin.o
 .ARM.attributes
                0x00000056       0x34 build\ADC.o
 .ARM.attributes
                0x0000008a       0x34 build\clock.o
 .ARM.attributes
                0x000000be       0x34 build\Delay.o
 .ARM.attributes
                0x000000f2       0x34 build\Led.o
 .ARM.attributes
                0x00000126       0x34 build/Usart.o
 .ARM.attributes
                0x0000015a       0x34 build\main.o
 .ARM.attributes
                0x0000018e       0x21 build\startup.o
 .ARM.attributes
                0x000001af       0x34 build/event_groups.o
 .ARM.attributes
                0x000001e3       0x34 build/list.o
 .ARM.attributes
                0x00000217       0x34 build/queue.o
 .ARM.attributes
                0x0000024b       0x34 build/tasks.o
 .ARM.attributes
                0x0000027f       0x34 build/timers.o
 .ARM.attributes
                0x000002b3       0x34 build/port.o
 .ARM.attributes
                0x000002e7       0x34 build/heap_4.o
 .ARM.attributes
                0x0000031b       0x22 c:/program files (x86)/arm gnu toolchain arm-none-eabi/12.3 rel1/bin/../lib/gcc/arm-none-eabi/12.3.1/thumb/v7e-m+fp/hard\libgcc.a(_arm_addsubdf3.o)
 .ARM.attributes
                0x0000033d       0x22 c:/program files (x86)/arm gnu toolchain arm-none-eabi/12.3 rel1/bin/../lib/gcc/arm-none-eabi/12.3.1/thumb/v7e-m+fp/hard\libgcc.a(_arm_muldivdf3.o)
 .ARM.attributes
                0x0000035f       0x22 c:/program files (x86)/arm gnu toolchain arm-none-eabi/12.3 rel1/bin/../lib/gcc/arm-none-eabi/12.3.1/thumb/v7e-m+fp/hard\libgcc.a(_arm_truncdfsf2.o)
 .ARM.attributes
                0x00000381       0x34 c:/program files (x86)/arm gnu toolchain arm-none-eabi/12.3 rel1/bin/../lib/gcc/arm-none-eabi/12.3.1/thumb/v7e-m+fp/hard\libc_nano.a(libc_a-nano-vfprintf_float.o)
 .ARM.attributes
                0x000003b5       0x34 c:/program files (x86)/arm gnu toolchain arm-none-eabi/12.3 rel1/bin/../lib/gcc/arm-none-eabi/12.3.1/thumb/v7e-m+fp/hard\libc_nano.a(libc_a-nano-vfprintf_i.o)
 .ARM.attributes
                0x000003e9       0x34 c:/program files (x86)/arm gnu toolchain arm-none-eabi/12.3 rel1/bin/../lib/gcc/arm-none-eabi/12.3.1/thumb/v7e-m+fp/hard\libc_nano.a(libc_a-findfp.o)
 .ARM.attributes
                0x0000041d       0x34 c:/program files (x86)/arm gnu toolchain arm-none-eabi/12.3 rel1/bin/../lib/gcc/arm-none-eabi/12.3.1/thumb/v7e-m+fp/hard\libc_nano.a(libc_a-fwalk.o)
 .ARM.attributes
                0x00000451       0x34 c:/program files (x86)/arm gnu toolchain arm-none-eabi/12.3 rel1/bin/../lib/gcc/arm-none-eabi/12.3.1/thumb/v7e-m+fp/hard\libc_nano.a(libc_a-stdio.o)
 .ARM.attributes
                0x00000485       0x34 c:/program files (x86)/arm gnu toolchain arm-none-eabi/12.3 rel1/bin/../lib/gcc/arm-none-eabi/12.3.1/thumb/v7e-m+fp/hard\libc_nano.a(libc_a-vsprintf.o)
 .ARM.attributes
                0x000004b9       0x34 c:/program files (x86)/arm gnu toolchain arm-none-eabi/12.3 rel1/bin/../lib/gcc/arm-none-eabi/12.3.1/thumb/v7e-m+fp/hard\libc_nano.a(libc_a-memset.o)
 .ARM.attributes
                0x000004ed       0x34 c:/program files (x86)/arm gnu toolchain arm-none-eabi/12.3 rel1/bin/../lib/gcc/arm-none-eabi/12.3.1/thumb/v7e-m+fp/hard\libc_nano.a(libc_a-localeconv.o)
 .ARM.attributes
                0x00000521       0x34 c:/program files (x86)/arm gnu toolchain arm-none-eabi/12.3 rel1/bin/../lib/gcc/arm-none-eabi/12.3.1/thumb/v7e-m+fp/hard\libc_nano.a(libc_a-closer.o)
 .ARM.attributes
                0x00000555       0x34 c:/program files (x86)/arm gnu toolchain arm-none-eabi/12.3 rel1/bin/../lib/gcc/arm-none-eabi/12.3.1/thumb/v7e-m+fp/hard\libc_nano.a(libc_a-reent.o)
 .ARM.attributes
                0x00000589       0x34 c:/program files (x86)/arm gnu toolchain arm-none-eabi/12.3 rel1/bin/../lib/gcc/arm-none-eabi/12.3.1/thumb/v7e-m+fp/hard\libc_nano.a(libc_a-impure.o)
 .ARM.attributes
                0x000005bd       0x34 c:/program files (x86)/arm gnu toolchain arm-none-eabi/12.3 rel1/bin/../lib/gcc/arm-none-eabi/12.3.1/thumb/v7e-m+fp/hard\libc_nano.a(libc_a-lseekr.o)
 .ARM.attributes
                0x000005f1       0x34 c:/program files (x86)/arm gnu toolchain arm-none-eabi/12.3 rel1/bin/../lib/gcc/arm-none-eabi/12.3.1/thumb/v7e-m+fp/hard\libc_nano.a(libc_a-readr.o)
 .ARM.attributes
                0x00000625       0x34 c:/program files (x86)/arm gnu toolchain arm-none-eabi/12.3 rel1/bin/../lib/gcc/arm-none-eabi/12.3.1/thumb/v7e-m+fp/hard\libc_nano.a(libc_a-writer.o)
 .ARM.attributes
                0x00000659       0x34 c:/program files (x86)/arm gnu toolchain arm-none-eabi/12.3 rel1/bin/../lib/gcc/arm-none-eabi/12.3.1/thumb/v7e-m+fp/hard\libc_nano.a(libc_a-init.o)
 .ARM.attributes
                0x0000068d       0x34 c:/program files (x86)/arm gnu toolchain arm-none-eabi/12.3 rel1/bin/../lib/gcc/arm-none-eabi/12.3.1/thumb/v7e-m+fp/hard\libc_nano.a(libc_a-lock.o)
 .ARM.attributes
                0x000006c1       0x1c c:/program files (x86)/arm gnu toolchain arm-none-eabi/12.3 rel1/bin/../lib/gcc/arm-none-eabi/12.3.1/thumb/v7e-m+fp/hard\libc_nano.a(libc_a-memchr.o)
 .ARM.attributes
                0x000006dd       0x34 c:/program files (x86)/arm gnu toolchain arm-none-eabi/12.3 rel1/bin/../lib/gcc/arm-none-eabi/12.3.1/thumb/v7e-m+fp/hard\libc_nano.a(libc_a-memcpy-stub.o)
 .ARM.attributes
                0x00000711       0x17 c:/program files (x86)/arm gnu toolchain arm-none-eabi/12.3 rel1/bin/../lib/gcc/arm-none-eabi/12.3.1/thumb/v7e-m+fp/hard\libc_nano.a(libc_a-strlen.o)
 .ARM.attributes
                0x00000728       0x34 c:/program files (x86)/arm gnu toolchain arm-none-eabi/12.3 rel1/bin/../lib/gcc/arm-none-eabi/12.3.1/thumb/v7e-m+fp/hard\libc_nano.a(libc_a-dtoa.o)
 .ARM.attributes
                0x0000075c       0x34 c:/program files (x86)/arm gnu toolchain arm-none-eabi/12.3 rel1/bin/../lib/gcc/arm-none-eabi/12.3.1/thumb/v7e-m+fp/hard\libc_nano.a(libc_a-freer.o)
 .ARM.attributes
                0x00000790       0x34 c:/program files (x86)/arm gnu toolchain arm-none-eabi/12.3 rel1/bin/../lib/gcc/arm-none-eabi/12.3.1/thumb/v7e-m+fp/hard\libc_nano.a(libc_a-malloc.o)
 .ARM.attributes
                0x000007c4       0x34 c:/program files (x86)/arm gnu toolchain arm-none-eabi/12.3 rel1/bin/../lib/gcc/arm-none-eabi/12.3.1/thumb/v7e-m+fp/hard\libc_nano.a(libc_a-mallocr.o)
 .ARM.attributes
                0x000007f8       0x34 c:/program files (x86)/arm gnu toolchain arm-none-eabi/12.3 rel1/bin/../lib/gcc/arm-none-eabi/12.3.1/thumb/v7e-m+fp/hard\libc_nano.a(libc_a-mlock.o)
 .ARM.attributes
                0x0000082c       0x34 c:/program files (x86)/arm gnu toolchain arm-none-eabi/12.3 rel1/bin/../lib/gcc/arm-none-eabi/12.3.1/thumb/v7e-m+fp/hard\libc_nano.a(libc_a-mprec.o)
 .ARM.attributes
                0x00000860       0x34 c:/program files (x86)/arm gnu toolchain arm-none-eabi/12.3 rel1/bin/../lib/gcc/arm-none-eabi/12.3.1/thumb/v7e-m+fp/hard\libc_nano.a(libc_a-nano-svfprintf.o)
 .ARM.attributes
                0x00000894       0x34 c:/program files (x86)/arm gnu toolchain arm-none-eabi/12.3 rel1/bin/../lib/gcc/arm-none-eabi/12.3.1/thumb/v7e-m+fp/hard\libc_nano.a(libc_a-fflush.o)
 .ARM.attributes
                0x000008c8       0x34 c:/program files (x86)/arm gnu toolchain arm-none-eabi/12.3 rel1/bin/../lib/gcc/arm-none-eabi/12.3.1/thumb/v7e-m+fp/hard\libc_nano.a(libc_a-memmove.o)
 .ARM.attributes
                0x000008fc       0x34 c:/program files (x86)/arm gnu toolchain arm-none-eabi/12.3 rel1/bin/../lib/gcc/arm-none-eabi/12.3.1/thumb/v7e-m+fp/hard\libc_nano.a(libc_a-locale.o)
 .ARM.attributes
                0x00000930       0x34 c:/program files (x86)/arm gnu toolchain arm-none-eabi/12.3 rel1/bin/../lib/gcc/arm-none-eabi/12.3.1/thumb/v7e-m+fp/hard\libc_nano.a(libc_a-sbrkr.o)
 .ARM.attributes
                0x00000964       0x34 c:/program files (x86)/arm gnu toolchain arm-none-eabi/12.3 rel1/bin/../lib/gcc/arm-none-eabi/12.3.1/thumb/v7e-m+fp/hard\libc_nano.a(libc_a-assert.o)
 .ARM.attributes
                0x00000998       0x34 c:/program files (x86)/arm gnu toolchain arm-none-eabi/12.3 rel1/bin/../lib/gcc/arm-none-eabi/12.3.1/thumb/v7e-m+fp/hard\libc_nano.a(libc_a-callocr.o)
 .ARM.attributes
                0x000009cc       0x34 c:/program files (x86)/arm gnu toolchain arm-none-eabi/12.3 rel1/bin/../lib/gcc/arm-none-eabi/12.3.1/thumb/v7e-m+fp/hard\libc_nano.a(libc_a-mbtowc_r.o)
 .ARM.attributes
                0x00000a00       0x34 c:/program files (x86)/arm gnu toolchain arm-none-eabi/12.3 rel1/bin/../lib/gcc/arm-none-eabi/12.3.1/thumb/v7e-m+fp/hard\libc_nano.a(libc_a-reallocr.o)
 .ARM.attributes
                0x00000a34       0x34 c:/program files (x86)/arm gnu toolchain arm-none-eabi/12.3 rel1/bin/../lib/gcc/arm-none-eabi/12.3.1/thumb/v7e-m+fp/hard\libc_nano.a(libc_a-wctomb_r.o)
 .ARM.attributes
                0x00000a68       0x34 c:/program files (x86)/arm gnu toolchain arm-none-eabi/12.3 rel1/bin/../lib/gcc/arm-none-eabi/12.3.1/thumb/v7e-m+fp/hard\libc_nano.a(libc_a-ctype_.o)
 .ARM.attributes
                0x00000a9c       0x34 c:/program files (x86)/arm gnu toolchain arm-none-eabi/12.3 rel1/bin/../lib/gcc/arm-none-eabi/12.3.1/thumb/v7e-m+fp/hard\libc_nano.a(libc_a-fprintf.o)
 .ARM.attributes
                0x00000ad0       0x34 c:/program files (x86)/arm gnu toolchain arm-none-eabi/12.3 rel1/bin/../lib/gcc/arm-none-eabi/12.3.1/thumb/v7e-m+fp/hard\libc_nano.a(libc_a-abort.o)
 .ARM.attributes
                0x00000b04       0x34 c:/program files (x86)/arm gnu toolchain arm-none-eabi/12.3 rel1/bin/../lib/gcc/arm-none-eabi/12.3.1/thumb/v7e-m+fp/hard\libc_nano.a(libc_a-msizer.o)
 .ARM.attributes
                0x00000b38       0x34 c:/program files (x86)/arm gnu toolchain arm-none-eabi/12.3 rel1/bin/../lib/gcc/arm-none-eabi/12.3.1/thumb/v7e-m+fp/hard\libc_nano.a(libc_a-nano-vfprintf.o)
 .ARM.attributes
                0x00000b6c       0x34 c:/program files (x86)/arm gnu toolchain arm-none-eabi/12.3 rel1/bin/../lib/gcc/arm-none-eabi/12.3.1/thumb/v7e-m+fp/hard\libc_nano.a(libc_a-wbuf.o)
 .ARM.attributes
                0x00000ba0       0x34 c:/program files (x86)/arm gnu toolchain arm-none-eabi/12.3 rel1/bin/../lib/gcc/arm-none-eabi/12.3.1/thumb/v7e-m+fp/hard\libc_nano.a(libc_a-wsetup.o)
 .ARM.attributes
                0x00000bd4       0x34 c:/program files (x86)/arm gnu toolchain arm-none-eabi/12.3 rel1/bin/../lib/gcc/arm-none-eabi/12.3.1/thumb/v7e-m+fp/hard\libc_nano.a(libc_a-signal.o)
 .ARM.attributes
                0x00000c08       0x34 c:/program files (x86)/arm gnu toolchain arm-none-eabi/12.3 rel1/bin/../lib/gcc/arm-none-eabi/12.3.1/thumb/v7e-m+fp/hard\libc_nano.a(libc_a-signalr.o)
 .ARM.attributes
                0x00000c3c       0x34 c:/program files (x86)/arm gnu toolchain arm-none-eabi/12.3 rel1/bin/../lib/gcc/arm-none-eabi/12.3.1/thumb/v7e-m+fp/hard\libc_nano.a(libc_a-makebuf.o)
 .ARM.attributes
                0x00000c70       0x34 c:/program files (x86)/arm gnu toolchain arm-none-eabi/12.3 rel1/bin/../lib/gcc/arm-none-eabi/12.3.1/thumb/v7e-m+fp/hard\libc_nano.a(libc_a-fstatr.o)
 .ARM.attributes
                0x00000ca4       0x34 c:/program files (x86)/arm gnu toolchain arm-none-eabi/12.3 rel1/bin/../lib/gcc/arm-none-eabi/12.3.1/thumb/v7e-m+fp/hard\libc_nano.a(libc_a-isattyr.o)
 .ARM.attributes
                0x00000cd8       0x22 c:/program files (x86)/arm gnu toolchain arm-none-eabi/12.3 rel1/bin/../lib/gcc/arm-none-eabi/12.3.1/thumb/v7e-m+fp/hard\libgcc.a(_arm_cmpdf2.o)
 .ARM.attributes
                0x00000cfa       0x22 c:/program files (x86)/arm gnu toolchain arm-none-eabi/12.3 rel1/bin/../lib/gcc/arm-none-eabi/12.3.1/thumb/v7e-m+fp/hard\libgcc.a(_arm_unorddf2.o)
 .ARM.attributes
                0x00000d1c       0x22 c:/program files (x86)/arm gnu toolchain arm-none-eabi/12.3 rel1/bin/../lib/gcc/arm-none-eabi/12.3.1/thumb/v7e-m+fp/hard\libgcc.a(_arm_fixdfsi.o)
 .ARM.attributes
                0x00000d3e       0x34 c:/program files (x86)/arm gnu toolchain arm-none-eabi/12.3 rel1/bin/../lib/gcc/arm-none-eabi/12.3.1/thumb/v7e-m+fp/hard\libnosys.a(close.o)
 .ARM.attributes
                0x00000d72       0x34 c:/program files (x86)/arm gnu toolchain arm-none-eabi/12.3 rel1/bin/../lib/gcc/arm-none-eabi/12.3.1/thumb/v7e-m+fp/hard\libnosys.a(fstat.o)
 .ARM.attributes
                0x00000da6       0x34 c:/program files (x86)/arm gnu toolchain arm-none-eabi/12.3 rel1/bin/../lib/gcc/arm-none-eabi/12.3.1/thumb/v7e-m+fp/hard\libnosys.a(getpid.o)
 .ARM.attributes
                0x00000dda       0x34 c:/program files (x86)/arm gnu toolchain arm-none-eabi/12.3 rel1/bin/../lib/gcc/arm-none-eabi/12.3.1/thumb/v7e-m+fp/hard\libnosys.a(isatty.o)
 .ARM.attributes
                0x00000e0e       0x34 c:/program files (x86)/arm gnu toolchain arm-none-eabi/12.3 rel1/bin/../lib/gcc/arm-none-eabi/12.3.1/thumb/v7e-m+fp/hard\libnosys.a(kill.o)
 .ARM.attributes
                0x00000e42       0x34 c:/program files (x86)/arm gnu toolchain arm-none-eabi/12.3 rel1/bin/../lib/gcc/arm-none-eabi/12.3.1/thumb/v7e-m+fp/hard\libnosys.a(lseek.o)
 .ARM.attributes
                0x00000e76       0x34 c:/program files (x86)/arm gnu toolchain arm-none-eabi/12.3 rel1/bin/../lib/gcc/arm-none-eabi/12.3.1/thumb/v7e-m+fp/hard\libnosys.a(read.o)
 .ARM.attributes
                0x00000eaa       0x34 c:/program files (x86)/arm gnu toolchain arm-none-eabi/12.3 rel1/bin/../lib/gcc/arm-none-eabi/12.3.1/thumb/v7e-m+fp/hard\libnosys.a(sbrk.o)
 .ARM.attributes
                0x00000ede       0x34 c:/program files (x86)/arm gnu toolchain arm-none-eabi/12.3 rel1/bin/../lib/gcc/arm-none-eabi/12.3.1/thumb/v7e-m+fp/hard\libnosys.a(write.o)
 .ARM.attributes
                0x00000f12       0x34 c:/program files (x86)/arm gnu toolchain arm-none-eabi/12.3 rel1/bin/../lib/gcc/arm-none-eabi/12.3.1/thumb/v7e-m+fp/hard\libnosys.a(_exit.o)
 .ARM.attributes
                0x00000f46       0x34 c:/program files (x86)/arm gnu toolchain arm-none-eabi/12.3 rel1/bin/../lib/gcc/arm-none-eabi/12.3.1/thumb/v7e-m+fp/hard/crtend.o
 .ARM.attributes
                0x00000f7a       0x22 c:/program files (x86)/arm gnu toolchain arm-none-eabi/12.3 rel1/bin/../lib/gcc/arm-none-eabi/12.3.1/thumb/v7e-m+fp/hard/crtn.o
OUTPUT(build/blink_led.elf elf32-littlearm)
LOAD linker stubs
LOAD c:/program files (x86)/arm gnu toolchain arm-none-eabi/12.3 rel1/bin/../lib/gcc/arm-none-eabi/12.3.1/thumb/v7e-m+fp/hard\libc.a
LOAD c:/program files (x86)/arm gnu toolchain arm-none-eabi/12.3 rel1/bin/../lib/gcc/arm-none-eabi/12.3.1/thumb/v7e-m+fp/hard\libm.a
LOAD c:/program files (x86)/arm gnu toolchain arm-none-eabi/12.3 rel1/bin/../lib/gcc/arm-none-eabi/12.3.1/thumb/v7e-m+fp/hard\libgcc.a

.comment        0x00000000       0x45
 .comment       0x00000000       0x45 build\ADC.o
                                 0x46 (size before relaxing)
 .comment       0x00000045       0x46 build\clock.o
 .comment       0x00000045       0x46 build\Delay.o
 .comment       0x00000045       0x46 build\Led.o
 .comment       0x00000045       0x46 build/Usart.o
 .comment       0x00000045       0x46 build\main.o
 .comment       0x00000045       0x46 build/event_groups.o
 .comment       0x00000045       0x46 build/list.o
 .comment       0x00000045       0x46 build/queue.o
 .comment       0x00000045       0x46 build/tasks.o
 .comment       0x00000045       0x46 build/timers.o
 .comment       0x00000045       0x46 build/port.o
 .comment       0x00000045       0x46 build/heap_4.o

.debug_line_str
                0x00000000      0x1c2
 .debug_line_str
                0x00000000       0xce c:/program files (x86)/arm gnu toolchain arm-none-eabi/12.3 rel1/bin/../lib/gcc/arm-none-eabi/12.3.1/thumb/v7e-m+fp/hard\libgcc.a(_arm_addsubdf3.o)
 .debug_line_str
                0x000000ce       0xce c:/program files (x86)/arm gnu toolchain arm-none-eabi/12.3 rel1/bin/../lib/gcc/arm-none-eabi/12.3.1/thumb/v7e-m+fp/hard\libgcc.a(_arm_muldivdf3.o)
 .debug_line_str
                0x000000ce       0xce c:/program files (x86)/arm gnu toolchain arm-none-eabi/12.3 rel1/bin/../lib/gcc/arm-none-eabi/12.3.1/thumb/v7e-m+fp/hard\libgcc.a(_arm_truncdfsf2.o)
 .debug_line_str
                0x000000ce       0xe1 c:/program files (x86)/arm gnu toolchain arm-none-eabi/12.3 rel1/bin/../lib/gcc/arm-none-eabi/12.3.1/thumb/v7e-m+fp/hard\libc_nano.a(libc_a-memchr.o)
 .debug_line_str
                0x000001af       0x13 c:/program files (x86)/arm gnu toolchain arm-none-eabi/12.3 rel1/bin/../lib/gcc/arm-none-eabi/12.3.1/thumb/v7e-m+fp/hard\libc_nano.a(libc_a-strlen.o)
                                 0xeb (size before relaxing)
 .debug_line_str
                0x000001c2       0xce c:/program files (x86)/arm gnu toolchain arm-none-eabi/12.3 rel1/bin/../lib/gcc/arm-none-eabi/12.3.1/thumb/v7e-m+fp/hard\libgcc.a(_arm_cmpdf2.o)
 .debug_line_str
                0x000001c2       0xce c:/program files (x86)/arm gnu toolchain arm-none-eabi/12.3 rel1/bin/../lib/gcc/arm-none-eabi/12.3.1/thumb/v7e-m+fp/hard\libgcc.a(_arm_unorddf2.o)
 .debug_line_str
                0x000001c2       0xce c:/program files (x86)/arm gnu toolchain arm-none-eabi/12.3 rel1/bin/../lib/gcc/arm-none-eabi/12.3.1/thumb/v7e-m+fp/hard\libgcc.a(_arm_fixdfsi.o)

.debug_frame    0x00000000     0x12c4
 .debug_frame   0x00000000       0xac c:/program files (x86)/arm gnu toolchain arm-none-eabi/12.3 rel1/bin/../lib/gcc/arm-none-eabi/12.3.1/thumb/v7e-m+fp/hard\libgcc.a(_arm_addsubdf3.o)
 .debug_frame   0x000000ac       0x50 c:/program files (x86)/arm gnu toolchain arm-none-eabi/12.3 rel1/bin/../lib/gcc/arm-none-eabi/12.3.1/thumb/v7e-m+fp/hard\libgcc.a(_arm_muldivdf3.o)
 .debug_frame   0x000000fc       0x24 c:/program files (x86)/arm gnu toolchain arm-none-eabi/12.3 rel1/bin/../lib/gcc/arm-none-eabi/12.3.1/thumb/v7e-m+fp/hard\libgcc.a(_arm_truncdfsf2.o)
 .debug_frame   0x00000120       0x94 c:/program files (x86)/arm gnu toolchain arm-none-eabi/12.3 rel1/bin/../lib/gcc/arm-none-eabi/12.3.1/thumb/v7e-m+fp/hard\libc_nano.a(libc_a-nano-vfprintf_float.o)
 .debug_frame   0x000001b4       0x60 c:/program files (x86)/arm gnu toolchain arm-none-eabi/12.3 rel1/bin/../lib/gcc/arm-none-eabi/12.3.1/thumb/v7e-m+fp/hard\libc_nano.a(libc_a-nano-vfprintf_i.o)
 .debug_frame   0x00000214      0x144 c:/program files (x86)/arm gnu toolchain arm-none-eabi/12.3 rel1/bin/../lib/gcc/arm-none-eabi/12.3.1/thumb/v7e-m+fp/hard\libc_nano.a(libc_a-findfp.o)
 .debug_frame   0x00000358       0x34 c:/program files (x86)/arm gnu toolchain arm-none-eabi/12.3 rel1/bin/../lib/gcc/arm-none-eabi/12.3.1/thumb/v7e-m+fp/hard\libc_nano.a(libc_a-fwalk.o)
 .debug_frame   0x0000038c       0x88 c:/program files (x86)/arm gnu toolchain arm-none-eabi/12.3 rel1/bin/../lib/gcc/arm-none-eabi/12.3.1/thumb/v7e-m+fp/hard\libc_nano.a(libc_a-stdio.o)
 .debug_frame   0x00000414       0x3c c:/program files (x86)/arm gnu toolchain arm-none-eabi/12.3 rel1/bin/../lib/gcc/arm-none-eabi/12.3.1/thumb/v7e-m+fp/hard\libc_nano.a(libc_a-vsprintf.o)
 .debug_frame   0x00000450       0x20 c:/program files (x86)/arm gnu toolchain arm-none-eabi/12.3 rel1/bin/../lib/gcc/arm-none-eabi/12.3.1/thumb/v7e-m+fp/hard\libc_nano.a(libc_a-memset.o)
 .debug_frame   0x00000470       0x40 c:/program files (x86)/arm gnu toolchain arm-none-eabi/12.3 rel1/bin/../lib/gcc/arm-none-eabi/12.3.1/thumb/v7e-m+fp/hard\libc_nano.a(libc_a-localeconv.o)
 .debug_frame   0x000004b0       0x2c c:/program files (x86)/arm gnu toolchain arm-none-eabi/12.3 rel1/bin/../lib/gcc/arm-none-eabi/12.3.1/thumb/v7e-m+fp/hard\libc_nano.a(libc_a-closer.o)
 .debug_frame   0x000004dc       0x38 c:/program files (x86)/arm gnu toolchain arm-none-eabi/12.3 rel1/bin/../lib/gcc/arm-none-eabi/12.3.1/thumb/v7e-m+fp/hard\libc_nano.a(libc_a-reent.o)
 .debug_frame   0x00000514       0x2c c:/program files (x86)/arm gnu toolchain arm-none-eabi/12.3 rel1/bin/../lib/gcc/arm-none-eabi/12.3.1/thumb/v7e-m+fp/hard\libc_nano.a(libc_a-lseekr.o)
 .debug_frame   0x00000540       0x2c c:/program files (x86)/arm gnu toolchain arm-none-eabi/12.3 rel1/bin/../lib/gcc/arm-none-eabi/12.3.1/thumb/v7e-m+fp/hard\libc_nano.a(libc_a-readr.o)
 .debug_frame   0x0000056c       0x2c c:/program files (x86)/arm gnu toolchain arm-none-eabi/12.3 rel1/bin/../lib/gcc/arm-none-eabi/12.3.1/thumb/v7e-m+fp/hard\libc_nano.a(libc_a-writer.o)
 .debug_frame   0x00000598       0x2c c:/program files (x86)/arm gnu toolchain arm-none-eabi/12.3 rel1/bin/../lib/gcc/arm-none-eabi/12.3.1/thumb/v7e-m+fp/hard\libc_nano.a(libc_a-init.o)
 .debug_frame   0x000005c4       0xb0 c:/program files (x86)/arm gnu toolchain arm-none-eabi/12.3 rel1/bin/../lib/gcc/arm-none-eabi/12.3.1/thumb/v7e-m+fp/hard\libc_nano.a(libc_a-lock.o)
 .debug_frame   0x00000674       0x28 c:/program files (x86)/arm gnu toolchain arm-none-eabi/12.3 rel1/bin/../lib/gcc/arm-none-eabi/12.3.1/thumb/v7e-m+fp/hard\libc_nano.a(libc_a-memcpy-stub.o)
 .debug_frame   0x0000069c       0x6c c:/program files (x86)/arm gnu toolchain arm-none-eabi/12.3 rel1/bin/../lib/gcc/arm-none-eabi/12.3.1/thumb/v7e-m+fp/hard\libc_nano.a(libc_a-dtoa.o)
 .debug_frame   0x00000708       0x38 c:/program files (x86)/arm gnu toolchain arm-none-eabi/12.3 rel1/bin/../lib/gcc/arm-none-eabi/12.3.1/thumb/v7e-m+fp/hard\libc_nano.a(libc_a-freer.o)
 .debug_frame   0x00000740       0x30 c:/program files (x86)/arm gnu toolchain arm-none-eabi/12.3 rel1/bin/../lib/gcc/arm-none-eabi/12.3.1/thumb/v7e-m+fp/hard\libc_nano.a(libc_a-malloc.o)
 .debug_frame   0x00000770       0x50 c:/program files (x86)/arm gnu toolchain arm-none-eabi/12.3 rel1/bin/../lib/gcc/arm-none-eabi/12.3.1/thumb/v7e-m+fp/hard\libc_nano.a(libc_a-mallocr.o)
 .debug_frame   0x000007c0       0x30 c:/program files (x86)/arm gnu toolchain arm-none-eabi/12.3 rel1/bin/../lib/gcc/arm-none-eabi/12.3.1/thumb/v7e-m+fp/hard\libc_nano.a(libc_a-mlock.o)
 .debug_frame   0x000007f0      0x260 c:/program files (x86)/arm gnu toolchain arm-none-eabi/12.3 rel1/bin/../lib/gcc/arm-none-eabi/12.3.1/thumb/v7e-m+fp/hard\libc_nano.a(libc_a-mprec.o)
 .debug_frame   0x00000a50       0x90 c:/program files (x86)/arm gnu toolchain arm-none-eabi/12.3 rel1/bin/../lib/gcc/arm-none-eabi/12.3.1/thumb/v7e-m+fp/hard\libc_nano.a(libc_a-nano-svfprintf.o)
 .debug_frame   0x00000ae0       0x5c c:/program files (x86)/arm gnu toolchain arm-none-eabi/12.3 rel1/bin/../lib/gcc/arm-none-eabi/12.3.1/thumb/v7e-m+fp/hard\libc_nano.a(libc_a-fflush.o)
 .debug_frame   0x00000b3c       0x28 c:/program files (x86)/arm gnu toolchain arm-none-eabi/12.3 rel1/bin/../lib/gcc/arm-none-eabi/12.3.1/thumb/v7e-m+fp/hard\libc_nano.a(libc_a-memmove.o)
 .debug_frame   0x00000b64       0x48 c:/program files (x86)/arm gnu toolchain arm-none-eabi/12.3 rel1/bin/../lib/gcc/arm-none-eabi/12.3.1/thumb/v7e-m+fp/hard\libc_nano.a(libc_a-locale.o)
 .debug_frame   0x00000bac       0x2c c:/program files (x86)/arm gnu toolchain arm-none-eabi/12.3 rel1/bin/../lib/gcc/arm-none-eabi/12.3.1/thumb/v7e-m+fp/hard\libc_nano.a(libc_a-sbrkr.o)
 .debug_frame   0x00000bd8       0x40 c:/program files (x86)/arm gnu toolchain arm-none-eabi/12.3 rel1/bin/../lib/gcc/arm-none-eabi/12.3.1/thumb/v7e-m+fp/hard\libc_nano.a(libc_a-assert.o)
 .debug_frame   0x00000c18       0x2c c:/program files (x86)/arm gnu toolchain arm-none-eabi/12.3 rel1/bin/../lib/gcc/arm-none-eabi/12.3.1/thumb/v7e-m+fp/hard\libc_nano.a(libc_a-callocr.o)
 .debug_frame   0x00000c44       0x48 c:/program files (x86)/arm gnu toolchain arm-none-eabi/12.3 rel1/bin/../lib/gcc/arm-none-eabi/12.3.1/thumb/v7e-m+fp/hard\libc_nano.a(libc_a-mbtowc_r.o)
 .debug_frame   0x00000c8c       0x3c c:/program files (x86)/arm gnu toolchain arm-none-eabi/12.3 rel1/bin/../lib/gcc/arm-none-eabi/12.3.1/thumb/v7e-m+fp/hard\libc_nano.a(libc_a-reallocr.o)
 .debug_frame   0x00000cc8       0x3c c:/program files (x86)/arm gnu toolchain arm-none-eabi/12.3 rel1/bin/../lib/gcc/arm-none-eabi/12.3.1/thumb/v7e-m+fp/hard\libc_nano.a(libc_a-wctomb_r.o)
 .debug_frame   0x00000d04       0x64 c:/program files (x86)/arm gnu toolchain arm-none-eabi/12.3 rel1/bin/../lib/gcc/arm-none-eabi/12.3.1/thumb/v7e-m+fp/hard\libc_nano.a(libc_a-fprintf.o)
 .debug_frame   0x00000d68       0x28 c:/program files (x86)/arm gnu toolchain arm-none-eabi/12.3 rel1/bin/../lib/gcc/arm-none-eabi/12.3.1/thumb/v7e-m+fp/hard\libc_nano.a(libc_a-abort.o)
 .debug_frame   0x00000d90       0x20 c:/program files (x86)/arm gnu toolchain arm-none-eabi/12.3 rel1/bin/../lib/gcc/arm-none-eabi/12.3.1/thumb/v7e-m+fp/hard\libc_nano.a(libc_a-msizer.o)
 .debug_frame   0x00000db0       0xa8 c:/program files (x86)/arm gnu toolchain arm-none-eabi/12.3 rel1/bin/../lib/gcc/arm-none-eabi/12.3.1/thumb/v7e-m+fp/hard\libc_nano.a(libc_a-nano-vfprintf.o)
 .debug_frame   0x00000e58       0x40 c:/program files (x86)/arm gnu toolchain arm-none-eabi/12.3 rel1/bin/../lib/gcc/arm-none-eabi/12.3.1/thumb/v7e-m+fp/hard\libc_nano.a(libc_a-wbuf.o)
 .debug_frame   0x00000e98       0x2c c:/program files (x86)/arm gnu toolchain arm-none-eabi/12.3 rel1/bin/../lib/gcc/arm-none-eabi/12.3.1/thumb/v7e-m+fp/hard\libc_nano.a(libc_a-wsetup.o)
 .debug_frame   0x00000ec4       0xcc c:/program files (x86)/arm gnu toolchain arm-none-eabi/12.3 rel1/bin/../lib/gcc/arm-none-eabi/12.3.1/thumb/v7e-m+fp/hard\libc_nano.a(libc_a-signal.o)
 .debug_frame   0x00000f90       0x3c c:/program files (x86)/arm gnu toolchain arm-none-eabi/12.3 rel1/bin/../lib/gcc/arm-none-eabi/12.3.1/thumb/v7e-m+fp/hard\libc_nano.a(libc_a-signalr.o)
 .debug_frame   0x00000fcc       0x58 c:/program files (x86)/arm gnu toolchain arm-none-eabi/12.3 rel1/bin/../lib/gcc/arm-none-eabi/12.3.1/thumb/v7e-m+fp/hard\libc_nano.a(libc_a-makebuf.o)
 .debug_frame   0x00001024       0x2c c:/program files (x86)/arm gnu toolchain arm-none-eabi/12.3 rel1/bin/../lib/gcc/arm-none-eabi/12.3.1/thumb/v7e-m+fp/hard\libc_nano.a(libc_a-fstatr.o)
 .debug_frame   0x00001050       0x2c c:/program files (x86)/arm gnu toolchain arm-none-eabi/12.3 rel1/bin/../lib/gcc/arm-none-eabi/12.3.1/thumb/v7e-m+fp/hard\libc_nano.a(libc_a-isattyr.o)
 .debug_frame   0x0000107c       0xc4 c:/program files (x86)/arm gnu toolchain arm-none-eabi/12.3 rel1/bin/../lib/gcc/arm-none-eabi/12.3.1/thumb/v7e-m+fp/hard\libgcc.a(_arm_cmpdf2.o)
 .debug_frame   0x00001140       0x20 c:/program files (x86)/arm gnu toolchain arm-none-eabi/12.3 rel1/bin/../lib/gcc/arm-none-eabi/12.3.1/thumb/v7e-m+fp/hard\libgcc.a(_arm_unorddf2.o)
 .debug_frame   0x00001160       0x24 c:/program files (x86)/arm gnu toolchain arm-none-eabi/12.3 rel1/bin/../lib/gcc/arm-none-eabi/12.3.1/thumb/v7e-m+fp/hard\libgcc.a(_arm_fixdfsi.o)
 .debug_frame   0x00001184       0x20 c:/program files (x86)/arm gnu toolchain arm-none-eabi/12.3 rel1/bin/../lib/gcc/arm-none-eabi/12.3.1/thumb/v7e-m+fp/hard\libnosys.a(close.o)
 .debug_frame   0x000011a4       0x20 c:/program files (x86)/arm gnu toolchain arm-none-eabi/12.3 rel1/bin/../lib/gcc/arm-none-eabi/12.3.1/thumb/v7e-m+fp/hard\libnosys.a(fstat.o)
 .debug_frame   0x000011c4       0x20 c:/program files (x86)/arm gnu toolchain arm-none-eabi/12.3 rel1/bin/../lib/gcc/arm-none-eabi/12.3.1/thumb/v7e-m+fp/hard\libnosys.a(getpid.o)
 .debug_frame   0x000011e4       0x20 c:/program files (x86)/arm gnu toolchain arm-none-eabi/12.3 rel1/bin/../lib/gcc/arm-none-eabi/12.3.1/thumb/v7e-m+fp/hard\libnosys.a(isatty.o)
 .debug_frame   0x00001204       0x20 c:/program files (x86)/arm gnu toolchain arm-none-eabi/12.3 rel1/bin/../lib/gcc/arm-none-eabi/12.3.1/thumb/v7e-m+fp/hard\libnosys.a(kill.o)
 .debug_frame   0x00001224       0x20 c:/program files (x86)/arm gnu toolchain arm-none-eabi/12.3 rel1/bin/../lib/gcc/arm-none-eabi/12.3.1/thumb/v7e-m+fp/hard\libnosys.a(lseek.o)
 .debug_frame   0x00001244       0x20 c:/program files (x86)/arm gnu toolchain arm-none-eabi/12.3 rel1/bin/../lib/gcc/arm-none-eabi/12.3.1/thumb/v7e-m+fp/hard\libnosys.a(read.o)
 .debug_frame   0x00001264       0x20 c:/program files (x86)/arm gnu toolchain arm-none-eabi/12.3 rel1/bin/../lib/gcc/arm-none-eabi/12.3.1/thumb/v7e-m+fp/hard\libnosys.a(sbrk.o)
 .debug_frame   0x00001284       0x20 c:/program files (x86)/arm gnu toolchain arm-none-eabi/12.3 rel1/bin/../lib/gcc/arm-none-eabi/12.3.1/thumb/v7e-m+fp/hard\libnosys.a(write.o)
 .debug_frame   0x000012a4       0x20 c:/program files (x86)/arm gnu toolchain arm-none-eabi/12.3 rel1/bin/../lib/gcc/arm-none-eabi/12.3.1/thumb/v7e-m+fp/hard\libnosys.a(_exit.o)
