Archive member included to satisfy reference by file (symbol)

c:/program files (x86)/arm gnu toolchain arm-none-eabi/12.3 rel1/bin/../lib/gcc/arm-none-eabi/12.3.1/thumb/v7e-m+fp/hard\libgcc.a(_arm_addsubdf3.o)
                              build\ADC.o (__aeabi_dadd)
c:/program files (x86)/arm gnu toolchain arm-none-eabi/12.3 rel1/bin/../lib/gcc/arm-none-eabi/12.3.1/thumb/v7e-m+fp/hard\libgcc.a(_arm_muldivdf3.o)
                              build\ADC.o (__aeabi_ddiv)
c:/program files (x86)/arm gnu toolchain arm-none-eabi/12.3 rel1/bin/../lib/gcc/arm-none-eabi/12.3.1/thumb/v7e-m+fp/hard\libgcc.a(_arm_truncdfsf2.o)
                              build\ADC.o (__aeabi_d2f)
c:/program files (x86)/arm gnu toolchain arm-none-eabi/12.3 rel1/bin/../lib/gcc/arm-none-eabi/12.3.1/thumb/v7e-m+fp/hard\libc.a(libc_a-exit.o)
                              c:/program files (x86)/arm gnu toolchain arm-none-eabi/12.3 rel1/bin/../lib/gcc/arm-none-eabi/12.3.1/thumb/v7e-m+fp/hard/crt0.o (exit)
c:/program files (x86)/arm gnu toolchain arm-none-eabi/12.3 rel1/bin/../lib/gcc/arm-none-eabi/12.3.1/thumb/v7e-m+fp/hard\libc.a(libc_a-findfp.o)
                              c:/program files (x86)/arm gnu toolchain arm-none-eabi/12.3 rel1/bin/../lib/gcc/arm-none-eabi/12.3.1/thumb/v7e-m+fp/hard\libc.a(libc_a-exit.o) (__stdio_exit_handler)
c:/program files (x86)/arm gnu toolchain arm-none-eabi/12.3 rel1/bin/../lib/gcc/arm-none-eabi/12.3.1/thumb/v7e-m+fp/hard\libc.a(libc_a-fwalk.o)
                              c:/program files (x86)/arm gnu toolchain arm-none-eabi/12.3 rel1/bin/../lib/gcc/arm-none-eabi/12.3.1/thumb/v7e-m+fp/hard\libc.a(libc_a-findfp.o) (_fwalk_sglue)
c:/program files (x86)/arm gnu toolchain arm-none-eabi/12.3 rel1/bin/../lib/gcc/arm-none-eabi/12.3.1/thumb/v7e-m+fp/hard\libc.a(libc_a-stdio.o)
                              c:/program files (x86)/arm gnu toolchain arm-none-eabi/12.3 rel1/bin/../lib/gcc/arm-none-eabi/12.3.1/thumb/v7e-m+fp/hard\libc.a(libc_a-findfp.o) (__sread)
c:/program files (x86)/arm gnu toolchain arm-none-eabi/12.3 rel1/bin/../lib/gcc/arm-none-eabi/12.3.1/thumb/v7e-m+fp/hard\libc.a(libc_a-memset.o)
                              c:/program files (x86)/arm gnu toolchain arm-none-eabi/12.3 rel1/bin/../lib/gcc/arm-none-eabi/12.3.1/thumb/v7e-m+fp/hard/crt0.o (memset)
c:/program files (x86)/arm gnu toolchain arm-none-eabi/12.3 rel1/bin/../lib/gcc/arm-none-eabi/12.3.1/thumb/v7e-m+fp/hard\libc.a(libc_a-closer.o)
                              c:/program files (x86)/arm gnu toolchain arm-none-eabi/12.3 rel1/bin/../lib/gcc/arm-none-eabi/12.3.1/thumb/v7e-m+fp/hard\libc.a(libc_a-stdio.o) (_close_r)
c:/program files (x86)/arm gnu toolchain arm-none-eabi/12.3 rel1/bin/../lib/gcc/arm-none-eabi/12.3.1/thumb/v7e-m+fp/hard\libc.a(libc_a-reent.o)
                              c:/program files (x86)/arm gnu toolchain arm-none-eabi/12.3 rel1/bin/../lib/gcc/arm-none-eabi/12.3.1/thumb/v7e-m+fp/hard\libc.a(libc_a-closer.o) (errno)
c:/program files (x86)/arm gnu toolchain arm-none-eabi/12.3 rel1/bin/../lib/gcc/arm-none-eabi/12.3.1/thumb/v7e-m+fp/hard\libc.a(libc_a-impure.o)
                              c:/program files (x86)/arm gnu toolchain arm-none-eabi/12.3 rel1/bin/../lib/gcc/arm-none-eabi/12.3.1/thumb/v7e-m+fp/hard\libc.a(libc_a-reent.o) (_impure_ptr)
c:/program files (x86)/arm gnu toolchain arm-none-eabi/12.3 rel1/bin/../lib/gcc/arm-none-eabi/12.3.1/thumb/v7e-m+fp/hard\libc.a(libc_a-lseekr.o)
                              c:/program files (x86)/arm gnu toolchain arm-none-eabi/12.3 rel1/bin/../lib/gcc/arm-none-eabi/12.3.1/thumb/v7e-m+fp/hard\libc.a(libc_a-stdio.o) (_lseek_r)
c:/program files (x86)/arm gnu toolchain arm-none-eabi/12.3 rel1/bin/../lib/gcc/arm-none-eabi/12.3.1/thumb/v7e-m+fp/hard\libc.a(libc_a-readr.o)
                              c:/program files (x86)/arm gnu toolchain arm-none-eabi/12.3 rel1/bin/../lib/gcc/arm-none-eabi/12.3.1/thumb/v7e-m+fp/hard\libc.a(libc_a-stdio.o) (_read_r)
c:/program files (x86)/arm gnu toolchain arm-none-eabi/12.3 rel1/bin/../lib/gcc/arm-none-eabi/12.3.1/thumb/v7e-m+fp/hard\libc.a(libc_a-writer.o)
                              c:/program files (x86)/arm gnu toolchain arm-none-eabi/12.3 rel1/bin/../lib/gcc/arm-none-eabi/12.3.1/thumb/v7e-m+fp/hard\libc.a(libc_a-stdio.o) (_write_r)
c:/program files (x86)/arm gnu toolchain arm-none-eabi/12.3 rel1/bin/../lib/gcc/arm-none-eabi/12.3.1/thumb/v7e-m+fp/hard\libc.a(libc_a-init.o)
                              c:/program files (x86)/arm gnu toolchain arm-none-eabi/12.3 rel1/bin/../lib/gcc/arm-none-eabi/12.3.1/thumb/v7e-m+fp/hard/crt0.o (__libc_init_array)
c:/program files (x86)/arm gnu toolchain arm-none-eabi/12.3 rel1/bin/../lib/gcc/arm-none-eabi/12.3.1/thumb/v7e-m+fp/hard\libc.a(libc_a-lock.o)
                              c:/program files (x86)/arm gnu toolchain arm-none-eabi/12.3 rel1/bin/../lib/gcc/arm-none-eabi/12.3.1/thumb/v7e-m+fp/hard\libc.a(libc_a-findfp.o) (__retarget_lock_init_recursive)
c:/program files (x86)/arm gnu toolchain arm-none-eabi/12.3 rel1/bin/../lib/gcc/arm-none-eabi/12.3.1/thumb/v7e-m+fp/hard\libc.a(libc_a-memcpy.o)
                              build/queue.o (memcpy)
c:/program files (x86)/arm gnu toolchain arm-none-eabi/12.3 rel1/bin/../lib/gcc/arm-none-eabi/12.3.1/thumb/v7e-m+fp/hard\libc.a(libc_a-__call_atexit.o)
                              c:/program files (x86)/arm gnu toolchain arm-none-eabi/12.3 rel1/bin/../lib/gcc/arm-none-eabi/12.3.1/thumb/v7e-m+fp/hard\libc.a(libc_a-exit.o) (__call_exitprocs)
c:/program files (x86)/arm gnu toolchain arm-none-eabi/12.3 rel1/bin/../lib/gcc/arm-none-eabi/12.3.1/thumb/v7e-m+fp/hard\libc.a(libc_a-atexit.o)
                              c:/program files (x86)/arm gnu toolchain arm-none-eabi/12.3 rel1/bin/../lib/gcc/arm-none-eabi/12.3.1/thumb/v7e-m+fp/hard\libc.a(libc_a-__call_atexit.o) (atexit)
c:/program files (x86)/arm gnu toolchain arm-none-eabi/12.3 rel1/bin/../lib/gcc/arm-none-eabi/12.3.1/thumb/v7e-m+fp/hard\libc.a(libc_a-freer.o)
                              c:/program files (x86)/arm gnu toolchain arm-none-eabi/12.3 rel1/bin/../lib/gcc/arm-none-eabi/12.3.1/thumb/v7e-m+fp/hard\libc.a(libc_a-reent.o) (_free_r)
c:/program files (x86)/arm gnu toolchain arm-none-eabi/12.3 rel1/bin/../lib/gcc/arm-none-eabi/12.3.1/thumb/v7e-m+fp/hard\libc.a(libc_a-mallocr.o)
                              c:/program files (x86)/arm gnu toolchain arm-none-eabi/12.3 rel1/bin/../lib/gcc/arm-none-eabi/12.3.1/thumb/v7e-m+fp/hard\libc.a(libc_a-findfp.o) (_malloc_r)
c:/program files (x86)/arm gnu toolchain arm-none-eabi/12.3 rel1/bin/../lib/gcc/arm-none-eabi/12.3.1/thumb/v7e-m+fp/hard\libc.a(libc_a-mlock.o)
                              c:/program files (x86)/arm gnu toolchain arm-none-eabi/12.3 rel1/bin/../lib/gcc/arm-none-eabi/12.3.1/thumb/v7e-m+fp/hard\libc.a(libc_a-freer.o) (__malloc_lock)
c:/program files (x86)/arm gnu toolchain arm-none-eabi/12.3 rel1/bin/../lib/gcc/arm-none-eabi/12.3.1/thumb/v7e-m+fp/hard\libc.a(libc_a-fclose.o)
                              c:/program files (x86)/arm gnu toolchain arm-none-eabi/12.3 rel1/bin/../lib/gcc/arm-none-eabi/12.3.1/thumb/v7e-m+fp/hard\libc.a(libc_a-findfp.o) (_fclose_r)
c:/program files (x86)/arm gnu toolchain arm-none-eabi/12.3 rel1/bin/../lib/gcc/arm-none-eabi/12.3.1/thumb/v7e-m+fp/hard\libc.a(libc_a-fflush.o)
                              c:/program files (x86)/arm gnu toolchain arm-none-eabi/12.3 rel1/bin/../lib/gcc/arm-none-eabi/12.3.1/thumb/v7e-m+fp/hard\libc.a(libc_a-fclose.o) (__sflush_r)
c:/program files (x86)/arm gnu toolchain arm-none-eabi/12.3 rel1/bin/../lib/gcc/arm-none-eabi/12.3.1/thumb/v7e-m+fp/hard\libc.a(libc_a-sbrkr.o)
                              c:/program files (x86)/arm gnu toolchain arm-none-eabi/12.3 rel1/bin/../lib/gcc/arm-none-eabi/12.3.1/thumb/v7e-m+fp/hard\libc.a(libc_a-freer.o) (_sbrk_r)
c:/program files (x86)/arm gnu toolchain arm-none-eabi/12.3 rel1/bin/../lib/gcc/arm-none-eabi/12.3.1/thumb/v7e-m+fp/hard\libc.a(libc_a-fini.o)
                              c:/program files (x86)/arm gnu toolchain arm-none-eabi/12.3 rel1/bin/../lib/gcc/arm-none-eabi/12.3.1/thumb/v7e-m+fp/hard\libc.a(libc_a-__call_atexit.o) (__libc_fini_array)
c:/program files (x86)/arm gnu toolchain arm-none-eabi/12.3 rel1/bin/../lib/gcc/arm-none-eabi/12.3.1/thumb/v7e-m+fp/hard\libc.a(libc_a-sysconf.o)
                              c:/program files (x86)/arm gnu toolchain arm-none-eabi/12.3 rel1/bin/../lib/gcc/arm-none-eabi/12.3.1/thumb/v7e-m+fp/hard\libc.a(libc_a-freer.o) (sysconf)
c:/program files (x86)/arm gnu toolchain arm-none-eabi/12.3 rel1/bin/../lib/gcc/arm-none-eabi/12.3.1/thumb/v7e-m+fp/hard\libc.a(libc_a-__atexit.o)
                              c:/program files (x86)/arm gnu toolchain arm-none-eabi/12.3 rel1/bin/../lib/gcc/arm-none-eabi/12.3.1/thumb/v7e-m+fp/hard\libc.a(libc_a-atexit.o) (__register_exitproc)
c:/program files (x86)/arm gnu toolchain arm-none-eabi/12.3 rel1/bin/../lib/gcc/arm-none-eabi/12.3.1/thumb/v7e-m+fp/hard\libc.a(libc_a-errno.o)
                              c:/program files (x86)/arm gnu toolchain arm-none-eabi/12.3 rel1/bin/../lib/gcc/arm-none-eabi/12.3.1/thumb/v7e-m+fp/hard\libc.a(libc_a-sysconf.o) (__errno)

Discarded input sections

 .text          0x00000000        0x0 c:/program files (x86)/arm gnu toolchain arm-none-eabi/12.3 rel1/bin/../lib/gcc/arm-none-eabi/12.3.1/thumb/v7e-m+fp/hard/crti.o
 .data          0x00000000        0x0 c:/program files (x86)/arm gnu toolchain arm-none-eabi/12.3 rel1/bin/../lib/gcc/arm-none-eabi/12.3.1/thumb/v7e-m+fp/hard/crti.o
 .bss           0x00000000        0x0 c:/program files (x86)/arm gnu toolchain arm-none-eabi/12.3 rel1/bin/../lib/gcc/arm-none-eabi/12.3.1/thumb/v7e-m+fp/hard/crti.o
 .text          0x00000000        0x0 c:/program files (x86)/arm gnu toolchain arm-none-eabi/12.3 rel1/bin/../lib/gcc/arm-none-eabi/12.3.1/thumb/v7e-m+fp/hard/crtbegin.o
 .data          0x00000000        0x0 c:/program files (x86)/arm gnu toolchain arm-none-eabi/12.3 rel1/bin/../lib/gcc/arm-none-eabi/12.3.1/thumb/v7e-m+fp/hard/crtbegin.o
 .bss           0x00000000        0x0 c:/program files (x86)/arm gnu toolchain arm-none-eabi/12.3 rel1/bin/../lib/gcc/arm-none-eabi/12.3.1/thumb/v7e-m+fp/hard/crtbegin.o
 .rodata.all_implied_fbits
                0x00000000       0x24 c:/program files (x86)/arm gnu toolchain arm-none-eabi/12.3 rel1/bin/../lib/gcc/arm-none-eabi/12.3.1/thumb/v7e-m+fp/hard/crtbegin.o
 .data.__dso_handle
                0x00000000        0x4 c:/program files (x86)/arm gnu toolchain arm-none-eabi/12.3 rel1/bin/../lib/gcc/arm-none-eabi/12.3.1/thumb/v7e-m+fp/hard/crtbegin.o
 .text          0x00000000       0x7c c:/program files (x86)/arm gnu toolchain arm-none-eabi/12.3 rel1/bin/../lib/gcc/arm-none-eabi/12.3.1/thumb/v7e-m+fp/hard/crt0.o
 .data          0x00000000        0x0 c:/program files (x86)/arm gnu toolchain arm-none-eabi/12.3 rel1/bin/../lib/gcc/arm-none-eabi/12.3.1/thumb/v7e-m+fp/hard/crt0.o
 .bss           0x00000000        0x0 c:/program files (x86)/arm gnu toolchain arm-none-eabi/12.3 rel1/bin/../lib/gcc/arm-none-eabi/12.3.1/thumb/v7e-m+fp/hard/crt0.o
 .ARM.extab     0x00000000        0x0 c:/program files (x86)/arm gnu toolchain arm-none-eabi/12.3 rel1/bin/../lib/gcc/arm-none-eabi/12.3.1/thumb/v7e-m+fp/hard/crt0.o
 .ARM.exidx     0x00000000       0x10 c:/program files (x86)/arm gnu toolchain arm-none-eabi/12.3 rel1/bin/../lib/gcc/arm-none-eabi/12.3.1/thumb/v7e-m+fp/hard/crt0.o
 .debug_line_str
                0x00000000       0xd6 c:/program files (x86)/arm gnu toolchain arm-none-eabi/12.3 rel1/bin/../lib/gcc/arm-none-eabi/12.3.1/thumb/v7e-m+fp/hard/crt0.o
 .ARM.attributes
                0x00000000       0x20 c:/program files (x86)/arm gnu toolchain arm-none-eabi/12.3 rel1/bin/../lib/gcc/arm-none-eabi/12.3.1/thumb/v7e-m+fp/hard/crt0.o
 .text          0x00000000      0x21c build\ADC.o
 .data          0x00000000        0x0 build\ADC.o
 .bss           0x00000000        0x0 build\ADC.o
 .comment       0x00000000       0x46 build\ADC.o
 .ARM.attributes
                0x00000000       0x34 build\ADC.o
 .text          0x00000000      0x14c build\capture.o
 .data          0x00000000        0x0 build\capture.o
 .bss           0x00000000        0x0 build\capture.o
 .comment       0x00000000       0x46 build\capture.o
 .ARM.attributes
                0x00000000       0x34 build\capture.o
 .data          0x00000000        0x0 build\clock.o
 .bss           0x00000000        0x0 build\clock.o
 .data          0x00000000        0x0 build\Delay.o
 .data          0x00000000        0x0 build\Led.o
 .bss           0x00000000        0x0 build\Led.o
 .text          0x00000000      0x108 build\pwm.o
 .data          0x00000000        0x0 build\pwm.o
 .bss           0x00000000        0x0 build\pwm.o
 .comment       0x00000000       0x46 build\pwm.o
 .ARM.attributes
                0x00000000       0x34 build\pwm.o
 .data          0x00000000        0x0 build\main.o
 .bss           0x00000000        0x0 build\main.o
 .text          0x00000000       0x14 build\startup.o
 .data          0x00000000        0x0 build\startup.o
 .bss           0x00000000        0x0 build\startup.o
 .text          0x00000000       0x94 build\low_power.o
 .data          0x00000000        0x0 build\low_power.o
 .bss           0x00000000        0x0 build\low_power.o
 .comment       0x00000000       0x46 build\low_power.o
 .ARM.attributes
                0x00000000       0x34 build\low_power.o
 .text          0x00000000        0x0 build/croutine.o
 .data          0x00000000        0x0 build/croutine.o
 .bss           0x00000000        0x0 build/croutine.o
 .comment       0x00000000       0x46 build/croutine.o
 .ARM.attributes
                0x00000000       0x34 build/croutine.o
 .text          0x00000000      0x62c build/event_groups.o
 .data          0x00000000        0x0 build/event_groups.o
 .bss           0x00000000        0x0 build/event_groups.o
 .comment       0x00000000       0x46 build/event_groups.o
 .ARM.attributes
                0x00000000       0x34 build/event_groups.o
 .data          0x00000000        0x0 build/list.o
 .bss           0x00000000        0x0 build/list.o
 .data          0x00000000        0x0 build/queue.o
 .text          0x00000000      0xd3c build/stream_buffer.o
 .data          0x00000000        0x0 build/stream_buffer.o
 .bss           0x00000000        0x0 build/stream_buffer.o
 .comment       0x00000000       0x46 build/stream_buffer.o
 .ARM.attributes
                0x00000000       0x34 build/stream_buffer.o
 .data          0x00000000        0x0 build/timers.o
 .rodata        0x00000000        0x4 build/port.o
 .data          0x00000000        0x0 build/heap_4.o
 .rodata        0x00000000        0x4 build/heap_4.o
 .text          0x00000000      0x378 c:/program files (x86)/arm gnu toolchain arm-none-eabi/12.3 rel1/bin/../lib/gcc/arm-none-eabi/12.3.1/thumb/v7e-m+fp/hard\libgcc.a(_arm_addsubdf3.o)
 .data          0x00000000        0x0 c:/program files (x86)/arm gnu toolchain arm-none-eabi/12.3 rel1/bin/../lib/gcc/arm-none-eabi/12.3.1/thumb/v7e-m+fp/hard\libgcc.a(_arm_addsubdf3.o)
 .bss           0x00000000        0x0 c:/program files (x86)/arm gnu toolchain arm-none-eabi/12.3 rel1/bin/../lib/gcc/arm-none-eabi/12.3.1/thumb/v7e-m+fp/hard\libgcc.a(_arm_addsubdf3.o)
 .debug_line_str
                0x00000000       0xce c:/program files (x86)/arm gnu toolchain arm-none-eabi/12.3 rel1/bin/../lib/gcc/arm-none-eabi/12.3.1/thumb/v7e-m+fp/hard\libgcc.a(_arm_addsubdf3.o)
 .debug_frame   0x00000000       0xac c:/program files (x86)/arm gnu toolchain arm-none-eabi/12.3 rel1/bin/../lib/gcc/arm-none-eabi/12.3.1/thumb/v7e-m+fp/hard\libgcc.a(_arm_addsubdf3.o)
 .ARM.attributes
                0x00000000       0x22 c:/program files (x86)/arm gnu toolchain arm-none-eabi/12.3 rel1/bin/../lib/gcc/arm-none-eabi/12.3.1/thumb/v7e-m+fp/hard\libgcc.a(_arm_addsubdf3.o)
 .text          0x00000000      0x424 c:/program files (x86)/arm gnu toolchain arm-none-eabi/12.3 rel1/bin/../lib/gcc/arm-none-eabi/12.3.1/thumb/v7e-m+fp/hard\libgcc.a(_arm_muldivdf3.o)
 .data          0x00000000        0x0 c:/program files (x86)/arm gnu toolchain arm-none-eabi/12.3 rel1/bin/../lib/gcc/arm-none-eabi/12.3.1/thumb/v7e-m+fp/hard\libgcc.a(_arm_muldivdf3.o)
 .bss           0x00000000        0x0 c:/program files (x86)/arm gnu toolchain arm-none-eabi/12.3 rel1/bin/../lib/gcc/arm-none-eabi/12.3.1/thumb/v7e-m+fp/hard\libgcc.a(_arm_muldivdf3.o)
 .debug_line_str
                0x00000000       0xce c:/program files (x86)/arm gnu toolchain arm-none-eabi/12.3 rel1/bin/../lib/gcc/arm-none-eabi/12.3.1/thumb/v7e-m+fp/hard\libgcc.a(_arm_muldivdf3.o)
 .debug_frame   0x00000000       0x50 c:/program files (x86)/arm gnu toolchain arm-none-eabi/12.3 rel1/bin/../lib/gcc/arm-none-eabi/12.3.1/thumb/v7e-m+fp/hard\libgcc.a(_arm_muldivdf3.o)
 .ARM.attributes
                0x00000000       0x22 c:/program files (x86)/arm gnu toolchain arm-none-eabi/12.3 rel1/bin/../lib/gcc/arm-none-eabi/12.3.1/thumb/v7e-m+fp/hard\libgcc.a(_arm_muldivdf3.o)
 .text          0x00000000       0xa0 c:/program files (x86)/arm gnu toolchain arm-none-eabi/12.3 rel1/bin/../lib/gcc/arm-none-eabi/12.3.1/thumb/v7e-m+fp/hard\libgcc.a(_arm_truncdfsf2.o)
 .data          0x00000000        0x0 c:/program files (x86)/arm gnu toolchain arm-none-eabi/12.3 rel1/bin/../lib/gcc/arm-none-eabi/12.3.1/thumb/v7e-m+fp/hard\libgcc.a(_arm_truncdfsf2.o)
 .bss           0x00000000        0x0 c:/program files (x86)/arm gnu toolchain arm-none-eabi/12.3 rel1/bin/../lib/gcc/arm-none-eabi/12.3.1/thumb/v7e-m+fp/hard\libgcc.a(_arm_truncdfsf2.o)
 .debug_line_str
                0x00000000       0xce c:/program files (x86)/arm gnu toolchain arm-none-eabi/12.3 rel1/bin/../lib/gcc/arm-none-eabi/12.3.1/thumb/v7e-m+fp/hard\libgcc.a(_arm_truncdfsf2.o)
 .debug_frame   0x00000000       0x24 c:/program files (x86)/arm gnu toolchain arm-none-eabi/12.3 rel1/bin/../lib/gcc/arm-none-eabi/12.3.1/thumb/v7e-m+fp/hard\libgcc.a(_arm_truncdfsf2.o)
 .ARM.attributes
                0x00000000       0x22 c:/program files (x86)/arm gnu toolchain arm-none-eabi/12.3 rel1/bin/../lib/gcc/arm-none-eabi/12.3.1/thumb/v7e-m+fp/hard\libgcc.a(_arm_truncdfsf2.o)
 .text          0x00000000        0x0 c:/program files (x86)/arm gnu toolchain arm-none-eabi/12.3 rel1/bin/../lib/gcc/arm-none-eabi/12.3.1/thumb/v7e-m+fp/hard\libc.a(libc_a-exit.o)
 .data          0x00000000        0x0 c:/program files (x86)/arm gnu toolchain arm-none-eabi/12.3 rel1/bin/../lib/gcc/arm-none-eabi/12.3.1/thumb/v7e-m+fp/hard\libc.a(libc_a-exit.o)
 .bss           0x00000000        0x0 c:/program files (x86)/arm gnu toolchain arm-none-eabi/12.3 rel1/bin/../lib/gcc/arm-none-eabi/12.3.1/thumb/v7e-m+fp/hard\libc.a(libc_a-exit.o)
 .text.exit     0x00000000       0x1c c:/program files (x86)/arm gnu toolchain arm-none-eabi/12.3 rel1/bin/../lib/gcc/arm-none-eabi/12.3.1/thumb/v7e-m+fp/hard\libc.a(libc_a-exit.o)
 .debug_frame   0x00000000       0x28 c:/program files (x86)/arm gnu toolchain arm-none-eabi/12.3 rel1/bin/../lib/gcc/arm-none-eabi/12.3.1/thumb/v7e-m+fp/hard\libc.a(libc_a-exit.o)
 .ARM.attributes
                0x00000000       0x34 c:/program files (x86)/arm gnu toolchain arm-none-eabi/12.3 rel1/bin/../lib/gcc/arm-none-eabi/12.3.1/thumb/v7e-m+fp/hard\libc.a(libc_a-exit.o)
 .text          0x00000000        0x0 c:/program files (x86)/arm gnu toolchain arm-none-eabi/12.3 rel1/bin/../lib/gcc/arm-none-eabi/12.3.1/thumb/v7e-m+fp/hard\libc.a(libc_a-findfp.o)
 .data          0x00000000        0x0 c:/program files (x86)/arm gnu toolchain arm-none-eabi/12.3 rel1/bin/../lib/gcc/arm-none-eabi/12.3.1/thumb/v7e-m+fp/hard\libc.a(libc_a-findfp.o)
 .bss           0x00000000        0x0 c:/program files (x86)/arm gnu toolchain arm-none-eabi/12.3 rel1/bin/../lib/gcc/arm-none-eabi/12.3.1/thumb/v7e-m+fp/hard\libc.a(libc_a-findfp.o)
 .text.stdio_exit_handler
                0x00000000       0x18 c:/program files (x86)/arm gnu toolchain arm-none-eabi/12.3 rel1/bin/../lib/gcc/arm-none-eabi/12.3.1/thumb/v7e-m+fp/hard\libc.a(libc_a-findfp.o)
 .text.cleanup_stdio
                0x00000000       0x40 c:/program files (x86)/arm gnu toolchain arm-none-eabi/12.3 rel1/bin/../lib/gcc/arm-none-eabi/12.3.1/thumb/v7e-m+fp/hard\libc.a(libc_a-findfp.o)
 .text.__fp_lock
                0x00000000       0x1c c:/program files (x86)/arm gnu toolchain arm-none-eabi/12.3 rel1/bin/../lib/gcc/arm-none-eabi/12.3.1/thumb/v7e-m+fp/hard\libc.a(libc_a-findfp.o)
 .text.__fp_unlock
                0x00000000       0x1c c:/program files (x86)/arm gnu toolchain arm-none-eabi/12.3 rel1/bin/../lib/gcc/arm-none-eabi/12.3.1/thumb/v7e-m+fp/hard\libc.a(libc_a-findfp.o)
 .text.global_stdio_init.part.0
                0x00000000       0xf0 c:/program files (x86)/arm gnu toolchain arm-none-eabi/12.3 rel1/bin/../lib/gcc/arm-none-eabi/12.3.1/thumb/v7e-m+fp/hard\libc.a(libc_a-findfp.o)
 .text.__sfp    0x00000000       0xc0 c:/program files (x86)/arm gnu toolchain arm-none-eabi/12.3 rel1/bin/../lib/gcc/arm-none-eabi/12.3.1/thumb/v7e-m+fp/hard\libc.a(libc_a-findfp.o)
 .text.__sinit  0x00000000       0x3c c:/program files (x86)/arm gnu toolchain arm-none-eabi/12.3 rel1/bin/../lib/gcc/arm-none-eabi/12.3.1/thumb/v7e-m+fp/hard\libc.a(libc_a-findfp.o)
 .text.__sfp_lock_acquire
                0x00000000        0xc c:/program files (x86)/arm gnu toolchain arm-none-eabi/12.3 rel1/bin/../lib/gcc/arm-none-eabi/12.3.1/thumb/v7e-m+fp/hard\libc.a(libc_a-findfp.o)
 .text.__sfp_lock_release
                0x00000000        0xc c:/program files (x86)/arm gnu toolchain arm-none-eabi/12.3 rel1/bin/../lib/gcc/arm-none-eabi/12.3.1/thumb/v7e-m+fp/hard\libc.a(libc_a-findfp.o)
 .text.__fp_lock_all
                0x00000000       0x24 c:/program files (x86)/arm gnu toolchain arm-none-eabi/12.3 rel1/bin/../lib/gcc/arm-none-eabi/12.3.1/thumb/v7e-m+fp/hard\libc.a(libc_a-findfp.o)
 .text.__fp_unlock_all
                0x00000000       0x24 c:/program files (x86)/arm gnu toolchain arm-none-eabi/12.3 rel1/bin/../lib/gcc/arm-none-eabi/12.3.1/thumb/v7e-m+fp/hard\libc.a(libc_a-findfp.o)
 .data.__sglue  0x00000000        0xc c:/program files (x86)/arm gnu toolchain arm-none-eabi/12.3 rel1/bin/../lib/gcc/arm-none-eabi/12.3.1/thumb/v7e-m+fp/hard\libc.a(libc_a-findfp.o)
 .bss.__sf      0x00000000      0x138 c:/program files (x86)/arm gnu toolchain arm-none-eabi/12.3 rel1/bin/../lib/gcc/arm-none-eabi/12.3.1/thumb/v7e-m+fp/hard\libc.a(libc_a-findfp.o)
 .bss.__stdio_exit_handler
                0x00000000        0x4 c:/program files (x86)/arm gnu toolchain arm-none-eabi/12.3 rel1/bin/../lib/gcc/arm-none-eabi/12.3.1/thumb/v7e-m+fp/hard\libc.a(libc_a-findfp.o)
 .debug_frame   0x00000000      0x13c c:/program files (x86)/arm gnu toolchain arm-none-eabi/12.3 rel1/bin/../lib/gcc/arm-none-eabi/12.3.1/thumb/v7e-m+fp/hard\libc.a(libc_a-findfp.o)
 .ARM.attributes
                0x00000000       0x34 c:/program files (x86)/arm gnu toolchain arm-none-eabi/12.3 rel1/bin/../lib/gcc/arm-none-eabi/12.3.1/thumb/v7e-m+fp/hard\libc.a(libc_a-findfp.o)
 .text          0x00000000        0x0 c:/program files (x86)/arm gnu toolchain arm-none-eabi/12.3 rel1/bin/../lib/gcc/arm-none-eabi/12.3.1/thumb/v7e-m+fp/hard\libc.a(libc_a-fwalk.o)
 .data          0x00000000        0x0 c:/program files (x86)/arm gnu toolchain arm-none-eabi/12.3 rel1/bin/../lib/gcc/arm-none-eabi/12.3.1/thumb/v7e-m+fp/hard\libc.a(libc_a-fwalk.o)
 .bss           0x00000000        0x0 c:/program files (x86)/arm gnu toolchain arm-none-eabi/12.3 rel1/bin/../lib/gcc/arm-none-eabi/12.3.1/thumb/v7e-m+fp/hard\libc.a(libc_a-fwalk.o)
 .text._fwalk_sglue
                0x00000000       0x48 c:/program files (x86)/arm gnu toolchain arm-none-eabi/12.3 rel1/bin/../lib/gcc/arm-none-eabi/12.3.1/thumb/v7e-m+fp/hard\libc.a(libc_a-fwalk.o)
 .debug_frame   0x00000000       0x34 c:/program files (x86)/arm gnu toolchain arm-none-eabi/12.3 rel1/bin/../lib/gcc/arm-none-eabi/12.3.1/thumb/v7e-m+fp/hard\libc.a(libc_a-fwalk.o)
 .ARM.attributes
                0x00000000       0x34 c:/program files (x86)/arm gnu toolchain arm-none-eabi/12.3 rel1/bin/../lib/gcc/arm-none-eabi/12.3.1/thumb/v7e-m+fp/hard\libc.a(libc_a-fwalk.o)
 .text          0x00000000        0x0 c:/program files (x86)/arm gnu toolchain arm-none-eabi/12.3 rel1/bin/../lib/gcc/arm-none-eabi/12.3.1/thumb/v7e-m+fp/hard\libc.a(libc_a-stdio.o)
 .data          0x00000000        0x0 c:/program files (x86)/arm gnu toolchain arm-none-eabi/12.3 rel1/bin/../lib/gcc/arm-none-eabi/12.3.1/thumb/v7e-m+fp/hard\libc.a(libc_a-stdio.o)
 .bss           0x00000000        0x0 c:/program files (x86)/arm gnu toolchain arm-none-eabi/12.3 rel1/bin/../lib/gcc/arm-none-eabi/12.3.1/thumb/v7e-m+fp/hard\libc.a(libc_a-stdio.o)
 .text.__sread  0x00000000       0x24 c:/program files (x86)/arm gnu toolchain arm-none-eabi/12.3 rel1/bin/../lib/gcc/arm-none-eabi/12.3.1/thumb/v7e-m+fp/hard\libc.a(libc_a-stdio.o)
 .text.__seofread
                0x00000000        0x4 c:/program files (x86)/arm gnu toolchain arm-none-eabi/12.3 rel1/bin/../lib/gcc/arm-none-eabi/12.3.1/thumb/v7e-m+fp/hard\libc.a(libc_a-stdio.o)
 .text.__swrite
                0x00000000       0x40 c:/program files (x86)/arm gnu toolchain arm-none-eabi/12.3 rel1/bin/../lib/gcc/arm-none-eabi/12.3.1/thumb/v7e-m+fp/hard\libc.a(libc_a-stdio.o)
 .text.__sseek  0x00000000       0x24 c:/program files (x86)/arm gnu toolchain arm-none-eabi/12.3 rel1/bin/../lib/gcc/arm-none-eabi/12.3.1/thumb/v7e-m+fp/hard\libc.a(libc_a-stdio.o)
 .text.__sclose
                0x00000000        0x8 c:/program files (x86)/arm gnu toolchain arm-none-eabi/12.3 rel1/bin/../lib/gcc/arm-none-eabi/12.3.1/thumb/v7e-m+fp/hard\libc.a(libc_a-stdio.o)
 .debug_frame   0x00000000       0x8c c:/program files (x86)/arm gnu toolchain arm-none-eabi/12.3 rel1/bin/../lib/gcc/arm-none-eabi/12.3.1/thumb/v7e-m+fp/hard\libc.a(libc_a-stdio.o)
 .ARM.attributes
                0x00000000       0x34 c:/program files (x86)/arm gnu toolchain arm-none-eabi/12.3 rel1/bin/../lib/gcc/arm-none-eabi/12.3.1/thumb/v7e-m+fp/hard\libc.a(libc_a-stdio.o)
 .text          0x00000000        0x0 c:/program files (x86)/arm gnu toolchain arm-none-eabi/12.3 rel1/bin/../lib/gcc/arm-none-eabi/12.3.1/thumb/v7e-m+fp/hard\libc.a(libc_a-memset.o)
 .data          0x00000000        0x0 c:/program files (x86)/arm gnu toolchain arm-none-eabi/12.3 rel1/bin/../lib/gcc/arm-none-eabi/12.3.1/thumb/v7e-m+fp/hard\libc.a(libc_a-memset.o)
 .bss           0x00000000        0x0 c:/program files (x86)/arm gnu toolchain arm-none-eabi/12.3 rel1/bin/../lib/gcc/arm-none-eabi/12.3.1/thumb/v7e-m+fp/hard\libc.a(libc_a-memset.o)
 .text          0x00000000        0x0 c:/program files (x86)/arm gnu toolchain arm-none-eabi/12.3 rel1/bin/../lib/gcc/arm-none-eabi/12.3.1/thumb/v7e-m+fp/hard\libc.a(libc_a-closer.o)
 .data          0x00000000        0x0 c:/program files (x86)/arm gnu toolchain arm-none-eabi/12.3 rel1/bin/../lib/gcc/arm-none-eabi/12.3.1/thumb/v7e-m+fp/hard\libc.a(libc_a-closer.o)
 .bss           0x00000000        0x0 c:/program files (x86)/arm gnu toolchain arm-none-eabi/12.3 rel1/bin/../lib/gcc/arm-none-eabi/12.3.1/thumb/v7e-m+fp/hard\libc.a(libc_a-closer.o)
 .text._close_r
                0x00000000       0x24 c:/program files (x86)/arm gnu toolchain arm-none-eabi/12.3 rel1/bin/../lib/gcc/arm-none-eabi/12.3.1/thumb/v7e-m+fp/hard\libc.a(libc_a-closer.o)
 .debug_frame   0x00000000       0x2c c:/program files (x86)/arm gnu toolchain arm-none-eabi/12.3 rel1/bin/../lib/gcc/arm-none-eabi/12.3.1/thumb/v7e-m+fp/hard\libc.a(libc_a-closer.o)
 .ARM.attributes
                0x00000000       0x34 c:/program files (x86)/arm gnu toolchain arm-none-eabi/12.3 rel1/bin/../lib/gcc/arm-none-eabi/12.3.1/thumb/v7e-m+fp/hard\libc.a(libc_a-closer.o)
 .text          0x00000000        0x0 c:/program files (x86)/arm gnu toolchain arm-none-eabi/12.3 rel1/bin/../lib/gcc/arm-none-eabi/12.3.1/thumb/v7e-m+fp/hard\libc.a(libc_a-reent.o)
 .data          0x00000000        0x0 c:/program files (x86)/arm gnu toolchain arm-none-eabi/12.3 rel1/bin/../lib/gcc/arm-none-eabi/12.3.1/thumb/v7e-m+fp/hard\libc.a(libc_a-reent.o)
 .bss           0x00000000        0x0 c:/program files (x86)/arm gnu toolchain arm-none-eabi/12.3 rel1/bin/../lib/gcc/arm-none-eabi/12.3.1/thumb/v7e-m+fp/hard\libc.a(libc_a-reent.o)
 .text._reclaim_reent
                0x00000000       0x5c c:/program files (x86)/arm gnu toolchain arm-none-eabi/12.3 rel1/bin/../lib/gcc/arm-none-eabi/12.3.1/thumb/v7e-m+fp/hard\libc.a(libc_a-reent.o)
 .bss.errno     0x00000000        0x4 c:/program files (x86)/arm gnu toolchain arm-none-eabi/12.3 rel1/bin/../lib/gcc/arm-none-eabi/12.3.1/thumb/v7e-m+fp/hard\libc.a(libc_a-reent.o)
 .debug_frame   0x00000000       0x3c c:/program files (x86)/arm gnu toolchain arm-none-eabi/12.3 rel1/bin/../lib/gcc/arm-none-eabi/12.3.1/thumb/v7e-m+fp/hard\libc.a(libc_a-reent.o)
 .ARM.attributes
                0x00000000       0x34 c:/program files (x86)/arm gnu toolchain arm-none-eabi/12.3 rel1/bin/../lib/gcc/arm-none-eabi/12.3.1/thumb/v7e-m+fp/hard\libc.a(libc_a-reent.o)
 .text          0x00000000        0x0 c:/program files (x86)/arm gnu toolchain arm-none-eabi/12.3 rel1/bin/../lib/gcc/arm-none-eabi/12.3.1/thumb/v7e-m+fp/hard\libc.a(libc_a-impure.o)
 .data          0x00000000        0x0 c:/program files (x86)/arm gnu toolchain arm-none-eabi/12.3 rel1/bin/../lib/gcc/arm-none-eabi/12.3.1/thumb/v7e-m+fp/hard\libc.a(libc_a-impure.o)
 .bss           0x00000000        0x0 c:/program files (x86)/arm gnu toolchain arm-none-eabi/12.3 rel1/bin/../lib/gcc/arm-none-eabi/12.3.1/thumb/v7e-m+fp/hard\libc.a(libc_a-impure.o)
 .data._impure_ptr
                0x00000000        0x4 c:/program files (x86)/arm gnu toolchain arm-none-eabi/12.3 rel1/bin/../lib/gcc/arm-none-eabi/12.3.1/thumb/v7e-m+fp/hard\libc.a(libc_a-impure.o)
 .data._impure_data
                0x00000000      0x120 c:/program files (x86)/arm gnu toolchain arm-none-eabi/12.3 rel1/bin/../lib/gcc/arm-none-eabi/12.3.1/thumb/v7e-m+fp/hard\libc.a(libc_a-impure.o)
 .ARM.attributes
                0x00000000       0x34 c:/program files (x86)/arm gnu toolchain arm-none-eabi/12.3 rel1/bin/../lib/gcc/arm-none-eabi/12.3.1/thumb/v7e-m+fp/hard\libc.a(libc_a-impure.o)
 .text          0x00000000        0x0 c:/program files (x86)/arm gnu toolchain arm-none-eabi/12.3 rel1/bin/../lib/gcc/arm-none-eabi/12.3.1/thumb/v7e-m+fp/hard\libc.a(libc_a-lseekr.o)
 .data          0x00000000        0x0 c:/program files (x86)/arm gnu toolchain arm-none-eabi/12.3 rel1/bin/../lib/gcc/arm-none-eabi/12.3.1/thumb/v7e-m+fp/hard\libc.a(libc_a-lseekr.o)
 .bss           0x00000000        0x0 c:/program files (x86)/arm gnu toolchain arm-none-eabi/12.3 rel1/bin/../lib/gcc/arm-none-eabi/12.3.1/thumb/v7e-m+fp/hard\libc.a(libc_a-lseekr.o)
 .text._lseek_r
                0x00000000       0x2c c:/program files (x86)/arm gnu toolchain arm-none-eabi/12.3 rel1/bin/../lib/gcc/arm-none-eabi/12.3.1/thumb/v7e-m+fp/hard\libc.a(libc_a-lseekr.o)
 .debug_frame   0x00000000       0x2c c:/program files (x86)/arm gnu toolchain arm-none-eabi/12.3 rel1/bin/../lib/gcc/arm-none-eabi/12.3.1/thumb/v7e-m+fp/hard\libc.a(libc_a-lseekr.o)
 .ARM.attributes
                0x00000000       0x34 c:/program files (x86)/arm gnu toolchain arm-none-eabi/12.3 rel1/bin/../lib/gcc/arm-none-eabi/12.3.1/thumb/v7e-m+fp/hard\libc.a(libc_a-lseekr.o)
 .text          0x00000000        0x0 c:/program files (x86)/arm gnu toolchain arm-none-eabi/12.3 rel1/bin/../lib/gcc/arm-none-eabi/12.3.1/thumb/v7e-m+fp/hard\libc.a(libc_a-readr.o)
 .data          0x00000000        0x0 c:/program files (x86)/arm gnu toolchain arm-none-eabi/12.3 rel1/bin/../lib/gcc/arm-none-eabi/12.3.1/thumb/v7e-m+fp/hard\libc.a(libc_a-readr.o)
 .bss           0x00000000        0x0 c:/program files (x86)/arm gnu toolchain arm-none-eabi/12.3 rel1/bin/../lib/gcc/arm-none-eabi/12.3.1/thumb/v7e-m+fp/hard\libc.a(libc_a-readr.o)
 .text._read_r  0x00000000       0x2c c:/program files (x86)/arm gnu toolchain arm-none-eabi/12.3 rel1/bin/../lib/gcc/arm-none-eabi/12.3.1/thumb/v7e-m+fp/hard\libc.a(libc_a-readr.o)
 .debug_frame   0x00000000       0x2c c:/program files (x86)/arm gnu toolchain arm-none-eabi/12.3 rel1/bin/../lib/gcc/arm-none-eabi/12.3.1/thumb/v7e-m+fp/hard\libc.a(libc_a-readr.o)
 .ARM.attributes
                0x00000000       0x34 c:/program files (x86)/arm gnu toolchain arm-none-eabi/12.3 rel1/bin/../lib/gcc/arm-none-eabi/12.3.1/thumb/v7e-m+fp/hard\libc.a(libc_a-readr.o)
 .text          0x00000000        0x0 c:/program files (x86)/arm gnu toolchain arm-none-eabi/12.3 rel1/bin/../lib/gcc/arm-none-eabi/12.3.1/thumb/v7e-m+fp/hard\libc.a(libc_a-writer.o)
 .data          0x00000000        0x0 c:/program files (x86)/arm gnu toolchain arm-none-eabi/12.3 rel1/bin/../lib/gcc/arm-none-eabi/12.3.1/thumb/v7e-m+fp/hard\libc.a(libc_a-writer.o)
 .bss           0x00000000        0x0 c:/program files (x86)/arm gnu toolchain arm-none-eabi/12.3 rel1/bin/../lib/gcc/arm-none-eabi/12.3.1/thumb/v7e-m+fp/hard\libc.a(libc_a-writer.o)
 .text._write_r
                0x00000000       0x2c c:/program files (x86)/arm gnu toolchain arm-none-eabi/12.3 rel1/bin/../lib/gcc/arm-none-eabi/12.3.1/thumb/v7e-m+fp/hard\libc.a(libc_a-writer.o)
 .debug_frame   0x00000000       0x2c c:/program files (x86)/arm gnu toolchain arm-none-eabi/12.3 rel1/bin/../lib/gcc/arm-none-eabi/12.3.1/thumb/v7e-m+fp/hard\libc.a(libc_a-writer.o)
 .ARM.attributes
                0x00000000       0x34 c:/program files (x86)/arm gnu toolchain arm-none-eabi/12.3 rel1/bin/../lib/gcc/arm-none-eabi/12.3.1/thumb/v7e-m+fp/hard\libc.a(libc_a-writer.o)
 .text          0x00000000        0x0 c:/program files (x86)/arm gnu toolchain arm-none-eabi/12.3 rel1/bin/../lib/gcc/arm-none-eabi/12.3.1/thumb/v7e-m+fp/hard\libc.a(libc_a-init.o)
 .data          0x00000000        0x0 c:/program files (x86)/arm gnu toolchain arm-none-eabi/12.3 rel1/bin/../lib/gcc/arm-none-eabi/12.3.1/thumb/v7e-m+fp/hard\libc.a(libc_a-init.o)
 .bss           0x00000000        0x0 c:/program files (x86)/arm gnu toolchain arm-none-eabi/12.3 rel1/bin/../lib/gcc/arm-none-eabi/12.3.1/thumb/v7e-m+fp/hard\libc.a(libc_a-init.o)
 .text          0x00000000        0x0 c:/program files (x86)/arm gnu toolchain arm-none-eabi/12.3 rel1/bin/../lib/gcc/arm-none-eabi/12.3.1/thumb/v7e-m+fp/hard\libc.a(libc_a-lock.o)
 .data          0x00000000        0x0 c:/program files (x86)/arm gnu toolchain arm-none-eabi/12.3 rel1/bin/../lib/gcc/arm-none-eabi/12.3.1/thumb/v7e-m+fp/hard\libc.a(libc_a-lock.o)
 .bss           0x00000000        0x0 c:/program files (x86)/arm gnu toolchain arm-none-eabi/12.3 rel1/bin/../lib/gcc/arm-none-eabi/12.3.1/thumb/v7e-m+fp/hard\libc.a(libc_a-lock.o)
 .text.__retarget_lock_init
                0x00000000        0x4 c:/program files (x86)/arm gnu toolchain arm-none-eabi/12.3 rel1/bin/../lib/gcc/arm-none-eabi/12.3.1/thumb/v7e-m+fp/hard\libc.a(libc_a-lock.o)
 .text.__retarget_lock_init_recursive
                0x00000000        0x4 c:/program files (x86)/arm gnu toolchain arm-none-eabi/12.3 rel1/bin/../lib/gcc/arm-none-eabi/12.3.1/thumb/v7e-m+fp/hard\libc.a(libc_a-lock.o)
 .text.__retarget_lock_close
                0x00000000        0x4 c:/program files (x86)/arm gnu toolchain arm-none-eabi/12.3 rel1/bin/../lib/gcc/arm-none-eabi/12.3.1/thumb/v7e-m+fp/hard\libc.a(libc_a-lock.o)
 .text.__retarget_lock_close_recursive
                0x00000000        0x4 c:/program files (x86)/arm gnu toolchain arm-none-eabi/12.3 rel1/bin/../lib/gcc/arm-none-eabi/12.3.1/thumb/v7e-m+fp/hard\libc.a(libc_a-lock.o)
 .text.__retarget_lock_acquire
                0x00000000        0x4 c:/program files (x86)/arm gnu toolchain arm-none-eabi/12.3 rel1/bin/../lib/gcc/arm-none-eabi/12.3.1/thumb/v7e-m+fp/hard\libc.a(libc_a-lock.o)
 .text.__retarget_lock_try_acquire
                0x00000000        0x4 c:/program files (x86)/arm gnu toolchain arm-none-eabi/12.3 rel1/bin/../lib/gcc/arm-none-eabi/12.3.1/thumb/v7e-m+fp/hard\libc.a(libc_a-lock.o)
 .text.__retarget_lock_try_acquire_recursive
                0x00000000        0x4 c:/program files (x86)/arm gnu toolchain arm-none-eabi/12.3 rel1/bin/../lib/gcc/arm-none-eabi/12.3.1/thumb/v7e-m+fp/hard\libc.a(libc_a-lock.o)
 .text.__retarget_lock_release
                0x00000000        0x4 c:/program files (x86)/arm gnu toolchain arm-none-eabi/12.3 rel1/bin/../lib/gcc/arm-none-eabi/12.3.1/thumb/v7e-m+fp/hard\libc.a(libc_a-lock.o)
 .bss.__lock___arc4random_mutex
                0x00000000        0x1 c:/program files (x86)/arm gnu toolchain arm-none-eabi/12.3 rel1/bin/../lib/gcc/arm-none-eabi/12.3.1/thumb/v7e-m+fp/hard\libc.a(libc_a-lock.o)
 .bss.__lock___dd_hash_mutex
                0x00000000        0x1 c:/program files (x86)/arm gnu toolchain arm-none-eabi/12.3 rel1/bin/../lib/gcc/arm-none-eabi/12.3.1/thumb/v7e-m+fp/hard\libc.a(libc_a-lock.o)
 .bss.__lock___tz_mutex
                0x00000000        0x1 c:/program files (x86)/arm gnu toolchain arm-none-eabi/12.3 rel1/bin/../lib/gcc/arm-none-eabi/12.3.1/thumb/v7e-m+fp/hard\libc.a(libc_a-lock.o)
 .bss.__lock___env_recursive_mutex
                0x00000000        0x1 c:/program files (x86)/arm gnu toolchain arm-none-eabi/12.3 rel1/bin/../lib/gcc/arm-none-eabi/12.3.1/thumb/v7e-m+fp/hard\libc.a(libc_a-lock.o)
 .bss.__lock___malloc_recursive_mutex
                0x00000000        0x1 c:/program files (x86)/arm gnu toolchain arm-none-eabi/12.3 rel1/bin/../lib/gcc/arm-none-eabi/12.3.1/thumb/v7e-m+fp/hard\libc.a(libc_a-lock.o)
 .bss.__lock___at_quick_exit_mutex
                0x00000000        0x1 c:/program files (x86)/arm gnu toolchain arm-none-eabi/12.3 rel1/bin/../lib/gcc/arm-none-eabi/12.3.1/thumb/v7e-m+fp/hard\libc.a(libc_a-lock.o)
 .bss.__lock___sfp_recursive_mutex
                0x00000000        0x1 c:/program files (x86)/arm gnu toolchain arm-none-eabi/12.3 rel1/bin/../lib/gcc/arm-none-eabi/12.3.1/thumb/v7e-m+fp/hard\libc.a(libc_a-lock.o)
 .data          0x00000000        0x0 c:/program files (x86)/arm gnu toolchain arm-none-eabi/12.3 rel1/bin/../lib/gcc/arm-none-eabi/12.3.1/thumb/v7e-m+fp/hard\libc.a(libc_a-memcpy.o)
 .bss           0x00000000        0x0 c:/program files (x86)/arm gnu toolchain arm-none-eabi/12.3 rel1/bin/../lib/gcc/arm-none-eabi/12.3.1/thumb/v7e-m+fp/hard\libc.a(libc_a-memcpy.o)
 .ARM.extab     0x00000000        0x0 c:/program files (x86)/arm gnu toolchain arm-none-eabi/12.3 rel1/bin/../lib/gcc/arm-none-eabi/12.3.1/thumb/v7e-m+fp/hard\libc.a(libc_a-memcpy.o)
 .eh_frame      0x00000000       0x2c c:/program files (x86)/arm gnu toolchain arm-none-eabi/12.3 rel1/bin/../lib/gcc/arm-none-eabi/12.3.1/thumb/v7e-m+fp/hard\libc.a(libc_a-memcpy.o)
 .text          0x00000000        0x0 c:/program files (x86)/arm gnu toolchain arm-none-eabi/12.3 rel1/bin/../lib/gcc/arm-none-eabi/12.3.1/thumb/v7e-m+fp/hard\libc.a(libc_a-__call_atexit.o)
 .data          0x00000000        0x0 c:/program files (x86)/arm gnu toolchain arm-none-eabi/12.3 rel1/bin/../lib/gcc/arm-none-eabi/12.3.1/thumb/v7e-m+fp/hard\libc.a(libc_a-__call_atexit.o)
 .bss           0x00000000        0x0 c:/program files (x86)/arm gnu toolchain arm-none-eabi/12.3 rel1/bin/../lib/gcc/arm-none-eabi/12.3.1/thumb/v7e-m+fp/hard\libc.a(libc_a-__call_atexit.o)
 .text.__call_exitprocs
                0x00000000       0xb4 c:/program files (x86)/arm gnu toolchain arm-none-eabi/12.3 rel1/bin/../lib/gcc/arm-none-eabi/12.3.1/thumb/v7e-m+fp/hard\libc.a(libc_a-__call_atexit.o)
 .text          0x00000000        0x0 c:/program files (x86)/arm gnu toolchain arm-none-eabi/12.3 rel1/bin/../lib/gcc/arm-none-eabi/12.3.1/thumb/v7e-m+fp/hard\libc.a(libc_a-atexit.o)
 .data          0x00000000        0x0 c:/program files (x86)/arm gnu toolchain arm-none-eabi/12.3 rel1/bin/../lib/gcc/arm-none-eabi/12.3.1/thumb/v7e-m+fp/hard\libc.a(libc_a-atexit.o)
 .bss           0x00000000        0x0 c:/program files (x86)/arm gnu toolchain arm-none-eabi/12.3 rel1/bin/../lib/gcc/arm-none-eabi/12.3.1/thumb/v7e-m+fp/hard\libc.a(libc_a-atexit.o)
 .text          0x00000000        0x0 c:/program files (x86)/arm gnu toolchain arm-none-eabi/12.3 rel1/bin/../lib/gcc/arm-none-eabi/12.3.1/thumb/v7e-m+fp/hard\libc.a(libc_a-freer.o)
 .data          0x00000000        0x0 c:/program files (x86)/arm gnu toolchain arm-none-eabi/12.3 rel1/bin/../lib/gcc/arm-none-eabi/12.3.1/thumb/v7e-m+fp/hard\libc.a(libc_a-freer.o)
 .bss           0x00000000        0x0 c:/program files (x86)/arm gnu toolchain arm-none-eabi/12.3 rel1/bin/../lib/gcc/arm-none-eabi/12.3.1/thumb/v7e-m+fp/hard\libc.a(libc_a-freer.o)
 .text._malloc_trim_r
                0x00000000       0xb8 c:/program files (x86)/arm gnu toolchain arm-none-eabi/12.3 rel1/bin/../lib/gcc/arm-none-eabi/12.3.1/thumb/v7e-m+fp/hard\libc.a(libc_a-freer.o)
 .text._free_r  0x00000000      0x1fc c:/program files (x86)/arm gnu toolchain arm-none-eabi/12.3 rel1/bin/../lib/gcc/arm-none-eabi/12.3.1/thumb/v7e-m+fp/hard\libc.a(libc_a-freer.o)
 .debug_frame   0x00000000       0x78 c:/program files (x86)/arm gnu toolchain arm-none-eabi/12.3 rel1/bin/../lib/gcc/arm-none-eabi/12.3.1/thumb/v7e-m+fp/hard\libc.a(libc_a-freer.o)
 .ARM.attributes
                0x00000000       0x34 c:/program files (x86)/arm gnu toolchain arm-none-eabi/12.3 rel1/bin/../lib/gcc/arm-none-eabi/12.3.1/thumb/v7e-m+fp/hard\libc.a(libc_a-freer.o)
 .text          0x00000000        0x0 c:/program files (x86)/arm gnu toolchain arm-none-eabi/12.3 rel1/bin/../lib/gcc/arm-none-eabi/12.3.1/thumb/v7e-m+fp/hard\libc.a(libc_a-mallocr.o)
 .data          0x00000000        0x0 c:/program files (x86)/arm gnu toolchain arm-none-eabi/12.3 rel1/bin/../lib/gcc/arm-none-eabi/12.3.1/thumb/v7e-m+fp/hard\libc.a(libc_a-mallocr.o)
 .bss           0x00000000        0x0 c:/program files (x86)/arm gnu toolchain arm-none-eabi/12.3 rel1/bin/../lib/gcc/arm-none-eabi/12.3.1/thumb/v7e-m+fp/hard\libc.a(libc_a-mallocr.o)
 .text._malloc_r
                0x00000000      0x574 c:/program files (x86)/arm gnu toolchain arm-none-eabi/12.3 rel1/bin/../lib/gcc/arm-none-eabi/12.3.1/thumb/v7e-m+fp/hard\libc.a(libc_a-mallocr.o)
 .bss.__malloc_current_mallinfo
                0x00000000       0x28 c:/program files (x86)/arm gnu toolchain arm-none-eabi/12.3 rel1/bin/../lib/gcc/arm-none-eabi/12.3.1/thumb/v7e-m+fp/hard\libc.a(libc_a-mallocr.o)
 .bss.__malloc_max_total_mem
                0x00000000        0x4 c:/program files (x86)/arm gnu toolchain arm-none-eabi/12.3 rel1/bin/../lib/gcc/arm-none-eabi/12.3.1/thumb/v7e-m+fp/hard\libc.a(libc_a-mallocr.o)
 .bss.__malloc_max_sbrked_mem
                0x00000000        0x4 c:/program files (x86)/arm gnu toolchain arm-none-eabi/12.3 rel1/bin/../lib/gcc/arm-none-eabi/12.3.1/thumb/v7e-m+fp/hard\libc.a(libc_a-mallocr.o)
 .data.__malloc_sbrk_base
                0x00000000        0x4 c:/program files (x86)/arm gnu toolchain arm-none-eabi/12.3 rel1/bin/../lib/gcc/arm-none-eabi/12.3.1/thumb/v7e-m+fp/hard\libc.a(libc_a-mallocr.o)
 .bss.__malloc_top_pad
                0x00000000        0x4 c:/program files (x86)/arm gnu toolchain arm-none-eabi/12.3 rel1/bin/../lib/gcc/arm-none-eabi/12.3.1/thumb/v7e-m+fp/hard\libc.a(libc_a-mallocr.o)
 .data.__malloc_trim_threshold
                0x00000000        0x4 c:/program files (x86)/arm gnu toolchain arm-none-eabi/12.3 rel1/bin/../lib/gcc/arm-none-eabi/12.3.1/thumb/v7e-m+fp/hard\libc.a(libc_a-mallocr.o)
 .data.__malloc_av_
                0x00000000      0x408 c:/program files (x86)/arm gnu toolchain arm-none-eabi/12.3 rel1/bin/../lib/gcc/arm-none-eabi/12.3.1/thumb/v7e-m+fp/hard\libc.a(libc_a-mallocr.o)
 .debug_frame   0x00000000       0x48 c:/program files (x86)/arm gnu toolchain arm-none-eabi/12.3 rel1/bin/../lib/gcc/arm-none-eabi/12.3.1/thumb/v7e-m+fp/hard\libc.a(libc_a-mallocr.o)
 .ARM.attributes
                0x00000000       0x34 c:/program files (x86)/arm gnu toolchain arm-none-eabi/12.3 rel1/bin/../lib/gcc/arm-none-eabi/12.3.1/thumb/v7e-m+fp/hard\libc.a(libc_a-mallocr.o)
 .text          0x00000000        0x0 c:/program files (x86)/arm gnu toolchain arm-none-eabi/12.3 rel1/bin/../lib/gcc/arm-none-eabi/12.3.1/thumb/v7e-m+fp/hard\libc.a(libc_a-mlock.o)
 .data          0x00000000        0x0 c:/program files (x86)/arm gnu toolchain arm-none-eabi/12.3 rel1/bin/../lib/gcc/arm-none-eabi/12.3.1/thumb/v7e-m+fp/hard\libc.a(libc_a-mlock.o)
 .bss           0x00000000        0x0 c:/program files (x86)/arm gnu toolchain arm-none-eabi/12.3 rel1/bin/../lib/gcc/arm-none-eabi/12.3.1/thumb/v7e-m+fp/hard\libc.a(libc_a-mlock.o)
 .text.__malloc_lock
                0x00000000        0xc c:/program files (x86)/arm gnu toolchain arm-none-eabi/12.3 rel1/bin/../lib/gcc/arm-none-eabi/12.3.1/thumb/v7e-m+fp/hard\libc.a(libc_a-mlock.o)
 .text.__malloc_unlock
                0x00000000        0xc c:/program files (x86)/arm gnu toolchain arm-none-eabi/12.3 rel1/bin/../lib/gcc/arm-none-eabi/12.3.1/thumb/v7e-m+fp/hard\libc.a(libc_a-mlock.o)
 .debug_frame   0x00000000       0x30 c:/program files (x86)/arm gnu toolchain arm-none-eabi/12.3 rel1/bin/../lib/gcc/arm-none-eabi/12.3.1/thumb/v7e-m+fp/hard\libc.a(libc_a-mlock.o)
 .ARM.attributes
                0x00000000       0x34 c:/program files (x86)/arm gnu toolchain arm-none-eabi/12.3 rel1/bin/../lib/gcc/arm-none-eabi/12.3.1/thumb/v7e-m+fp/hard\libc.a(libc_a-mlock.o)
 .text          0x00000000        0x0 c:/program files (x86)/arm gnu toolchain arm-none-eabi/12.3 rel1/bin/../lib/gcc/arm-none-eabi/12.3.1/thumb/v7e-m+fp/hard\libc.a(libc_a-fclose.o)
 .data          0x00000000        0x0 c:/program files (x86)/arm gnu toolchain arm-none-eabi/12.3 rel1/bin/../lib/gcc/arm-none-eabi/12.3.1/thumb/v7e-m+fp/hard\libc.a(libc_a-fclose.o)
 .bss           0x00000000        0x0 c:/program files (x86)/arm gnu toolchain arm-none-eabi/12.3 rel1/bin/../lib/gcc/arm-none-eabi/12.3.1/thumb/v7e-m+fp/hard\libc.a(libc_a-fclose.o)
 .text._fclose_r
                0x00000000       0xc0 c:/program files (x86)/arm gnu toolchain arm-none-eabi/12.3 rel1/bin/../lib/gcc/arm-none-eabi/12.3.1/thumb/v7e-m+fp/hard\libc.a(libc_a-fclose.o)
 .text.fclose   0x00000000       0x10 c:/program files (x86)/arm gnu toolchain arm-none-eabi/12.3 rel1/bin/../lib/gcc/arm-none-eabi/12.3.1/thumb/v7e-m+fp/hard\libc.a(libc_a-fclose.o)
 .debug_frame   0x00000000       0x3c c:/program files (x86)/arm gnu toolchain arm-none-eabi/12.3 rel1/bin/../lib/gcc/arm-none-eabi/12.3.1/thumb/v7e-m+fp/hard\libc.a(libc_a-fclose.o)
 .ARM.attributes
                0x00000000       0x34 c:/program files (x86)/arm gnu toolchain arm-none-eabi/12.3 rel1/bin/../lib/gcc/arm-none-eabi/12.3.1/thumb/v7e-m+fp/hard\libc.a(libc_a-fclose.o)
 .text          0x00000000        0x0 c:/program files (x86)/arm gnu toolchain arm-none-eabi/12.3 rel1/bin/../lib/gcc/arm-none-eabi/12.3.1/thumb/v7e-m+fp/hard\libc.a(libc_a-fflush.o)
 .data          0x00000000        0x0 c:/program files (x86)/arm gnu toolchain arm-none-eabi/12.3 rel1/bin/../lib/gcc/arm-none-eabi/12.3.1/thumb/v7e-m+fp/hard\libc.a(libc_a-fflush.o)
 .bss           0x00000000        0x0 c:/program files (x86)/arm gnu toolchain arm-none-eabi/12.3 rel1/bin/../lib/gcc/arm-none-eabi/12.3.1/thumb/v7e-m+fp/hard\libc.a(libc_a-fflush.o)
 .text.__sflush_r
                0x00000000      0x138 c:/program files (x86)/arm gnu toolchain arm-none-eabi/12.3 rel1/bin/../lib/gcc/arm-none-eabi/12.3.1/thumb/v7e-m+fp/hard\libc.a(libc_a-fflush.o)
 .text._fflush_r
                0x00000000       0x54 c:/program files (x86)/arm gnu toolchain arm-none-eabi/12.3 rel1/bin/../lib/gcc/arm-none-eabi/12.3.1/thumb/v7e-m+fp/hard\libc.a(libc_a-fflush.o)
 .text.fflush   0x00000000       0x74 c:/program files (x86)/arm gnu toolchain arm-none-eabi/12.3 rel1/bin/../lib/gcc/arm-none-eabi/12.3.1/thumb/v7e-m+fp/hard\libc.a(libc_a-fflush.o)
 .debug_frame   0x00000000       0x70 c:/program files (x86)/arm gnu toolchain arm-none-eabi/12.3 rel1/bin/../lib/gcc/arm-none-eabi/12.3.1/thumb/v7e-m+fp/hard\libc.a(libc_a-fflush.o)
 .ARM.attributes
                0x00000000       0x34 c:/program files (x86)/arm gnu toolchain arm-none-eabi/12.3 rel1/bin/../lib/gcc/arm-none-eabi/12.3.1/thumb/v7e-m+fp/hard\libc.a(libc_a-fflush.o)
 .text          0x00000000        0x0 c:/program files (x86)/arm gnu toolchain arm-none-eabi/12.3 rel1/bin/../lib/gcc/arm-none-eabi/12.3.1/thumb/v7e-m+fp/hard\libc.a(libc_a-sbrkr.o)
 .data          0x00000000        0x0 c:/program files (x86)/arm gnu toolchain arm-none-eabi/12.3 rel1/bin/../lib/gcc/arm-none-eabi/12.3.1/thumb/v7e-m+fp/hard\libc.a(libc_a-sbrkr.o)
 .bss           0x00000000        0x0 c:/program files (x86)/arm gnu toolchain arm-none-eabi/12.3 rel1/bin/../lib/gcc/arm-none-eabi/12.3.1/thumb/v7e-m+fp/hard\libc.a(libc_a-sbrkr.o)
 .text._sbrk_r  0x00000000       0x24 c:/program files (x86)/arm gnu toolchain arm-none-eabi/12.3 rel1/bin/../lib/gcc/arm-none-eabi/12.3.1/thumb/v7e-m+fp/hard\libc.a(libc_a-sbrkr.o)
 .debug_frame   0x00000000       0x2c c:/program files (x86)/arm gnu toolchain arm-none-eabi/12.3 rel1/bin/../lib/gcc/arm-none-eabi/12.3.1/thumb/v7e-m+fp/hard\libc.a(libc_a-sbrkr.o)
 .ARM.attributes
                0x00000000       0x34 c:/program files (x86)/arm gnu toolchain arm-none-eabi/12.3 rel1/bin/../lib/gcc/arm-none-eabi/12.3.1/thumb/v7e-m+fp/hard\libc.a(libc_a-sbrkr.o)
 .text          0x00000000        0x0 c:/program files (x86)/arm gnu toolchain arm-none-eabi/12.3 rel1/bin/../lib/gcc/arm-none-eabi/12.3.1/thumb/v7e-m+fp/hard\libc.a(libc_a-fini.o)
 .data          0x00000000        0x0 c:/program files (x86)/arm gnu toolchain arm-none-eabi/12.3 rel1/bin/../lib/gcc/arm-none-eabi/12.3.1/thumb/v7e-m+fp/hard\libc.a(libc_a-fini.o)
 .bss           0x00000000        0x0 c:/program files (x86)/arm gnu toolchain arm-none-eabi/12.3 rel1/bin/../lib/gcc/arm-none-eabi/12.3.1/thumb/v7e-m+fp/hard\libc.a(libc_a-fini.o)
 .text          0x00000000        0x0 c:/program files (x86)/arm gnu toolchain arm-none-eabi/12.3 rel1/bin/../lib/gcc/arm-none-eabi/12.3.1/thumb/v7e-m+fp/hard\libc.a(libc_a-sysconf.o)
 .data          0x00000000        0x0 c:/program files (x86)/arm gnu toolchain arm-none-eabi/12.3 rel1/bin/../lib/gcc/arm-none-eabi/12.3.1/thumb/v7e-m+fp/hard\libc.a(libc_a-sysconf.o)
 .bss           0x00000000        0x0 c:/program files (x86)/arm gnu toolchain arm-none-eabi/12.3 rel1/bin/../lib/gcc/arm-none-eabi/12.3.1/thumb/v7e-m+fp/hard\libc.a(libc_a-sysconf.o)
 .text.sysconf  0x00000000       0x1c c:/program files (x86)/arm gnu toolchain arm-none-eabi/12.3 rel1/bin/../lib/gcc/arm-none-eabi/12.3.1/thumb/v7e-m+fp/hard\libc.a(libc_a-sysconf.o)
 .debug_frame   0x00000000       0x28 c:/program files (x86)/arm gnu toolchain arm-none-eabi/12.3 rel1/bin/../lib/gcc/arm-none-eabi/12.3.1/thumb/v7e-m+fp/hard\libc.a(libc_a-sysconf.o)
 .ARM.attributes
                0x00000000       0x34 c:/program files (x86)/arm gnu toolchain arm-none-eabi/12.3 rel1/bin/../lib/gcc/arm-none-eabi/12.3.1/thumb/v7e-m+fp/hard\libc.a(libc_a-sysconf.o)
 .text          0x00000000        0x0 c:/program files (x86)/arm gnu toolchain arm-none-eabi/12.3 rel1/bin/../lib/gcc/arm-none-eabi/12.3.1/thumb/v7e-m+fp/hard\libc.a(libc_a-__atexit.o)
 .data          0x00000000        0x0 c:/program files (x86)/arm gnu toolchain arm-none-eabi/12.3 rel1/bin/../lib/gcc/arm-none-eabi/12.3.1/thumb/v7e-m+fp/hard\libc.a(libc_a-__atexit.o)
 .bss           0x00000000        0x0 c:/program files (x86)/arm gnu toolchain arm-none-eabi/12.3 rel1/bin/../lib/gcc/arm-none-eabi/12.3.1/thumb/v7e-m+fp/hard\libc.a(libc_a-__atexit.o)
 .text          0x00000000        0x0 c:/program files (x86)/arm gnu toolchain arm-none-eabi/12.3 rel1/bin/../lib/gcc/arm-none-eabi/12.3.1/thumb/v7e-m+fp/hard\libc.a(libc_a-errno.o)
 .data          0x00000000        0x0 c:/program files (x86)/arm gnu toolchain arm-none-eabi/12.3 rel1/bin/../lib/gcc/arm-none-eabi/12.3.1/thumb/v7e-m+fp/hard\libc.a(libc_a-errno.o)
 .bss           0x00000000        0x0 c:/program files (x86)/arm gnu toolchain arm-none-eabi/12.3 rel1/bin/../lib/gcc/arm-none-eabi/12.3.1/thumb/v7e-m+fp/hard\libc.a(libc_a-errno.o)
 .text.__errno  0x00000000        0xc c:/program files (x86)/arm gnu toolchain arm-none-eabi/12.3 rel1/bin/../lib/gcc/arm-none-eabi/12.3.1/thumb/v7e-m+fp/hard\libc.a(libc_a-errno.o)
 .debug_frame   0x00000000       0x20 c:/program files (x86)/arm gnu toolchain arm-none-eabi/12.3 rel1/bin/../lib/gcc/arm-none-eabi/12.3.1/thumb/v7e-m+fp/hard\libc.a(libc_a-errno.o)
 .ARM.attributes
                0x00000000       0x34 c:/program files (x86)/arm gnu toolchain arm-none-eabi/12.3 rel1/bin/../lib/gcc/arm-none-eabi/12.3.1/thumb/v7e-m+fp/hard\libc.a(libc_a-errno.o)
 .text          0x00000000        0x0 c:/program files (x86)/arm gnu toolchain arm-none-eabi/12.3 rel1/bin/../lib/gcc/arm-none-eabi/12.3.1/thumb/v7e-m+fp/hard/crtend.o
 .data          0x00000000        0x0 c:/program files (x86)/arm gnu toolchain arm-none-eabi/12.3 rel1/bin/../lib/gcc/arm-none-eabi/12.3.1/thumb/v7e-m+fp/hard/crtend.o
 .bss           0x00000000        0x0 c:/program files (x86)/arm gnu toolchain arm-none-eabi/12.3 rel1/bin/../lib/gcc/arm-none-eabi/12.3.1/thumb/v7e-m+fp/hard/crtend.o
 .rodata.all_implied_fbits
                0x00000000       0x24 c:/program files (x86)/arm gnu toolchain arm-none-eabi/12.3 rel1/bin/../lib/gcc/arm-none-eabi/12.3.1/thumb/v7e-m+fp/hard/crtend.o
 .eh_frame      0x00000000        0x4 c:/program files (x86)/arm gnu toolchain arm-none-eabi/12.3 rel1/bin/../lib/gcc/arm-none-eabi/12.3.1/thumb/v7e-m+fp/hard/crtend.o
 .text          0x00000000        0x0 c:/program files (x86)/arm gnu toolchain arm-none-eabi/12.3 rel1/bin/../lib/gcc/arm-none-eabi/12.3.1/thumb/v7e-m+fp/hard/crtn.o
 .data          0x00000000        0x0 c:/program files (x86)/arm gnu toolchain arm-none-eabi/12.3 rel1/bin/../lib/gcc/arm-none-eabi/12.3.1/thumb/v7e-m+fp/hard/crtn.o
 .bss           0x00000000        0x0 c:/program files (x86)/arm gnu toolchain arm-none-eabi/12.3 rel1/bin/../lib/gcc/arm-none-eabi/12.3.1/thumb/v7e-m+fp/hard/crtn.o

Memory Configuration

Name             Origin             Length             Attributes
RAM              0x20000000         0x00020000         xrw
FLASH            0x08000000         0x00080000         xr
*default*        0x00000000         0xffffffff

Linker script and memory map

LOAD c:/program files (x86)/arm gnu toolchain arm-none-eabi/12.3 rel1/bin/../lib/gcc/arm-none-eabi/12.3.1/thumb/v7e-m+fp/hard/crti.o
LOAD c:/program files (x86)/arm gnu toolchain arm-none-eabi/12.3 rel1/bin/../lib/gcc/arm-none-eabi/12.3.1/thumb/v7e-m+fp/hard/crtbegin.o
LOAD c:/program files (x86)/arm gnu toolchain arm-none-eabi/12.3 rel1/bin/../lib/gcc/arm-none-eabi/12.3.1/thumb/v7e-m+fp/hard/crt0.o
LOAD build\ADC.o
LOAD build\capture.o
LOAD build\clock.o
LOAD build\Delay.o
LOAD build\Led.o
LOAD build\pwm.o
LOAD build\main.o
LOAD build\startup.o
LOAD build\low_power.o
LOAD build/croutine.o
LOAD build/event_groups.o
LOAD build/list.o
LOAD build/queue.o
LOAD build/stream_buffer.o
LOAD build/tasks.o
LOAD build/timers.o
LOAD build/port.o
LOAD build/heap_4.o
START GROUP
LOAD c:/program files (x86)/arm gnu toolchain arm-none-eabi/12.3 rel1/bin/../lib/gcc/arm-none-eabi/12.3.1/thumb/v7e-m+fp/hard\libgcc.a
LOAD c:/program files (x86)/arm gnu toolchain arm-none-eabi/12.3 rel1/bin/../lib/gcc/arm-none-eabi/12.3.1/thumb/v7e-m+fp/hard\libc.a
END GROUP
LOAD c:/program files (x86)/arm gnu toolchain arm-none-eabi/12.3 rel1/bin/../lib/gcc/arm-none-eabi/12.3.1/thumb/v7e-m+fp/hard/crtend.o
LOAD c:/program files (x86)/arm gnu toolchain arm-none-eabi/12.3 rel1/bin/../lib/gcc/arm-none-eabi/12.3.1/thumb/v7e-m+fp/hard/crtn.o
                0x20020000                        _estack = (ORIGIN (RAM) + LENGTH (RAM))
                0x00000200                        _Min_Heap_Size = 0x200
                0x00000400                        _Min_Stack_Size = 0x400

.isr_vector     0x08000000      0x198
                0x08000000                        . = ALIGN (0x4)
 *(.isr_vector)
 .isr_vector    0x08000000      0x198 build\startup.o
                0x08000000                g_pfnVectors
                0x08000198                        . = ALIGN (0x4)

.text           0x080001a0     0x5f70
                0x080001a0                        . = ALIGN (0x4)
 *(.text)
 .text          0x080001a0      0x1b0 build\clock.o
                0x080001a0                clock_init
                0x08000290                clock_enable_AHB1
                0x080002c0                clock_enable_AHB2
                0x080002f0                clock_enable_APB1
                0x08000320                clock_enable_APB2
 .text          0x08000350       0xdc build\Delay.o
                0x08000350                TIM1_UP_TIM10_IRQHandler
                0x08000388                delay
                0x080003b8                delay_init
 .text          0x0800042c       0x8c build\Led.o
                0x0800042c                led_init
                0x08000460                led_control
 .text          0x080004b8      0x110 build\main.o
                0x080004b8                vApplicationMallocFailedHook
                0x080004c6                vApplicationTickHook
                0x080004d4                vApplicationStackOverflowHook
                0x080004ea                vApplicationIdleHook
                0x080004f8                setup
                0x08000508                func_1
                0x08000532                func_2
                0x0800055c                main
                0x080005b8                SystemInit
 .text          0x080005c8      0x168 build/list.o
                0x080005c8                vListInitialise
                0x08000608                vListInitialiseItem
                0x08000622                vListInsertEnd
                0x0800066a                vListInsert
                0x080006dc                uxListRemove
 .text          0x08000730     0x15c8 build/queue.o
                0x08000730                xQueueGenericReset
                0x08000850                xQueueGenericCreate
                0x08000966                xQueueCreateMutex
                0x08000996                xQueueGiveMutexRecursive
                0x080009fe                xQueueTakeMutexRecursive
                0x08000a6a                xQueueCreateCountingSemaphore
                0x08000ac6                xQueueGenericSend
                0x08000cc4                xQueueGenericSendFromISR
                0x08000e28                xQueueGiveFromISR
                0x08000f70                xQueueReceive
                0x08001130                xQueueSemaphoreTake
                0x0800132c                xQueuePeek
                0x080014f0                xQueueReceiveFromISR
                0x0800161e                xQueuePeekFromISR
                0x080016f0                uxQueueMessagesWaiting
                0x0800172c                uxQueueSpacesAvailable
                0x08001772                uxQueueMessagesWaitingFromISR
                0x080017ae                vQueueDelete
                0x080017ea                uxQueueGetQueueNumber
                0x08001802                vQueueSetQueueNumber
                0x0800181e                ucQueueGetQueueType
                0x08001a58                xQueueIsQueueEmptyFromISR
                0x08001ad0                xQueueIsQueueFullFromISR
                0x08001b1c                vQueueAddToRegistry
                0x08001bb8                pcQueueGetName
                0x08001c20                vQueueUnregisterQueue
                0x08001c90                vQueueWaitForMessageRestricted
 .text          0x08001cf8     0x2d64 build/tasks.o
                0x08001cf8                xTaskCreate
                0x08001fcc                vTaskDelete
                0x080020f4                xTaskDelayUntil
                0x080021f0                vTaskDelay
                0x08002258                eTaskGetState
                0x0800234c                uxTaskPriorityGet
                0x08002380                uxTaskPriorityGetFromISR
                0x080023d8                vTaskPrioritySet
                0x0800257c                vTaskSuspend
                0x08002720                vTaskResume
                0x0800282c                xTaskResumeFromISR
                0x08002968                vTaskStartScheduler
                0x08002a0c                vTaskEndScheduler
                0x08002a3c                vTaskSuspendAll
                0x08002a58                xTaskResumeAll
                0x08002c50                xTaskGetTickCount
                0x08002c70                xTaskGetTickCountFromISR
                0x08002c94                uxTaskGetNumberOfTasks
                0x08002cac                pcTaskGetName
                0x08002cf4                uxTaskGetSystemState
                0x08002e10                xTaskCatchUpTicks
                0x08002e68                xTaskIncrementTick
                0x080030a4                vTaskSwitchContext
                0x080031a4                vTaskPlaceOnEventList
                0x080031ec                vTaskPlaceOnUnorderedEventList
                0x08003298                vTaskPlaceOnEventListRestricted
                0x08003324                xTaskRemoveFromEventList
                0x080034d0                vTaskRemoveFromUnorderedEventList
                0x08003650                vTaskSetTimeOutState
                0x0800369c                vTaskInternalSetTimeOutState
                0x080036c8                xTaskCheckForTimeOut
                0x08003794                vTaskMissedYield
                0x080037ac                uxTaskGetTaskNumber
                0x080037d8                vTaskSetTaskNumber
                0x0800390c                vTaskGetInfo
                0x08003b0c                xTaskGetCurrentTaskHandle
                0x08003b2c                xTaskGetSchedulerState
                0x08003b68                xTaskPriorityInherit
                0x08003ca4                xTaskPriorityDisinherit
                0x08003dec                vTaskPriorityDisinheritAfterTimeout
                0x08003f5c                uxTaskResetEventItemValue
                0x08003f8c                pvTaskIncrementMutexHeldCount
                0x08003fb4                ulTaskGenericNotifyTake
                0x08004084                xTaskGenericNotifyWait
                0x08004184                xTaskGenericNotify
                0x080043c8                xTaskGenericNotifyFromISR
                0x08004680                vTaskGenericNotifyGiveFromISR
                0x0800488c                xTaskGenericNotifyStateClear
                0x08004900                ulTaskGenericNotifyValueClear
 .text          0x08004a5c      0x90c build/timers.o
                0x08004a5c                xTimerCreateTimerTask
                0x08004ac0                xTimerCreate
                0x08004b72                xTimerGenericCommand
                0x08004c0c                xTimerGetTimerDaemonTaskHandle
                0x08004c44                xTimerGetPeriod
                0x08004c7c                vTimerSetReloadMode
                0x08004ce2                xTimerGetReloadMode
                0x08004d34                uxTimerGetReloadMode
                0x08004d4c                xTimerGetExpiryTime
                0x08004d88                pcTimerGetName
                0x08005260                xTimerIsTimerActive
                0x080052b2                pvTimerGetTimerID
                0x080052f2                vTimerSetTimerID
                0x08005332                uxTimerGetTimerNumber
                0x0800534a                vTimerSetTimerNumber
 *fill*         0x08005368        0x8 
 .text          0x08005370      0x4b4 build/port.o
                0x08005370                pxPortInitialiseStack
                0x08005430                SVC_Handler
                0x0800547e                xPortStartScheduler
                0x080055c0                vPortEndScheduler
                0x080055f8                vPortEnterCritical
                0x08005658                vPortExitCritical
                0x080056ac                PendSV_Handler
                0x08005716                SysTick_Handler
                0x0800575c                vPortSetupTimerInterrupt
                0x080057a6                vPortValidateInterruptPriority
 .text          0x08005824      0x4fc build/heap_4.o
                0x08005824                pvPortMalloc
                0x080059a0                vPortFree
                0x08005a58                xPortGetFreeHeapSize
                0x08005a70                xPortGetMinimumEverFreeHeapSize
                0x08005a88                vPortInitialiseBlocks
                0x08005a96                pvPortCalloc
                0x08005c64                vPortGetHeapStats
 .text          0x08005d20      0x134 c:/program files (x86)/arm gnu toolchain arm-none-eabi/12.3 rel1/bin/../lib/gcc/arm-none-eabi/12.3.1/thumb/v7e-m+fp/hard\libc.a(libc_a-memcpy.o)
                0x08005d20                memcpy
 *(.text*)
 .text.deregister_tm_clones
                0x08005e54       0x1c c:/program files (x86)/arm gnu toolchain arm-none-eabi/12.3 rel1/bin/../lib/gcc/arm-none-eabi/12.3.1/thumb/v7e-m+fp/hard/crtbegin.o
 .text.register_tm_clones
                0x08005e70       0x24 c:/program files (x86)/arm gnu toolchain arm-none-eabi/12.3 rel1/bin/../lib/gcc/arm-none-eabi/12.3.1/thumb/v7e-m+fp/hard/crtbegin.o
 .text.__do_global_dtors_aux
                0x08005e94       0x28 c:/program files (x86)/arm gnu toolchain arm-none-eabi/12.3 rel1/bin/../lib/gcc/arm-none-eabi/12.3.1/thumb/v7e-m+fp/hard/crtbegin.o
 .text.frame_dummy
                0x08005ebc       0x24 c:/program files (x86)/arm gnu toolchain arm-none-eabi/12.3 rel1/bin/../lib/gcc/arm-none-eabi/12.3.1/thumb/v7e-m+fp/hard/crtbegin.o
 .text.Reset_Handler
                0x08005ee0       0x50 build\startup.o
                0x08005ee0                Reset_Handler
 .text.Default_Handler
                0x08005f30        0x2 build\startup.o
                0x08005f30                RTC_Alarm_IRQHandler
                0x08005f30                EXTI2_IRQHandler
                0x08005f30                DebugMon_Handler
                0x08005f30                SPI4_IRQHandler
                0x08005f30                TIM1_CC_IRQHandler
                0x08005f30                DMA2_Stream5_IRQHandler
                0x08005f30                HardFault_Handler
                0x08005f30                DMA1_Stream5_IRQHandler
                0x08005f30                PVD_IRQHandler
                0x08005f30                SDIO_IRQHandler
                0x08005f30                TAMP_STAMP_IRQHandler
                0x08005f30                NMI_Handler
                0x08005f30                EXTI3_IRQHandler
                0x08005f30                I2C3_ER_IRQHandler
                0x08005f30                EXTI0_IRQHandler
                0x08005f30                I2C2_EV_IRQHandler
                0x08005f30                DMA1_Stream2_IRQHandler
                0x08005f30                FPU_IRQHandler
                0x08005f30                UsageFault_Handler
                0x08005f30                DMA2_Stream2_IRQHandler
                0x08005f30                SPI1_IRQHandler
                0x08005f30                TIM1_BRK_TIM9_IRQHandler
                0x08005f30                DMA2_Stream3_IRQHandler
                0x08005f30                USART6_IRQHandler
                0x08005f30                DMA2_Stream0_IRQHandler
                0x08005f30                TIM4_IRQHandler
                0x08005f30                I2C1_EV_IRQHandler
                0x08005f30                DMA1_Stream6_IRQHandler
                0x08005f30                DMA1_Stream1_IRQHandler
                0x08005f30                TIM3_IRQHandler
                0x08005f30                RCC_IRQHandler
                0x08005f30                Default_Handler
                0x08005f30                EXTI15_10_IRQHandler
                0x08005f30                ADC_IRQHandler
                0x08005f30                DMA1_Stream7_IRQHandler
                0x08005f30                SPI5_IRQHandler
                0x08005f30                TIM5_IRQHandler
                0x08005f30                DMA2_Stream7_IRQHandler
                0x08005f30                I2C3_EV_IRQHandler
                0x08005f30                EXTI9_5_IRQHandler
                0x08005f30                RTC_WKUP_IRQHandler
                0x08005f30                SPI2_IRQHandler
                0x08005f30                MemManage_Handler
                0x08005f30                DMA1_Stream0_IRQHandler
                0x08005f30                EXTI4_IRQHandler
                0x08005f30                WWDG_IRQHandler
                0x08005f30                TIM2_IRQHandler
                0x08005f30                OTG_FS_WKUP_IRQHandler
                0x08005f30                TIM1_TRG_COM_TIM11_IRQHandler
                0x08005f30                EXTI1_IRQHandler
                0x08005f30                USART2_IRQHandler
                0x08005f30                I2C2_ER_IRQHandler
                0x08005f30                DMA2_Stream1_IRQHandler
                0x08005f30                FLASH_IRQHandler
                0x08005f30                DMA2_Stream4_IRQHandler
                0x08005f30                BusFault_Handler
                0x08005f30                USART1_IRQHandler
                0x08005f30                OTG_FS_IRQHandler
                0x08005f30                SPI3_IRQHandler
                0x08005f30                DMA1_Stream4_IRQHandler
                0x08005f30                I2C1_ER_IRQHandler
                0x08005f30                DMA2_Stream6_IRQHandler
                0x08005f30                DMA1_Stream3_IRQHandler
 *fill*         0x08005f32        0x2 
 .text.memset   0x08005f34       0xa4 c:/program files (x86)/arm gnu toolchain arm-none-eabi/12.3 rel1/bin/../lib/gcc/arm-none-eabi/12.3.1/thumb/v7e-m+fp/hard\libc.a(libc_a-memset.o)
                0x08005f34                memset
 .text.__libc_init_array
                0x08005fd8       0x50 c:/program files (x86)/arm gnu toolchain arm-none-eabi/12.3 rel1/bin/../lib/gcc/arm-none-eabi/12.3.1/thumb/v7e-m+fp/hard\libc.a(libc_a-init.o)
                0x08005fd8                __libc_init_array
 .text.__retarget_lock_acquire_recursive
                0x08006028        0x4 c:/program files (x86)/arm gnu toolchain arm-none-eabi/12.3 rel1/bin/../lib/gcc/arm-none-eabi/12.3.1/thumb/v7e-m+fp/hard\libc.a(libc_a-lock.o)
                0x08006028                __retarget_lock_acquire_recursive
 .text.__retarget_lock_release_recursive
                0x0800602c        0x4 c:/program files (x86)/arm gnu toolchain arm-none-eabi/12.3 rel1/bin/../lib/gcc/arm-none-eabi/12.3.1/thumb/v7e-m+fp/hard\libc.a(libc_a-lock.o)
                0x0800602c                __retarget_lock_release_recursive
 .text.startup.register_fini
                0x08006030       0x14 c:/program files (x86)/arm gnu toolchain arm-none-eabi/12.3 rel1/bin/../lib/gcc/arm-none-eabi/12.3.1/thumb/v7e-m+fp/hard\libc.a(libc_a-__call_atexit.o)
 .text.atexit   0x08006044        0xc c:/program files (x86)/arm gnu toolchain arm-none-eabi/12.3 rel1/bin/../lib/gcc/arm-none-eabi/12.3.1/thumb/v7e-m+fp/hard\libc.a(libc_a-atexit.o)
                0x08006044                atexit
 .text.__libc_fini_array
                0x08006050       0x28 c:/program files (x86)/arm gnu toolchain arm-none-eabi/12.3 rel1/bin/../lib/gcc/arm-none-eabi/12.3.1/thumb/v7e-m+fp/hard\libc.a(libc_a-fini.o)
                0x08006050                __libc_fini_array
 .text.__register_exitproc
                0x08006078       0x80 c:/program files (x86)/arm gnu toolchain arm-none-eabi/12.3 rel1/bin/../lib/gcc/arm-none-eabi/12.3.1/thumb/v7e-m+fp/hard\libc.a(libc_a-__atexit.o)
                0x08006078                __register_exitproc
 *(.glue_7)
 .glue_7        0x080060f8        0x0 linker stubs
 *(.glue_7t)
 .glue_7t       0x080060f8        0x0 linker stubs
 *(.eh_frame)
 .eh_frame      0x080060f8        0x0 c:/program files (x86)/arm gnu toolchain arm-none-eabi/12.3 rel1/bin/../lib/gcc/arm-none-eabi/12.3.1/thumb/v7e-m+fp/hard/crtbegin.o
 *(.init)
 .init          0x080060f8        0x4 c:/program files (x86)/arm gnu toolchain arm-none-eabi/12.3 rel1/bin/../lib/gcc/arm-none-eabi/12.3.1/thumb/v7e-m+fp/hard/crti.o
                0x080060f8                _init
 .init          0x080060fc        0x8 c:/program files (x86)/arm gnu toolchain arm-none-eabi/12.3 rel1/bin/../lib/gcc/arm-none-eabi/12.3.1/thumb/v7e-m+fp/hard/crtn.o
 *(.fini)
 .fini          0x08006104        0x4 c:/program files (x86)/arm gnu toolchain arm-none-eabi/12.3 rel1/bin/../lib/gcc/arm-none-eabi/12.3.1/thumb/v7e-m+fp/hard/crti.o
                0x08006104                _fini
 .fini          0x08006108        0x8 c:/program files (x86)/arm gnu toolchain arm-none-eabi/12.3 rel1/bin/../lib/gcc/arm-none-eabi/12.3.1/thumb/v7e-m+fp/hard/crtn.o
                0x08006110                        . = ALIGN (0x4)
                0x08006110                        _etext = .

.vfp11_veneer   0x08006110        0x0
 .vfp11_veneer  0x08006110        0x0 linker stubs

.v4_bx          0x08006110        0x0
 .v4_bx         0x08006110        0x0 linker stubs

.iplt           0x08006110        0x0
 .iplt          0x08006110        0x0 c:/program files (x86)/arm gnu toolchain arm-none-eabi/12.3 rel1/bin/../lib/gcc/arm-none-eabi/12.3.1/thumb/v7e-m+fp/hard/crtbegin.o

.rodata         0x08006110       0x28
                0x08006110                        . = ALIGN (0x4)
 *(.rodata)
 .rodata        0x08006110        0xf build\main.o
 *fill*         0x0800611f        0x1 
 .rodata        0x08006120        0x5 build/tasks.o
 *fill*         0x08006125        0x3 
 .rodata        0x08006128        0xd build/timers.o
 *(.rodata*)
                0x08006138                        . = ALIGN (0x4)
 *fill*         0x08006135        0x3 

.ARM.extab      0x08006138        0x0
                0x08006138                        . = ALIGN (0x4)
 *(.ARM.extab* .gnu.linkonce.armextab.*)
                0x08006138                        . = ALIGN (0x4)

.ARM            0x08006138        0x8
                0x08006138                        . = ALIGN (0x4)
                0x08006138                        __exidx_start = .
 *(.ARM.exidx*)
 .ARM.exidx     0x08006138        0x8 c:/program files (x86)/arm gnu toolchain arm-none-eabi/12.3 rel1/bin/../lib/gcc/arm-none-eabi/12.3.1/thumb/v7e-m+fp/hard\libc.a(libc_a-memcpy.o)
                0x08006140                        __exidx_end = .
                0x08006140                        . = ALIGN (0x4)

.preinit_array  0x08006140        0x0
                0x08006140                        . = ALIGN (0x4)
                0x08006140                        PROVIDE (__preinit_array_start = .)
 *(.preinit_array*)
                0x08006140                        PROVIDE (__preinit_array_end = .)
                0x08006140                        . = ALIGN (0x4)

.init_array     0x08006140        0x8
                0x08006140                        . = ALIGN (0x4)
                0x08006140                        PROVIDE (__init_array_start = .)
 *(SORT_BY_NAME(.init_array.*))
 .init_array.00000
                0x08006140        0x4 c:/program files (x86)/arm gnu toolchain arm-none-eabi/12.3 rel1/bin/../lib/gcc/arm-none-eabi/12.3.1/thumb/v7e-m+fp/hard\libc.a(libc_a-__call_atexit.o)
 *(.init_array*)
 .init_array    0x08006144        0x4 c:/program files (x86)/arm gnu toolchain arm-none-eabi/12.3 rel1/bin/../lib/gcc/arm-none-eabi/12.3.1/thumb/v7e-m+fp/hard/crtbegin.o
                0x08006148                        PROVIDE (__init_array_end = .)
                0x08006148                        . = ALIGN (0x4)

.fini_array     0x08006148        0x4
                0x08006148                        . = ALIGN (0x4)
                0x08006148                        PROVIDE (__fini_array_start = .)
 *(SORT_BY_NAME(.fini_array.*))
 *(.fini_array*)
 .fini_array    0x08006148        0x4 c:/program files (x86)/arm gnu toolchain arm-none-eabi/12.3 rel1/bin/../lib/gcc/arm-none-eabi/12.3.1/thumb/v7e-m+fp/hard/crtbegin.o
                0x0800614c                        PROVIDE (__fini_array_end = .)
                0x0800614c                        . = ALIGN (0x4)
                0x0800614c                        _sidata = LOADADDR (.data)

.rel.dyn        0x0800614c        0x0
 .rel.iplt      0x0800614c        0x0 c:/program files (x86)/arm gnu toolchain arm-none-eabi/12.3 rel1/bin/../lib/gcc/arm-none-eabi/12.3.1/thumb/v7e-m+fp/hard/crtbegin.o

.data           0x20000000        0xc load address 0x0800614c
                0x20000000                        . = ALIGN (0x4)
                0x20000000                        _sdata = .
 *(.data)
 .data          0x20000000        0x4 build/tasks.o
                0x20000000                uxTopUsedPriority
 .data          0x20000004        0x4 build/port.o
 *(.data*)
 .data.__atexit_recursive_mutex
                0x20000008        0x4 c:/program files (x86)/arm gnu toolchain arm-none-eabi/12.3 rel1/bin/../lib/gcc/arm-none-eabi/12.3.1/thumb/v7e-m+fp/hard\libc.a(libc_a-__call_atexit.o)
                0x20000008                __atexit_recursive_mutex
 *(.RamFunc)
 *(.RamFunc*)
                0x2000000c                        . = ALIGN (0x4)
                0x2000000c                        _edata = .

.tm_clone_table
                0x2000000c        0x0 load address 0x08006158
 .tm_clone_table
                0x2000000c        0x0 c:/program files (x86)/arm gnu toolchain arm-none-eabi/12.3 rel1/bin/../lib/gcc/arm-none-eabi/12.3.1/thumb/v7e-m+fp/hard/crtbegin.o
 .tm_clone_table
                0x2000000c        0x0 c:/program files (x86)/arm gnu toolchain arm-none-eabi/12.3 rel1/bin/../lib/gcc/arm-none-eabi/12.3.1/thumb/v7e-m+fp/hard/crtend.o

.igot.plt       0x2000000c        0x0 load address 0x08006158
 .igot.plt      0x2000000c        0x0 c:/program files (x86)/arm gnu toolchain arm-none-eabi/12.3 rel1/bin/../lib/gcc/arm-none-eabi/12.3.1/thumb/v7e-m+fp/hard/crtbegin.o
                0x2000000c                        . = ALIGN (0x4)

.bss            0x2000000c    0x12f5c load address 0x08006158
                0x2000000c                        _sbss = .
                0x2000000c                        __bss_start__ = _sbss
 *(.bss)
 .bss           0x2000000c        0x4 build\Delay.o
                0x2000000c                tim1_cnt
 .bss           0x20000010       0x40 build/queue.o
                0x20000010                xQueueRegistry
 .bss           0x20000050      0x104 build/tasks.o
                0x20000050                pxCurrentTCB
 .bss           0x20000154       0x3c build/timers.o
 .bss           0x20000190        0x8 build/port.o
 .bss           0x20000198    0x12c1c build/heap_4.o
 *(.bss*)
 .bss.completed.1
                0x20012db4        0x1 c:/program files (x86)/arm gnu toolchain arm-none-eabi/12.3 rel1/bin/../lib/gcc/arm-none-eabi/12.3.1/thumb/v7e-m+fp/hard/crtbegin.o
 *fill*         0x20012db5        0x3 
 .bss.object.0  0x20012db8       0x18 c:/program files (x86)/arm gnu toolchain arm-none-eabi/12.3 rel1/bin/../lib/gcc/arm-none-eabi/12.3.1/thumb/v7e-m+fp/hard/crtbegin.o
 .bss.__lock___atexit_recursive_mutex
                0x20012dd0        0x1 c:/program files (x86)/arm gnu toolchain arm-none-eabi/12.3 rel1/bin/../lib/gcc/arm-none-eabi/12.3.1/thumb/v7e-m+fp/hard\libc.a(libc_a-lock.o)
                0x20012dd0                __lock___atexit_recursive_mutex
 *fill*         0x20012dd1        0x3 
 .bss.__atexit  0x20012dd4        0x4 c:/program files (x86)/arm gnu toolchain arm-none-eabi/12.3 rel1/bin/../lib/gcc/arm-none-eabi/12.3.1/thumb/v7e-m+fp/hard\libc.a(libc_a-__call_atexit.o)
                0x20012dd4                __atexit
 .bss.__atexit0
                0x20012dd8      0x190 c:/program files (x86)/arm gnu toolchain arm-none-eabi/12.3 rel1/bin/../lib/gcc/arm-none-eabi/12.3.1/thumb/v7e-m+fp/hard\libc.a(libc_a-__atexit.o)
                0x20012dd8                __atexit0
 *(COMMON)
                0x20012f68                        . = ALIGN (0x4)
                0x20012f68                        _ebss = .
                0x20012f68                        __bss_end__ = _ebss

._user_heap_stack
                0x20012f68      0x600 load address 0x08006158
                0x20012f68                        . = ALIGN (0x8)
                [!provide]                        PROVIDE (end = .)
                [!provide]                        PROVIDE (_end = .)
                0x20013168                        . = (. + _Min_Heap_Size)
 *fill*         0x20012f68      0x200 
                0x20013568                        . = (. + _Min_Stack_Size)
 *fill*         0x20013168      0x400 
                0x20013568                        . = ALIGN (0x8)

/DISCARD/
 libc.a(*)
 libm.a(*)
 libgcc.a(*)

.ARM.attributes
                0x00000000       0x30
 *(.ARM.attributes)
 .ARM.attributes
                0x00000000       0x22 c:/program files (x86)/arm gnu toolchain arm-none-eabi/12.3 rel1/bin/../lib/gcc/arm-none-eabi/12.3.1/thumb/v7e-m+fp/hard/crti.o
 .ARM.attributes
                0x00000022       0x34 c:/program files (x86)/arm gnu toolchain arm-none-eabi/12.3 rel1/bin/../lib/gcc/arm-none-eabi/12.3.1/thumb/v7e-m+fp/hard/crtbegin.o
 .ARM.attributes
                0x00000056       0x34 build\clock.o
 .ARM.attributes
                0x0000008a       0x34 build\Delay.o
 .ARM.attributes
                0x000000be       0x34 build\Led.o
 .ARM.attributes
                0x000000f2       0x34 build\main.o
 .ARM.attributes
                0x00000126       0x21 build\startup.o
 .ARM.attributes
                0x00000147       0x34 build/list.o
 .ARM.attributes
                0x0000017b       0x34 build/queue.o
 .ARM.attributes
                0x000001af       0x34 build/tasks.o
 .ARM.attributes
                0x000001e3       0x34 build/timers.o
 .ARM.attributes
                0x00000217       0x34 build/port.o
 .ARM.attributes
                0x0000024b       0x34 build/heap_4.o
 .ARM.attributes
                0x0000027f       0x34 c:/program files (x86)/arm gnu toolchain arm-none-eabi/12.3 rel1/bin/../lib/gcc/arm-none-eabi/12.3.1/thumb/v7e-m+fp/hard\libc.a(libc_a-memset.o)
 .ARM.attributes
                0x000002b3       0x34 c:/program files (x86)/arm gnu toolchain arm-none-eabi/12.3 rel1/bin/../lib/gcc/arm-none-eabi/12.3.1/thumb/v7e-m+fp/hard\libc.a(libc_a-init.o)
 .ARM.attributes
                0x000002e7       0x34 c:/program files (x86)/arm gnu toolchain arm-none-eabi/12.3 rel1/bin/../lib/gcc/arm-none-eabi/12.3.1/thumb/v7e-m+fp/hard\libc.a(libc_a-lock.o)
 .ARM.attributes
                0x0000031b       0x20 c:/program files (x86)/arm gnu toolchain arm-none-eabi/12.3 rel1/bin/../lib/gcc/arm-none-eabi/12.3.1/thumb/v7e-m+fp/hard\libc.a(libc_a-memcpy.o)
 .ARM.attributes
                0x0000033b       0x34 c:/program files (x86)/arm gnu toolchain arm-none-eabi/12.3 rel1/bin/../lib/gcc/arm-none-eabi/12.3.1/thumb/v7e-m+fp/hard\libc.a(libc_a-__call_atexit.o)
 .ARM.attributes
                0x0000036f       0x34 c:/program files (x86)/arm gnu toolchain arm-none-eabi/12.3 rel1/bin/../lib/gcc/arm-none-eabi/12.3.1/thumb/v7e-m+fp/hard\libc.a(libc_a-atexit.o)
 .ARM.attributes
                0x000003a3       0x34 c:/program files (x86)/arm gnu toolchain arm-none-eabi/12.3 rel1/bin/../lib/gcc/arm-none-eabi/12.3.1/thumb/v7e-m+fp/hard\libc.a(libc_a-fini.o)
 .ARM.attributes
                0x000003d7       0x34 c:/program files (x86)/arm gnu toolchain arm-none-eabi/12.3 rel1/bin/../lib/gcc/arm-none-eabi/12.3.1/thumb/v7e-m+fp/hard\libc.a(libc_a-__atexit.o)
 .ARM.attributes
                0x0000040b       0x34 c:/program files (x86)/arm gnu toolchain arm-none-eabi/12.3 rel1/bin/../lib/gcc/arm-none-eabi/12.3.1/thumb/v7e-m+fp/hard/crtend.o
 .ARM.attributes
                0x0000043f       0x22 c:/program files (x86)/arm gnu toolchain arm-none-eabi/12.3 rel1/bin/../lib/gcc/arm-none-eabi/12.3.1/thumb/v7e-m+fp/hard/crtn.o
OUTPUT(build/blink_led.elf elf32-littlearm)
LOAD linker stubs
LOAD c:/program files (x86)/arm gnu toolchain arm-none-eabi/12.3 rel1/bin/../lib/gcc/arm-none-eabi/12.3.1/thumb/v7e-m+fp/hard\libc.a
LOAD c:/program files (x86)/arm gnu toolchain arm-none-eabi/12.3 rel1/bin/../lib/gcc/arm-none-eabi/12.3.1/thumb/v7e-m+fp/hard\libm.a
LOAD c:/program files (x86)/arm gnu toolchain arm-none-eabi/12.3 rel1/bin/../lib/gcc/arm-none-eabi/12.3.1/thumb/v7e-m+fp/hard\libgcc.a

.comment        0x00000000       0x45
 .comment       0x00000000       0x45 build\clock.o
                                 0x46 (size before relaxing)
 .comment       0x00000045       0x46 build\Delay.o
 .comment       0x00000045       0x46 build\Led.o
 .comment       0x00000045       0x46 build\main.o
 .comment       0x00000045       0x46 build/list.o
 .comment       0x00000045       0x46 build/queue.o
 .comment       0x00000045       0x46 build/tasks.o
 .comment       0x00000045       0x46 build/timers.o
 .comment       0x00000045       0x46 build/port.o
 .comment       0x00000045       0x46 build/heap_4.o

.debug_frame    0x00000000      0x1ec
 .debug_frame   0x00000000       0x2c c:/program files (x86)/arm gnu toolchain arm-none-eabi/12.3 rel1/bin/../lib/gcc/arm-none-eabi/12.3.1/thumb/v7e-m+fp/hard\libc.a(libc_a-memset.o)
 .debug_frame   0x0000002c       0x2c c:/program files (x86)/arm gnu toolchain arm-none-eabi/12.3 rel1/bin/../lib/gcc/arm-none-eabi/12.3.1/thumb/v7e-m+fp/hard\libc.a(libc_a-init.o)
 .debug_frame   0x00000058       0xb0 c:/program files (x86)/arm gnu toolchain arm-none-eabi/12.3 rel1/bin/../lib/gcc/arm-none-eabi/12.3.1/thumb/v7e-m+fp/hard\libc.a(libc_a-lock.o)
 .debug_frame   0x00000108       0x5c c:/program files (x86)/arm gnu toolchain arm-none-eabi/12.3 rel1/bin/../lib/gcc/arm-none-eabi/12.3.1/thumb/v7e-m+fp/hard\libc.a(libc_a-__call_atexit.o)
 .debug_frame   0x00000164       0x20 c:/program files (x86)/arm gnu toolchain arm-none-eabi/12.3 rel1/bin/../lib/gcc/arm-none-eabi/12.3.1/thumb/v7e-m+fp/hard\libc.a(libc_a-atexit.o)
 .debug_frame   0x00000184       0x34 c:/program files (x86)/arm gnu toolchain arm-none-eabi/12.3 rel1/bin/../lib/gcc/arm-none-eabi/12.3.1/thumb/v7e-m+fp/hard\libc.a(libc_a-fini.o)
 .debug_frame   0x000001b8       0x34 c:/program files (x86)/arm gnu toolchain arm-none-eabi/12.3 rel1/bin/../lib/gcc/arm-none-eabi/12.3.1/thumb/v7e-m+fp/hard\libc.a(libc_a-__atexit.o)

.debug_line_str
                0x00000000       0xe3
 .debug_line_str
                0x00000000       0xe3 c:/program files (x86)/arm gnu toolchain arm-none-eabi/12.3 rel1/bin/../lib/gcc/arm-none-eabi/12.3.1/thumb/v7e-m+fp/hard\libc.a(libc_a-memcpy.o)
