2025-06-29 09:16:48,278 [INFO] Activator:176 - 


2025-06-29 09:16:48,283 [INFO] Activator:177 - !SESSION log4j initialized
2025-06-29 09:16:52,772 [INFO] LogOutputStream:77 - [STDOUT_REDIRECT] 
2025-06-29 09:16:53,581 [INFO] ApplicationProperties:184 - Using Application install path: C:\ST\STM32CubeIDE_1.16.1\STM32CubeIDE\plugins\com.st.stm32cube.common.mx_6.12.1.202409122256
2025-06-29 09:16:53,596 [INFO] DbMcusXml:78 - Set database path to: C:\ST\STM32CubeIDE_1.16.1\STM32CubeIDE\plugins\com.st.stm32cube.common.mx_6.12.1.202409122256\\db\/mcu/
2025-06-29 09:16:53,597 [INFO] ApiDb:274 - Set plugin database path to: C:\ST\STM32CubeIDE_1.16.1\STM32CubeIDE\plugins\com.st.stm32cube.common.mx_6.12.1.202409122256\\db\/plugins/boardmanager/
2025-06-29 09:16:53,599 [WARN] ApiDb:259 - Overriding images path with different value:  => C:\ST\STM32CubeIDE_1.16.1\STM32CubeIDE\plugins\com.st.stm32cube.common.mx_6.12.1.202409122256\\db\/plugins/mcufinder/images/
2025-06-29 09:16:53,606 [INFO] ApiDb:250 - Set database path to: C:\Users\tranc\.stmcufinder\plugins\mcufinder//mcu/
2025-06-29 09:16:53,608 [INFO] DbMcusAds:125 - Set database path to: C:\Users\tranc\.stmcufinder\plugins\mcufinder//mcu/
2025-06-29 09:16:53,610 [INFO] CrossReferenceDbSqlite:203 - Set database path to: C:\Users\tranc\.stmcufinder\plugins\mcufinder//mcu/cs/
2025-06-29 09:16:53,715 [INFO] RulesReader:64 - Compatibility file has been processed (297 Rules)
2025-06-29 09:16:53,796 [INFO] DbMcusXml:78 - Set database path to: C:\ST\STM32CubeIDE_1.16.1\STM32CubeIDE\plugins\com.st.stm32cube.common.mx_6.12.1.202409122256\\db\/mcu/
2025-06-29 09:16:53,796 [INFO] ApiDb:274 - Set plugin database path to: C:\ST\STM32CubeIDE_1.16.1\STM32CubeIDE\plugins\com.st.stm32cube.common.mx_6.12.1.202409122256\\db\/plugins/boardmanager/
2025-06-29 09:16:53,796 [INFO] ApiDb:261 - Set plugin images path to: C:\ST\STM32CubeIDE_1.16.1\STM32CubeIDE\plugins\com.st.stm32cube.common.mx_6.12.1.202409122256\\db\/plugins/mcufinder/images/
2025-06-29 09:16:53,797 [WARN] DbFile:41 - Overriding database path with different value: C:\Users\tranc\.stmcufinder\plugins\mcufinder/ => C:\Users\tranc\.stmcufinder\plugins\mcufinder
2025-06-29 09:16:53,797 [INFO] ApiDb:250 - Set database path to: C:\Users\tranc\.stmcufinder\plugins\mcufinder//mcu/
2025-06-29 09:16:53,797 [WARN] DbFile:41 - Overriding database path with different value: C:\Users\tranc\.stmcufinder\plugins\mcufinder/ => C:\Users\tranc\.stmcufinder\plugins\mcufinder
2025-06-29 09:16:53,797 [INFO] DbMcusAds:125 - Set database path to: C:\Users\tranc\.stmcufinder\plugins\mcufinder//mcu/
2025-06-29 09:16:53,797 [WARN] DbFile:41 - Overriding database path with different value: C:\Users\tranc\.stmcufinder\plugins\mcufinder/ => C:\Users\tranc\.stmcufinder\plugins\mcufinder
2025-06-29 09:16:53,797 [WARN] DbFile:41 - Overriding database path with different value: C:\Users\tranc\.stmcufinder\plugins\mcufinder/ => C:\Users\tranc\.stmcufinder\plugins\mcufinder
2025-06-29 09:16:53,797 [INFO] CrossReferenceDbSqlite:203 - Set database path to: C:\Users\tranc\.stmcufinder\plugins\mcufinder//mcu/cs/
2025-06-29 09:16:53,871 [INFO] MainPanel:268 - HeapMemory: 268435456
2025-06-29 09:16:53,942 [INFO] DbMcusXml:78 - Set database path to: C:\ST\STM32CubeIDE_1.16.1\STM32CubeIDE\plugins\com.st.stm32cube.common.mx_6.12.1.202409122256\\db\/mcu/
2025-06-29 09:16:53,942 [INFO] ApiDb:274 - Set plugin database path to: C:\ST\STM32CubeIDE_1.16.1\STM32CubeIDE\plugins\com.st.stm32cube.common.mx_6.12.1.202409122256\\db\/plugins/boardmanager/
2025-06-29 09:16:53,942 [INFO] ApiDb:261 - Set plugin images path to: C:\ST\STM32CubeIDE_1.16.1\STM32CubeIDE\plugins\com.st.stm32cube.common.mx_6.12.1.202409122256\\db\/plugins/mcufinder/images/
2025-06-29 09:16:53,943 [WARN] DbFile:41 - Overriding database path with different value: C:\Users\tranc\.stmcufinder\plugins\mcufinder/ => C:\Users\tranc\.stmcufinder\plugins\mcufinder
2025-06-29 09:16:53,943 [INFO] ApiDb:250 - Set database path to: C:\Users\tranc\.stmcufinder\plugins\mcufinder//mcu/
2025-06-29 09:16:53,943 [WARN] DbFile:41 - Overriding database path with different value: C:\Users\tranc\.stmcufinder\plugins\mcufinder/ => C:\Users\tranc\.stmcufinder\plugins\mcufinder
2025-06-29 09:16:53,943 [INFO] DbMcusAds:125 - Set database path to: C:\Users\tranc\.stmcufinder\plugins\mcufinder//mcu/
2025-06-29 09:16:53,943 [WARN] DbFile:41 - Overriding database path with different value: C:\Users\tranc\.stmcufinder\plugins\mcufinder/ => C:\Users\tranc\.stmcufinder\plugins\mcufinder
2025-06-29 09:16:53,943 [WARN] DbFile:41 - Overriding database path with different value: C:\Users\tranc\.stmcufinder\plugins\mcufinder/ => C:\Users\tranc\.stmcufinder\plugins\mcufinder
2025-06-29 09:16:53,943 [INFO] CrossReferenceDbSqlite:203 - Set database path to: C:\Users\tranc\.stmcufinder\plugins\mcufinder//mcu/cs/
2025-06-29 09:16:53,966 [INFO] ApplicationProperties:184 - Using Application install path: C:\ST\STM32CubeIDE_1.16.1\STM32CubeIDE\plugins\com.st.stm32cube.common.mx_6.12.1.202409122256
2025-06-29 09:16:53,969 [INFO] PluginManage:196 - Search for loadable plugins [exclusion list=, ]
2025-06-29 09:16:53,970 [INFO] PluginManage:310 - Check plugin analytics
2025-06-29 09:16:54,101 [INFO] AnalyticsPlugin:253 - Accepted Software Licenses: STM32CubeMX.6.12.1
2025-06-29 09:16:54,101 [INFO] AnalyticsPlugin:255 - Accepted CMSIS Pack Licenses: 
2025-06-29 09:16:54,101 [INFO] AnalyticsPlugin:257 - Accepted Firmware Licenses: FW.WL.1.3.0,FW.G4.1.6.0,FW.F4.1.28.0
2025-06-29 09:16:54,103 [INFO] PluginManage:359 - Loaded plugin analytics (category:tool,tabindex:-1)
2025-06-29 09:16:54,103 [INFO] PluginManage:310 - Check plugin cadmodel
2025-06-29 09:16:54,107 [INFO] CADModel:105 - Init CAD model plugin
2025-06-29 09:16:54,107 [INFO] PluginManage:359 - Loaded plugin cadmodel (category:power,tabindex:5)
2025-06-29 09:16:54,107 [INFO] PluginManage:310 - Check plugin clock
2025-06-29 09:16:54,138 [INFO] PluginManage:359 - Loaded plugin clock (category:base,tabindex:2)
2025-06-29 09:16:54,138 [INFO] PluginManage:310 - Check plugin ddr
2025-06-29 09:16:54,141 [INFO] PluginManage:359 - Loaded plugin ddr (category:tool,tabindex:6)
2025-06-29 09:16:54,141 [INFO] PluginManage:310 - Check plugin filemanager
2025-06-29 09:16:54,304 [INFO] PluginManage:359 - Loaded plugin filemanager (category:base,tabindex:10)
2025-06-29 09:16:54,304 [INFO] PluginManage:310 - Check plugin ipmanager
2025-06-29 09:16:54,312 [INFO] PluginManage:359 - Loaded plugin ipmanager (category:base,tabindex:5)
2025-06-29 09:16:54,312 [INFO] PluginManage:310 - Check plugin lpbam
2025-06-29 09:16:54,319 [INFO] PluginManage:359 - Loaded plugin lpbam (category:base,tabindex:0)
2025-06-29 09:16:54,319 [INFO] PluginManage:310 - Check plugin memorymap
2025-06-29 09:16:54,332 [INFO] PluginManage:359 - Loaded plugin memorymap (category:base,tabindex:4)
2025-06-29 09:16:54,332 [INFO] PluginManage:310 - Check plugin pinoutandconfiguration
2025-06-29 09:16:54,338 [INFO] PluginManage:359 - Loaded plugin pinoutandconfiguration (category:base,tabindex:1)
2025-06-29 09:16:54,339 [INFO] PluginManage:310 - Check plugin pinoutconfig
2025-06-29 09:16:54,422 [WARN] SupportedApi:132 - Cannot load RTOS API schema: s4s-elt-must-match.1: The content of 'definitions' must match (annotation?, (simpleType | complexType)?, (unique | key | keyref)*)). A problem was found starting at: attribute.
2025-06-29 09:16:54,545 [INFO] PluginManage:359 - Loaded plugin pinoutconfig (category:base,tabindex:0)
2025-06-29 09:16:54,545 [INFO] PluginManage:310 - Check plugin power
2025-06-29 09:16:54,553 [INFO] PluginManage:359 - Loaded plugin power (category:power,tabindex:4)
2025-06-29 09:16:54,553 [INFO] PluginManage:310 - Check plugin projectmanager
2025-06-29 09:16:54,570 [INFO] PluginManage:359 - Loaded plugin projectmanager (category:projectmanager,tabindex:4)
2025-06-29 09:16:54,570 [INFO] PluginManage:310 - Check plugin rif
2025-06-29 09:16:54,575 [INFO] PluginManage:359 - Loaded plugin rif (category:base,tabindex:3)
2025-06-29 09:16:54,575 [INFO] PluginManage:310 - Check plugin thirdparty
2025-06-29 09:16:54,700 [INFO] PluginManage:359 - Loaded plugin thirdparty (category:base,tabindex:-1)
2025-06-29 09:16:54,700 [WARN] IntegrityCheckThread:84 - waiting for thirdparty lock release [integrity check]
2025-06-29 09:16:54,700 [INFO] IntegrityCheckThread:86 - entering critical section [integrity check]
2025-06-29 09:16:54,700 [INFO] PluginManage:310 - Check plugin tools
2025-06-29 09:16:54,700 [INFO] ThirdPartyUpdaterWithRetryManager:70 - Updater plugin not ready yet. [1/15]
2025-06-29 09:16:54,702 [INFO] PluginManage:359 - Loaded plugin tools (category:base,tabindex:7)
2025-06-29 09:16:54,702 [INFO] PluginManage:310 - Check plugin tutovideos
2025-06-29 09:16:54,846 [INFO] PluginManage:359 - Loaded plugin tutovideos (category:base,tabindex:-1)
2025-06-29 09:16:54,846 [INFO] PluginManage:310 - Check plugin updater
2025-06-29 09:16:54,859 [INFO] PluginManage:359 - Loaded plugin updater (category:base,tabindex:12)
2025-06-29 09:16:54,859 [INFO] PluginManage:310 - Check plugin userauth
2025-06-29 09:16:54,863 [INFO] UserAuth:113 - Init User Auth plugin
2025-06-29 09:16:54,863 [INFO] PluginManage:359 - Loaded plugin userauth (category:base,tabindex:14)
2025-06-29 09:16:54,864 [INFO] PluginManage:283 - PluginManage : Loaded plugins [18]
2025-06-29 09:16:55,062 [INFO] PinOutPanel:1561 - setPackage(No Configuration,No Configuration)
2025-06-29 09:16:55,143 [INFO] CADModel:165 - CPN selected for project level
2025-06-29 09:16:55,143 [INFO] CADModel:114 - Register for checkConnection events
2025-06-29 09:16:55,158 [INFO] IPUIPlugin:80 - create IPUIPlugin
2025-06-29 09:16:55,158 [INFO] PluginManager:220 - loadIPPluginJar : add adc
2025-06-29 09:16:55,161 [INFO] IPUIPlugin:80 - create IPUIPlugin
2025-06-29 09:16:55,161 [INFO] PluginManager:220 - loadIPPluginJar : add aes
2025-06-29 09:16:55,163 [INFO] IPUIPlugin:80 - create IPUIPlugin
2025-06-29 09:16:55,163 [INFO] PluginManager:220 - loadIPPluginJar : add can
2025-06-29 09:16:55,164 [INFO] IPUIPlugin:80 - create IPUIPlugin
2025-06-29 09:16:55,164 [INFO] PluginManager:220 - loadIPPluginJar : add comp
2025-06-29 09:16:55,167 [INFO] IPUIPlugin:80 - create IPUIPlugin
2025-06-29 09:16:55,167 [INFO] PluginManager:220 - loadIPPluginJar : add cryp
2025-06-29 09:16:55,169 [INFO] IPUIPlugin:80 - create IPUIPlugin
2025-06-29 09:16:55,169 [INFO] PluginManager:220 - loadIPPluginJar : add ddr_ctrl_phy
2025-06-29 09:16:55,171 [INFO] IPUIPlugin:80 - create IPUIPlugin
2025-06-29 09:16:55,171 [INFO] PluginManager:220 - loadIPPluginJar : add dfsdm
2025-06-29 09:16:55,176 [INFO] IPUIPlugin:80 - create IPUIPlugin
2025-06-29 09:16:55,177 [INFO] PluginManager:220 - loadIPPluginJar : add dma
2025-06-29 09:16:55,179 [INFO] IPUIPlugin:80 - create IPUIPlugin
2025-06-29 09:16:55,179 [INFO] PluginManager:220 - loadIPPluginJar : add dma3
2025-06-29 09:16:55,181 [INFO] IPUIPlugin:80 - create IPUIPlugin
2025-06-29 09:16:55,181 [INFO] PluginManager:220 - loadIPPluginJar : add extmemmanager
2025-06-29 09:16:55,182 [INFO] IPUIPlugin:80 - create IPUIPlugin
2025-06-29 09:16:55,182 [INFO] PluginManager:220 - loadIPPluginJar : add fatfs
2025-06-29 09:16:55,188 [INFO] IPUIPlugin:80 - create IPUIPlugin
2025-06-29 09:16:55,188 [INFO] PluginManager:220 - loadIPPluginJar : add fmc
2025-06-29 09:16:55,193 [INFO] IPUIPlugin:80 - create IPUIPlugin
2025-06-29 09:16:55,193 [INFO] PluginManager:220 - loadIPPluginJar : add freertos
2025-06-29 09:16:55,195 [INFO] IPUIPlugin:80 - create IPUIPlugin
2025-06-29 09:16:55,195 [INFO] PluginManager:220 - loadIPPluginJar : add genericplugin
2025-06-29 09:16:55,197 [INFO] IPUIPlugin:80 - create IPUIPlugin
2025-06-29 09:16:55,197 [INFO] PluginManager:220 - loadIPPluginJar : add gfxmmu
2025-06-29 09:16:55,201 [INFO] IPUIPlugin:80 - create IPUIPlugin
2025-06-29 09:16:55,201 [INFO] PluginManager:220 - loadIPPluginJar : add gic
2025-06-29 09:16:55,204 [INFO] IPUIPlugin:80 - create IPUIPlugin
2025-06-29 09:16:55,205 [INFO] PluginManager:220 - loadIPPluginJar : add gpio
2025-06-29 09:16:55,206 [INFO] IPUIPlugin:80 - create IPUIPlugin
2025-06-29 09:16:55,206 [INFO] PluginManager:220 - loadIPPluginJar : add gtzc
2025-06-29 09:16:55,207 [INFO] IPUIPlugin:80 - create IPUIPlugin
2025-06-29 09:16:55,207 [INFO] PluginManager:220 - loadIPPluginJar : add hash
2025-06-29 09:16:55,210 [INFO] IPUIPlugin:80 - create IPUIPlugin
2025-06-29 09:16:55,211 [INFO] PluginManager:220 - loadIPPluginJar : add i2c
2025-06-29 09:16:55,212 [INFO] IPUIPlugin:80 - create IPUIPlugin
2025-06-29 09:16:55,212 [INFO] PluginManager:220 - loadIPPluginJar : add i2s
2025-06-29 09:16:55,214 [INFO] IPUIPlugin:80 - create IPUIPlugin
2025-06-29 09:16:55,214 [INFO] PluginManager:220 - loadIPPluginJar : add i3c
2025-06-29 09:16:55,216 [INFO] IPUIPlugin:80 - create IPUIPlugin
2025-06-29 09:16:55,216 [INFO] PluginManager:220 - loadIPPluginJar : add ipddr
2025-06-29 09:16:55,224 [INFO] IPUIPlugin:80 - create IPUIPlugin
2025-06-29 09:16:55,224 [INFO] PluginManager:220 - loadIPPluginJar : add linkedlist
2025-06-29 09:16:55,226 [INFO] IPUIPlugin:80 - create IPUIPlugin
2025-06-29 09:16:55,226 [INFO] PluginManager:220 - loadIPPluginJar : add lorawan
2025-06-29 09:16:55,228 [INFO] IPUIPlugin:80 - create IPUIPlugin
2025-06-29 09:16:55,228 [INFO] PluginManager:220 - loadIPPluginJar : add ltdc
2025-06-29 09:16:55,233 [INFO] IPUIPlugin:80 - create IPUIPlugin
2025-06-29 09:16:55,233 [INFO] PluginManager:220 - loadIPPluginJar : add mdma
2025-06-29 09:16:55,235 [INFO] IPUIPlugin:80 - create IPUIPlugin
2025-06-29 09:16:55,235 [INFO] PluginManager:220 - loadIPPluginJar : add nvic
2025-06-29 09:16:55,238 [INFO] IPUIPlugin:80 - create IPUIPlugin
2025-06-29 09:16:55,238 [INFO] PluginManager:220 - loadIPPluginJar : add opamp
2025-06-29 09:16:55,241 [INFO] IPUIPlugin:80 - create IPUIPlugin
2025-06-29 09:16:55,241 [INFO] PluginManager:220 - loadIPPluginJar : add openamp
2025-06-29 09:16:55,244 [INFO] IPUIPlugin:80 - create IPUIPlugin
2025-06-29 09:16:55,244 [INFO] PluginManager:220 - loadIPPluginJar : add pdm2pcm
2025-06-29 09:16:55,249 [INFO] IPUIPlugin:80 - create IPUIPlugin
2025-06-29 09:16:55,250 [INFO] PluginManager:220 - loadIPPluginJar : add plateformsettings
2025-06-29 09:16:55,253 [INFO] IPUIPlugin:80 - create IPUIPlugin
2025-06-29 09:16:55,253 [INFO] PluginManager:220 - loadIPPluginJar : add quadspi
2025-06-29 09:16:55,256 [INFO] IPUIPlugin:80 - create IPUIPlugin
2025-06-29 09:16:55,257 [INFO] PluginManager:220 - loadIPPluginJar : add radio
2025-06-29 09:16:55,260 [INFO] IPUIPlugin:80 - create IPUIPlugin
2025-06-29 09:16:55,261 [INFO] PluginManager:220 - loadIPPluginJar : add resmgrutility
2025-06-29 09:16:55,264 [INFO] IPUIPlugin:80 - create IPUIPlugin
2025-06-29 09:16:55,264 [INFO] PluginManager:220 - loadIPPluginJar : add sai
2025-06-29 09:16:55,267 [INFO] IPUIPlugin:80 - create IPUIPlugin
2025-06-29 09:16:55,267 [INFO] PluginManager:220 - loadIPPluginJar : add spi
2025-06-29 09:16:55,271 [INFO] IPUIPlugin:80 - create IPUIPlugin
2025-06-29 09:16:55,271 [INFO] PluginManager:220 - loadIPPluginJar : add stm32_wpan
2025-06-29 09:16:55,274 [INFO] IPUIPlugin:80 - create IPUIPlugin
2025-06-29 09:16:55,274 [INFO] PluginManager:220 - loadIPPluginJar : add tim
2025-06-29 09:16:55,276 [INFO] IPUIPlugin:80 - create IPUIPlugin
2025-06-29 09:16:55,276 [INFO] PluginManager:220 - loadIPPluginJar : add touchsensing
2025-06-29 09:16:55,277 [INFO] IPUIPlugin:80 - create IPUIPlugin
2025-06-29 09:16:55,277 [INFO] PluginManager:220 - loadIPPluginJar : add tracer_emb
2025-06-29 09:16:55,278 [INFO] IPUIPlugin:80 - create IPUIPlugin
2025-06-29 09:16:55,278 [INFO] PluginManager:220 - loadIPPluginJar : add ts
2025-06-29 09:16:55,281 [INFO] IPUIPlugin:80 - create IPUIPlugin
2025-06-29 09:16:55,281 [INFO] PluginManager:220 - loadIPPluginJar : add tsc
2025-06-29 09:16:55,282 [INFO] IPUIPlugin:80 - create IPUIPlugin
2025-06-29 09:16:55,282 [INFO] PluginManager:220 - loadIPPluginJar : add ucpd
2025-06-29 09:16:55,284 [INFO] IPUIPlugin:80 - create IPUIPlugin
2025-06-29 09:16:55,284 [INFO] PluginManager:220 - loadIPPluginJar : add usart
2025-06-29 09:16:55,286 [INFO] IPUIPlugin:80 - create IPUIPlugin
2025-06-29 09:16:55,286 [INFO] PluginManager:220 - loadIPPluginJar : add usbx
2025-06-29 09:16:55,410 [INFO] CADModel:165 - CPN selected for project level
2025-06-29 09:16:55,411 [INFO] CADModel:114 - Register for checkConnection events
2025-06-29 09:16:55,412 [FATAL] Updater:334 - Updater called before beeing initialized
2025-06-29 09:16:55,413 [ERROR] CADModel:125 - Updater not yet initialized, retry later 
2025-06-29 09:16:55,542 [INFO] CADModel:165 - CPN selected for project level
2025-06-29 09:16:55,542 [INFO] CADModel:114 - Register for checkConnection events
2025-06-29 09:16:55,542 [FATAL] Updater:334 - Updater called before beeing initialized
2025-06-29 09:16:55,542 [ERROR] CADModel:125 - Updater not yet initialized, retry later 
2025-06-29 09:16:55,544 [FATAL] Updater:334 - Updater called before beeing initialized
2025-06-29 09:16:55,651 [FATAL] Updater:334 - Updater called before beeing initialized
2025-06-29 09:16:55,656 [INFO] DbMcusAds:53 - JSON generation date=Thu Jun 19 15:32:34 ICT 2025 (1750321954415)
2025-06-29 09:16:55,656 [FATAL] Updater:334 - Updater called before beeing initialized
2025-06-29 09:16:55,690 [WARN] DetailPanel:346 - Failed to get advertising image, set to default
2025-06-29 09:16:55,766 [FATAL] Updater:334 - Updater called before beeing initialized
2025-06-29 09:16:55,767 [FATAL] Updater:334 - Updater called before beeing initialized
2025-06-29 09:16:55,767 [FATAL] Updater:334 - Updater called before beeing initialized
2025-06-29 09:16:55,767 [WARN] DetailPanel:346 - Failed to get advertising image, set to default
2025-06-29 09:16:55,769 [FATAL] Updater:334 - Updater called before beeing initialized
2025-06-29 09:16:55,816 [ERROR] Updater:1164 - MainUpdater not yet initialized. External WinMGr cannot be set.
2025-06-29 09:16:55,818 [INFO] Updater:1100 - Updater Version found : 6.12.1
2025-06-29 09:16:55,833 [INFO] ApplicationProperties:184 - Using Application install path: C:\ST\STM32CubeIDE_1.16.1\STM32CubeIDE\plugins\com.st.stm32cube.common.mx_6.12.1.202409122256
2025-06-29 09:16:57,407 [ERROR] LogOutputStream:75 - [STDERR_REDIRECT] Jun 29, 2025 9:16:57 AM java.util.prefs.WindowsPreferences <init>
2025-06-29 09:16:57,408 [ERROR] LogOutputStream:75 - [STDERR_REDIRECT] WARNING: Could not open/create prefs root node Software\JavaSoft\Prefs at root 0xffffffff80000002. Windows RegCreateKeyEx(...) returned error code 5.
2025-06-29 09:16:57,408 [ERROR] LogOutputStream:75 - [STDERR_REDIRECT] 
2025-06-29 09:16:57,659 [INFO] MainUpdater:2873 - connection check result : 10
2025-06-29 09:16:57,660 [INFO] MainUpdater:290 - Updater Check For Update Now.
2025-06-29 09:16:57,660 [INFO] MicroXplorer:498 - Change Database Version : DB.6.0.121
2025-06-29 09:16:57,667 [INFO] McuFinderGlobals:63 - Set McuFinder mode to 2 (CubeIDE integrated)
2025-06-29 09:16:57,667 [INFO] UserAuth:417 - Internet connection configuration mode: 1
2025-06-29 09:16:57,687 [INFO] JxBrowserEngine:152 - Initiate JxBrowser Engine with user profile folder
2025-06-29 09:16:57,702 [WARN] MainUpdater:1194 - Updater busy. Cannot search thirdparties
2025-06-29 09:16:57,702 [INFO] ThirdPartyUpdaterWithRetryManager:96 - Updater plugin is busy. [1/15]
2025-06-29 09:16:57,837 [INFO] CheckServerUpdateThread:120 - End of CheckServer Thread
2025-06-29 09:16:58,331 [INFO] WebApp:167 - Instantiating new browser for Auth
2025-06-29 09:16:59,384 [INFO] WebApp:448 - Apply proxy settings
2025-06-29 09:16:59,385 [INFO] WebApp:533 - Chromium requires no authentication
2025-06-29 09:16:59,397 [INFO] WebApp:476 - Direct internet connection detected
2025-06-29 09:16:59,438 [INFO] WebApp:869 - Register for checkConnection events
2025-06-29 09:16:59,439 [INFO] WebApp:448 - Apply proxy settings
2025-06-29 09:16:59,439 [INFO] WebApp:533 - Chromium requires no authentication
2025-06-29 09:16:59,440 [INFO] WebApp:476 - Direct internet connection detected
2025-06-29 09:16:59,657 [INFO] WebApp:220 - Starting web application
2025-06-29 09:16:59,657 [INFO] WebApp:578 - Web application path used C:\ST\STM32CubeIDE_1.16.1\STM32CubeIDE\plugins\com.st.stm32cube.common.mx_6.12.1.202409122256\db\plugins\mcufinder\reactClient1\index.html
2025-06-29 09:16:59,659 [INFO] WebApp:186 - Connection restablished
2025-06-29 09:16:59,772 [INFO] UserAuth:417 - Internet connection configuration mode: 1
2025-06-29 09:17:00,998 [WARN] PackLoader:240 - Cannot read IP mode file for STMicroelectronics.FP-SNS-MOTENVWB1.1.4.0
2025-06-29 09:17:01,008 [WARN] PackLoader:240 - Cannot read IP mode file for STMicroelectronics.FP-ATR-ASTRA1.2.0.2
2025-06-29 09:17:01,012 [WARN] PackLoader:240 - Cannot read IP mode file for STMicroelectronics.FP-ATR-ASTRA1.2.0.1
2025-06-29 09:17:01,023 [WARN] PackLoader:240 - Cannot read IP mode file for STMicroelectronics.X-CUBE-SMBUS.2.1.0
2025-06-29 09:17:01,036 [WARN] PackLoader:240 - Cannot read IP mode file for STMicroelectronics.X-CUBE-WB05N.1.1.0
2025-06-29 09:17:01,044 [ERROR] Engine:466 - C:\Users\tranc\.stm32cubemx\thirdparties\pdsc\STMicroelectronics.X-CUBE-ST60.1.0.0.pdsc: PDSC version is not supported
2025-06-29 09:17:01,095 [WARN] PackLoader:240 - Cannot read IP mode file for STMicroelectronics.X-CUBE-AZRTOS-F7.1.1.0
2025-06-29 09:17:01,253 [WARN] PackLoader:240 - Cannot read IP mode file for STMicroelectronics.X-CUBE-MEMS1.11.0.0
2025-06-29 09:17:01,484 [WARN] PackLoader:240 - Cannot read IP mode file for STMicroelectronics.FP-SNS-FLIGHT1.5.0.2
2025-06-29 09:17:01,495 [WARN] PackLoader:240 - Cannot read IP mode file for STMicroelectronics.X-CUBE-DISPLAY.3.0.0
2025-06-29 09:17:01,530 [WARN] PackLoader:240 - Cannot read IP mode file for STMicroelectronics.X-CUBE-BLE1.7.0.0
2025-06-29 09:17:01,562 [WARN] PackLoader:240 - Cannot read IP mode file for STMicroelectronics.X-CUBE-NFC10.1.0.0
2025-06-29 09:17:01,580 [WARN] PackLoader:240 - Cannot read IP mode file for STMicroelectronics.X-CUBE-BLEMGR.4.0.0
2025-06-29 09:17:01,591 [WARN] PackLoader:240 - Cannot read IP mode file for emotas.I-CUBE-CANOPEN.1.3.0
2025-06-29 09:17:01,603 [WARN] PackLoader:240 - Cannot read IP mode file for STMicroelectronics.X-CUBE-BLEMGR.3.1.0
2025-06-29 09:17:01,612 [WARN] PackLoader:240 - Cannot read IP mode file for STMicroelectronics.X-CUBE-AI.10.0.0
2025-06-29 09:17:01,621 [WARN] PackLoader:240 - Cannot read IP mode file for STMicroelectronics.FP-SNS-SMARTAG2.1.2.0
2025-06-29 09:17:01,626 [ERROR] Engine:466 - C:\Users\tranc\.stm32cubemx\thirdparties\pdsc\STMicroelectronics.FP-SNS-FLIGHT1.5.1.0.pdsc: PDSC version is not supported
2025-06-29 09:17:01,705 [WARN] PackLoader:240 - Cannot read IP mode file for STMicroelectronics.X-CUBE-MEMS1.11.1.0
2025-06-29 09:17:01,841 [INFO] LogOutputStream:77 - [STDOUT_REDIRECT] 1 : Invalid condition id : UX_CORESTACK_Condition cause : null
2025-06-29 09:17:01,841 [INFO] LogOutputStream:77 - [STDOUT_REDIRECT] 1 : Invalid condition id : UX_CORESTACK_Condition cause : null
2025-06-29 09:17:01,843 [INFO] LogOutputStream:77 - [STDOUT_REDIRECT] 1 : Invalid condition id : UX_CORESTACK_Condition cause : null
2025-06-29 09:17:01,844 [INFO] LogOutputStream:77 - [STDOUT_REDIRECT] 1 : Invalid condition id : UX_CORESTACK_Condition cause : null
2025-06-29 09:17:01,846 [INFO] LogOutputStream:77 - [STDOUT_REDIRECT] 1 : Invalid condition id : UX_CORESTACK_Condition cause : null
2025-06-29 09:17:01,848 [WARN] PackLoader:240 - Cannot read IP mode file for STMicroelectronics.X-CUBE-AZRTOS-WL.2.0.0
2025-06-29 09:17:01,854 [WARN] PackLoader:240 - Cannot read IP mode file for STMicroelectronics.FP-SNS-MOTENV1.5.0.0
2025-06-29 09:17:01,859 [WARN] PackLoader:240 - Cannot read IP mode file for wolfSSL.I-CUBE-wolfMQTT.1.19.0
2025-06-29 09:17:01,866 [WARN] PackLoader:240 - Cannot read IP mode file for WES.I-CUBE-Cesium.1.3.0
2025-06-29 09:17:01,871 [WARN] PackLoader:240 - Cannot read IP mode file for STMicroelectronics.X-CUBE-BLE2.3.3.0
2025-06-29 09:17:01,874 [WARN] PackLoader:240 - Cannot read IP mode file for STMicroelectronics.X-CUBE-NFC9.1.0.0
2025-06-29 09:17:01,880 [WARN] PackLoader:240 - Cannot read IP mode file for STMicroelectronics.X-CUBE-BLE1.7.1.0
2025-06-29 09:17:01,887 [WARN] PackLoader:240 - Cannot read IP mode file for STMicroelectronics.X-CUBE-TCPP.4.1.0
2025-06-29 09:17:01,892 [WARN] PackLoader:240 - Cannot read IP mode file for STMicroelectronics.X-CUBE-AI.10.1.0
2025-06-29 09:17:01,945 [WARN] PackLoader:240 - Cannot read IP mode file for STMicroelectronics.X-CUBE-MEMS1.11.2.0
2025-06-29 09:17:02,157 [WARN] PackLoader:240 - Cannot read IP mode file for STMicroelectronics.X-CUBE-AZRTOS-G0.1.1.0
2025-06-29 09:17:02,168 [WARN] PackLoader:240 - Cannot read IP mode file for STMicroelectronics.X-CUBE-SAFEA1.1.2.2
2025-06-29 09:17:02,178 [WARN] PackLoader:240 - Cannot read IP mode file for STMicroelectronics.X-CUBE-NFC4.3.0.0
2025-06-29 09:17:02,189 [WARN] PackLoader:240 - Cannot read IP mode file for EmbeddedOffice.I-CUBE-FS-RTOS.1.0.1
2025-06-29 09:17:02,190 [ERROR] ConditionMgr:805 - Attr not supported : Dmpu
2025-06-29 09:17:02,191 [ERROR] ConditionMgr:805 - Attr not supported : Dmpu
2025-06-29 09:17:02,191 [ERROR] ConditionMgr:805 - Attr not supported : Dmpu
2025-06-29 09:17:02,191 [ERROR] ConditionMgr:805 - Attr not supported : Dmpu
2025-06-29 09:17:02,191 [ERROR] ConditionMgr:805 - Attr not supported : Dmpu
2025-06-29 09:17:02,191 [ERROR] ConditionMgr:805 - Attr not supported : Dmpu
2025-06-29 09:17:02,191 [ERROR] ConditionMgr:805 - Attr not supported : Dmpu
2025-06-29 09:17:02,191 [ERROR] ConditionMgr:805 - Attr not supported : Dmpu
2025-06-29 09:17:02,191 [ERROR] ConditionMgr:805 - Attr not supported : Dmpu
2025-06-29 09:17:02,191 [ERROR] ConditionMgr:805 - Attr not supported : Dmpu
2025-06-29 09:17:02,191 [ERROR] ConditionMgr:805 - Attr not supported : Dmpu
2025-06-29 09:17:02,191 [ERROR] ConditionMgr:805 - Attr not supported : Dmpu
2025-06-29 09:17:02,191 [ERROR] ConditionMgr:805 - Attr not supported : Dmpu
2025-06-29 09:17:02,191 [ERROR] ConditionMgr:805 - Attr not supported : Dmpu
2025-06-29 09:17:02,192 [ERROR] ConditionMgr:805 - Attr not supported : Dmpu
2025-06-29 09:17:02,192 [ERROR] ConditionMgr:805 - Attr not supported : Dmpu
2025-06-29 09:17:02,192 [ERROR] ConditionMgr:805 - Attr not supported : Dmpu
2025-06-29 09:17:02,192 [ERROR] ConditionMgr:805 - Attr not supported : Dmpu
2025-06-29 09:17:02,192 [ERROR] ConditionMgr:805 - Attr not supported : Dmpu
2025-06-29 09:17:02,192 [ERROR] ConditionMgr:805 - Attr not supported : Dmpu
2025-06-29 09:17:02,192 [ERROR] ConditionMgr:805 - Attr not supported : Dmpu
2025-06-29 09:17:02,192 [ERROR] ConditionMgr:805 - Attr not supported : Dmpu
2025-06-29 09:17:02,192 [ERROR] ConditionMgr:805 - Attr not supported : Dmpu
2025-06-29 09:17:02,192 [ERROR] ConditionMgr:805 - Attr not supported : Dmpu
2025-06-29 09:17:02,192 [ERROR] ConditionMgr:805 - Attr not supported : Dmpu
2025-06-29 09:17:02,192 [ERROR] ConditionMgr:805 - Attr not supported : Dmpu
2025-06-29 09:17:02,192 [ERROR] ConditionMgr:805 - Attr not supported : Dmpu
2025-06-29 09:17:02,192 [ERROR] ConditionMgr:805 - Attr not supported : Dmpu
2025-06-29 09:17:02,192 [ERROR] ConditionMgr:805 - Attr not supported : Dmpu
2025-06-29 09:17:02,192 [ERROR] ConditionMgr:805 - Attr not supported : Dmpu
2025-06-29 09:17:02,192 [ERROR] ConditionMgr:805 - Attr not supported : Dmpu
2025-06-29 09:17:02,192 [ERROR] ConditionMgr:805 - Attr not supported : Dmpu
2025-06-29 09:17:02,192 [ERROR] ConditionMgr:805 - Attr not supported : Dmpu
2025-06-29 09:17:02,192 [ERROR] ConditionMgr:805 - Attr not supported : Dmpu
2025-06-29 09:17:02,194 [ERROR] ConditionMgr:805 - Attr not supported : Dmpu
2025-06-29 09:17:02,194 [ERROR] ConditionMgr:805 - Attr not supported : Dmpu
2025-06-29 09:17:02,194 [ERROR] ConditionMgr:805 - Attr not supported : Dmpu
2025-06-29 09:17:02,194 [ERROR] ConditionMgr:805 - Attr not supported : Dmpu
2025-06-29 09:17:02,194 [ERROR] ConditionMgr:805 - Attr not supported : Dmpu
2025-06-29 09:17:02,194 [ERROR] ConditionMgr:805 - Attr not supported : Dmpu
2025-06-29 09:17:02,194 [ERROR] ConditionMgr:805 - Attr not supported : Dmpu
2025-06-29 09:17:02,194 [ERROR] ConditionMgr:805 - Attr not supported : Dmpu
2025-06-29 09:17:02,194 [ERROR] ConditionMgr:805 - Attr not supported : Dmpu
2025-06-29 09:17:02,194 [ERROR] ConditionMgr:805 - Attr not supported : Dmpu
2025-06-29 09:17:02,194 [ERROR] ConditionMgr:805 - Attr not supported : Dmpu
2025-06-29 09:17:02,194 [ERROR] ConditionMgr:805 - Attr not supported : Dmpu
2025-06-29 09:17:02,195 [ERROR] ConditionMgr:805 - Attr not supported : Dmpu
2025-06-29 09:17:02,195 [ERROR] ConditionMgr:805 - Attr not supported : Dmpu
2025-06-29 09:17:02,195 [ERROR] ConditionMgr:805 - Attr not supported : Dmpu
2025-06-29 09:17:02,195 [ERROR] ConditionMgr:805 - Attr not supported : Dmpu
2025-06-29 09:17:02,195 [ERROR] ConditionMgr:805 - Attr not supported : Dmpu
2025-06-29 09:17:02,195 [ERROR] ConditionMgr:805 - Attr not supported : Dmpu
2025-06-29 09:17:02,195 [ERROR] ConditionMgr:805 - Attr not supported : Dmpu
2025-06-29 09:17:02,195 [ERROR] ConditionMgr:805 - Attr not supported : Dmpu
2025-06-29 09:17:02,195 [ERROR] ConditionMgr:805 - Attr not supported : Dmpu
2025-06-29 09:17:02,195 [ERROR] ConditionMgr:805 - Attr not supported : Dmpu
2025-06-29 09:17:02,195 [ERROR] ConditionMgr:805 - Attr not supported : Dmpu
2025-06-29 09:17:02,195 [ERROR] ConditionMgr:805 - Attr not supported : Dmpu
2025-06-29 09:17:02,195 [ERROR] ConditionMgr:805 - Attr not supported : Dmpu
2025-06-29 09:17:02,195 [ERROR] ConditionMgr:805 - Attr not supported : Dmpu
2025-06-29 09:17:02,195 [ERROR] ConditionMgr:805 - Attr not supported : Dmpu
2025-06-29 09:17:02,195 [ERROR] ConditionMgr:805 - Attr not supported : Dmpu
2025-06-29 09:17:02,195 [ERROR] ConditionMgr:805 - Attr not supported : Dmpu
2025-06-29 09:17:02,195 [ERROR] ConditionMgr:805 - Attr not supported : Dmpu
2025-06-29 09:17:02,201 [WARN] PackLoader:240 - Cannot read IP mode file for STMicroelectronics.X-CUBE-WB05N.2.0.0
2025-06-29 09:17:02,206 [ERROR] Engine:466 - C:\Users\tranc\.stm32cubemx\thirdparties\pdsc\STMicroelectronics.X-CUBE-TCPP.4.2.0.pdsc: PDSC version is not supported
2025-06-29 09:17:02,209 [WARN] PackLoader:240 - Cannot read IP mode file for RealThread.X-CUBE-RT-Thread_Nano.4.1.1
2025-06-29 09:17:02,214 [WARN] PackLoader:240 - Cannot read IP mode file for STMicroelectronics.FP-ATR-SIGFOX1.3.2.0
2025-06-29 09:17:02,220 [WARN] ConditionMgr:438 - getConditionDescription Invalid condition id : Cortex-A Device cause : null
2025-06-29 09:17:02,247 [WARN] ConditionMgr:1039 - genDependencies : Invalid condition id : Cortex-A Device cause : null
2025-06-29 09:17:02,247 [WARN] ConditionMgr:1039 - genDependencies : Invalid condition id : Cortex-A Device cause : null
2025-06-29 09:17:02,247 [WARN] ConditionMgr:1039 - genDependencies : Invalid condition id : Cortex-A Device cause : null
2025-06-29 09:17:02,251 [WARN] PackLoader:240 - Cannot read IP mode file for STMicroelectronics.X-CUBE-EEPRMA1.5.1.0
2025-06-29 09:17:02,258 [WARN] PackLoader:240 - Cannot read IP mode file for wolfSSL.I-CUBE-wolfSSL.5.7.4
2025-06-29 09:17:02,265 [WARN] PackLoader:240 - Cannot read IP mode file for ITTIA_DB.I-CUBE-ITTIADB.8.9.0
2025-06-29 09:17:02,268 [ERROR] Engine:466 - C:\Users\tranc\.stm32cubemx\thirdparties\pdsc\STMicroelectronics.X-CUBE-ST67W61.1.0.0.pdsc: PDSC version is not supported
2025-06-29 09:17:02,301 [WARN] PackLoader:240 - Cannot read IP mode file for SEGGER.I-CUBE-embOS.1.3.1
2025-06-29 09:17:02,346 [WARN] PackLoader:240 - Cannot read IP mode file for STMicroelectronics.X-CUBE-ALGOBUILD.1.4.0
2025-06-29 09:17:02,392 [WARN] PackLoader:240 - Cannot read IP mode file for STMicroelectronics.X-CUBE-MEMS1.11.3.0
2025-06-29 09:17:02,554 [WARN] PackLoader:240 - Cannot read IP mode file for STMicroelectronics.X-CUBE-AI.9.1.0
2025-06-29 09:17:02,559 [WARN] PackLoader:240 - Cannot read IP mode file for STMicroelectronics.X-CUBE-PM33A1.1.0.0
2025-06-29 09:17:02,588 [WARN] PackLoader:240 - Cannot read IP mode file for STMicroelectronics.X-CUBE-AZRTOS-F4.1.1.0
2025-06-29 09:17:02,593 [ERROR] Engine:466 - C:\Users\tranc\.stm32cubemx\thirdparties\pdsc\Avnet-IotConnect.X-CUBE-IoTC-DA16k-PMOD.1.0.0.pdsc: PDSC version is not supported
2025-06-29 09:17:02,599 [WARN] PackLoader:240 - Cannot read IP mode file for STMicroelectronics.X-CUBE-ISPU.2.1.0
2025-06-29 09:17:02,608 [WARN] PackLoader:240 - Cannot read IP mode file for STMicroelectronics.X-CUBE-FREERTOS.1.2.0
2025-06-29 09:17:02,637 [WARN] PackLoader:240 - Cannot read IP mode file for STMicroelectronics.X-CUBE-AZRTOS-L5.2.0.0
2025-06-29 09:17:02,650 [WARN] PackLoader:240 - Cannot read IP mode file for STMicroelectronics.X-CUBE-NFC6.3.1.0
2025-06-29 09:17:02,660 [WARN] PackLoader:240 - Cannot read IP mode file for STMicroelectronics.X-CUBE-DPower.1.2.0
2025-06-29 09:17:02,664 [WARN] PackLoader:240 - Cannot read IP mode file for STMicroelectronics.X-CUBE-FREERTOS.1.3.1
2025-06-29 09:17:02,673 [WARN] PackLoader:240 - Cannot read IP mode file for STMicroelectronics.X-CUBE-FREERTOS.1.3.0
2025-06-29 09:17:02,680 [WARN] PackLoader:240 - Cannot read IP mode file for STMicroelectronics.X-CUBE-NFC7.1.0.1
2025-06-29 09:17:02,683 [ERROR] Engine:466 - C:\Users\tranc\.stm32cubemx\thirdparties\pdsc\STMicroelectronics.FP-SNS-STAIOTCFT.1.0.0.pdsc: PDSC version is not supported
2025-06-29 09:17:02,687 [WARN] PackLoader:240 - Cannot read IP mode file for STMicroelectronics.X-CUBE-DPower.1.3.0
2025-06-29 09:17:02,702 [WARN] ConditionMgr:438 - getConditionDescription Invalid condition id : LAN8742 Phy interface Condition cause : null
2025-06-29 09:17:02,703 [WARN] PackLoader:240 - Cannot read IP mode file for STMicroelectronics.X-CUBE-AZRTOS-L4.2.0.0
2025-06-29 09:17:02,703 [WARN] ConditionMgr:1039 - genDependencies : Invalid condition id : LAN8742 Phy interface Condition cause : null
2025-06-29 09:17:02,704 [WARN] ConditionMgr:1039 - genDependencies : Invalid condition id : LAN8742 Phy interface Condition cause : null
2025-06-29 09:17:02,704 [WARN] ConditionMgr:1039 - genDependencies : Invalid condition id : LAN8742 Phy interface Condition cause : null
2025-06-29 09:17:02,715 [WARN] PackLoader:240 - Cannot read IP mode file for STMicroelectronics.X-CUBE-SFXS2LP1.4.0.0
2025-06-29 09:17:02,729 [WARN] PackLoader:240 - Cannot read IP mode file for STMicroelectronics.X-CUBE-AZRTOS-H7.3.3.0
2025-06-29 09:17:02,741 [WARN] PackLoader:240 - Cannot read IP mode file for STMicroelectronics.X-CUBE-IPS.3.0.0
2025-06-29 09:17:02,760 [WARN] ConditionMgr:438 - getConditionDescription Invalid condition id : UX DEVICE CLASS RTOS Condition cause : null
2025-06-29 09:17:02,760 [WARN] ConditionMgr:438 - getConditionDescription Invalid condition id : UX DEVICE CLASS RTOS Condition cause : null
2025-06-29 09:17:02,762 [WARN] PackLoader:240 - Cannot read IP mode file for STMicroelectronics.X-CUBE-AZRTOS-WB.2.0.0
2025-06-29 09:17:02,762 [WARN] ConditionMgr:1039 - genDependencies : Invalid condition id : UX DEVICE CLASS RTOS Condition cause : null
2025-06-29 09:17:02,763 [WARN] ConditionMgr:1039 - genDependencies : Invalid condition id : UX DEVICE CLASS RTOS Condition cause : null
2025-06-29 09:17:02,763 [WARN] ConditionMgr:1039 - genDependencies : Invalid condition id : UX DEVICE CLASS RTOS Condition cause : null
2025-06-29 09:17:02,763 [WARN] ConditionMgr:1039 - genDependencies : Invalid condition id : UX DEVICE CLASS RTOS Condition cause : null
2025-06-29 09:17:02,763 [WARN] ConditionMgr:1039 - genDependencies : Invalid condition id : UX DEVICE CLASS RTOS Condition cause : null
2025-06-29 09:17:02,770 [WARN] PackLoader:240 - Cannot read IP mode file for STMicroelectronics.X-CUBE-GNSS1.7.0.0
2025-06-29 09:17:02,775 [WARN] PackLoader:240 - Cannot read IP mode file for STMicroelectronics.X-CUBE-GNSS1.7.0.1
2025-06-29 09:17:02,785 [WARN] PackLoader:240 - Cannot read IP mode file for STMicroelectronics.X-CUBE-TOUCHGFX.4.25.0
2025-06-29 09:17:02,796 [WARN] PackLoader:240 - Cannot read IP mode file for STMicroelectronics.FP-SNS-STBOX1.2.0.0
2025-06-29 09:17:02,809 [WARN] PackLoader:240 - Cannot read IP mode file for STMicroelectronics.X-CUBE-SUBG2.5.0.0
2025-06-29 09:17:02,836 [WARN] PackLoader:240 - Cannot read IP mode file for STMicroelectronics.X-CUBE-AZRTOS-H7RS.1.1.0
2025-06-29 09:17:02,846 [WARN] PackLoader:240 - Cannot read IP mode file for Cesanta.I-CUBE-Mongoose.7.13.0
2025-06-29 09:17:02,861 [WARN] PackLoader:240 - Cannot read IP mode file for STMicroelectronics.X-CUBE-AZRTOS-G4.2.0.0
2025-06-29 09:17:02,867 [WARN] PackLoader:240 - Cannot read IP mode file for STMicroelectronics.X-CUBE-NFC7.2.0.0
2025-06-29 09:17:02,871 [ERROR] Engine:466 - C:\Users\tranc\.stm32cubemx\thirdparties\pdsc\STMicroelectronics.X-CUBE-IPS.3.1.0.pdsc: PDSC version is not supported
2025-06-29 09:17:02,874 [WARN] PackLoader:240 - Cannot read IP mode file for STMicroelectronics.X-CUBE-ALS.1.0.2
2025-06-29 09:17:02,881 [WARN] PackLoader:240 - Cannot read IP mode file for STMicroelectronics.X-CUBE-TOUCHGFX.4.24.2
2025-06-29 09:17:02,887 [WARN] PackLoader:240 - Cannot read IP mode file for STMicroelectronics.X-CUBE-TOUCHGFX.4.24.1
2025-06-29 09:17:02,892 [WARN] PackLoader:240 - Cannot read IP mode file for wolfSSL.I-CUBE-wolfTPM.3.4.0
2025-06-29 09:17:02,899 [WARN] PackLoader:240 - Cannot read IP mode file for portGmbH.I-Cube-SoM-uGOAL.1.1.0
2025-06-29 09:17:02,915 [WARN] PackLoader:240 - Cannot read IP mode file for STMicroelectronics.X-CUBE-AZRTOS-H7RS.1.0.0
2025-06-29 09:17:02,929 [WARN] PackLoader:240 - Cannot read IP mode file for STMicroelectronics.X-CUBE-TOF1.3.4.2
2025-06-29 09:17:02,941 [ERROR] Engine:466 - C:\Users\tranc\.stm32cubemx\thirdparties\pdsc\STMicroelectronics.X-CUBE-TOF1.3.4.3.pdsc: PDSC version is not supported
2025-06-29 09:17:02,959 [WARN] PackLoader:240 - Cannot read IP mode file for Infineon.AIROC-Wi-Fi-Bluetooth-STM32.1.6.1
2025-06-29 09:17:02,966 [WARN] PackLoader:240 - Cannot read IP mode file for wolfSSL.I-CUBE-wolfSSH.1.4.17
2025-06-29 09:17:02,967 [INFO] ThirdParty:978 - Integrity check success = true
2025-06-29 09:17:02,967 [INFO] IntegrityCheckThread:100 - exiting critical section [integrity check]
2025-06-29 09:17:02,967 [INFO] IntegrityCheckThread:103 - End integrity checks thread
2025-06-29 09:24:49,077 [ERROR] LogOutputStream:75 - [STDERR_REDIRECT] 
