21:54:15 **** Incremental Build of configuration Debug for project STM32F4 ****
make -j12 all 
arm-none-eabi-gcc "../Core/Src/main.c" -mcpu=cortex-m4 -std=gnu11 -g3 -DDEBUG -DUSE_HAL_DRIVER -DSTM32F411xE -c -I../Core/Inc -I../Drivers/STM32F4xx_HAL_Driver/Inc -I../Drivers/STM32F4xx_HAL_Driver/Inc/Legacy -I../Drivers/CMSIS/Device/ST/STM32F4xx/Include -I../Drivers/CMSIS/Include -O0 -ffunction-sections -fdata-sections -Wall -fstack-usage -fcyclomatic-complexity -MMD -MP -MF"Core/Src/main.d" -MT"Core/Src/main.o" --specs=nano.specs -mfpu=fpv4-sp-d16 -mfloat-abi=hard -mthumb -o "Core/Src/main.o"
arm-none-eabi-gcc -o "STM32F4.elf" @"objects.list"   -mcpu=cortex-m4 -T"E:\Tech\Embedded\STM32_REGISTOR\STM32F4\STM32F411VETX_FLASH.ld" --specs=nosys.specs -Wl,-Map="STM32F4.map" -Wl,--gc-sections -static --specs=nano.specs -mfpu=fpv4-sp-d16 -mfloat-abi=hard -mthumb -Wl,--start-group -lc -lm -Wl,--end-group
Finished building target: STM32F4.elf
 
arm-none-eabi-size  STM32F4.elf 
arm-none-eabi-objdump -h -S STM32F4.elf  > "STM32F4.list"
   text	   data	    bss	    dec	    hex	filename
   5040	     12	   1572	   6624	   19e0	STM32F4.elf
Finished building: default.size.stdout
 
Finished building: STM32F4.list
 
21:55:19 **** Incremental Build of configuration Debug for project STM32F4 ****
make -j12 all 
arm-none-eabi-size  STM32F4.elf 
   text	   data	    bss	    dec	    hex	filename
   5040	     12	   1572	   6624	   19e0	STM32F4.elf
Finished building: default.size.stdout
 
